conText v3.0.1 successfully loaded. Note this version of the package comes with significant changes to the conText() function.
                        See Quick Start Guide for help getting started and instructions for accessing older versions of the package:
 https://github.com/prodriguezsosa/conText/blob/master/vignettes/quickstart.md
Package version: 4.3.1
Unicode version: 15.1
ICU version: 74.2
Parallel computing: 2 of 2 threads used.
See https://quanteda.io for tutorials and examples.

Attaching package: 'dplyr'

The following objects are masked from 'package:stats':

    filter, lag

The following objects are masked from 'package:base':

    intersect, setdiff, setequal, union

Task 44 -> topic: 109
6083 instances of "museum" found.
6053 instances of "museum" found.
6022 instances of "museum" found.
5944 instances of "museum" found.
6209 instances of "museum" found.
6076 instances of "museum" found.
6167 instances of "museum" found.
5935 instances of "museum" found.
5995 instances of "museum" found.
5771 instances of "museum" found.
6921 instances of "museum" found.
5678 instances of "museum" found.
6354 instances of "museum" found.
6382 instances of "museum" found.
5945 instances of "museum" found.
6419 instances of "museum" found.
6692 instances of "museum" found.
6066 instances of "museum" found.
6541 instances of "museum" found.
6229 instances of "museum" found.
8268 instances of "art" found.
8628 instances of "art" found.
8372 instances of "art" found.
8422 instances of "art" found.
8743 instances of "art" found.
8658 instances of "art" found.
8432 instances of "art" found.
8102 instances of "art" found.
8342 instances of "art" found.
8260 instances of "art" found.
9386 instances of "art" found.
8318 instances of "art" found.
8611 instances of "art" found.
8306 instances of "art" found.
8114 instances of "art" found.
8402 instances of "art" found.
8838 instances of "art" found.
8376 instances of "art" found.
8630 instances of "art" found.
8329 instances of "art" found.
3121 instances of "artists" found.
3274 instances of "artists" found.
3084 instances of "artists" found.
3270 instances of "artists" found.
3493 instances of "artists" found.
3235 instances of "artists" found.
3117 instances of "artists" found.
3038 instances of "artists" found.
2946 instances of "artists" found.
3295 instances of "artists" found.
3450 instances of "artists" found.
3280 instances of "artists" found.
3282 instances of "artists" found.
3364 instances of "artists" found.
3277 instances of "artists" found.
3232 instances of "artists" found.
3294 instances of "artists" found.
3207 instances of "artists" found.
3413 instances of "artists" found.
3391 instances of "artists" found.
2143 instances of "exhibition" found.
2256 instances of "exhibition" found.
2034 instances of "exhibition" found.
2158 instances of "exhibition" found.
2202 instances of "exhibition" found.
2170 instances of "exhibition" found.
2087 instances of "exhibition" found.
2015 instances of "exhibition" found.
2144 instances of "exhibition" found.
2080 instances of "exhibition" found.
2501 instances of "exhibition" found.
2031 instances of "exhibition" found.
2138 instances of "exhibition" found.
2126 instances of "exhibition" found.
2226 instances of "exhibition" found.
2159 instances of "exhibition" found.
2265 instances of "exhibition" found.
2031 instances of "exhibition" found.
2110 instances of "exhibition" found.
2239 instances of "exhibition" found.
2169 instances of "gallery" found.
2422 instances of "gallery" found.
2165 instances of "gallery" found.
2109 instances of "gallery" found.
2406 instances of "gallery" found.
2313 instances of "gallery" found.
2099 instances of "gallery" found.
2262 instances of "gallery" found.
2165 instances of "gallery" found.
2412 instances of "gallery" found.
2514 instances of "gallery" found.
2337 instances of "gallery" found.
2186 instances of "gallery" found.
2196 instances of "gallery" found.
2257 instances of "gallery" found.
2209 instances of "gallery" found.
2550 instances of "gallery" found.
2279 instances of "gallery" found.
2333 instances of "gallery" found.
2338 instances of "gallery" found.
933 instances of "exhibit" found.
943 instances of "exhibit" found.
906 instances of "exhibit" found.
943 instances of "exhibit" found.
945 instances of "exhibit" found.
974 instances of "exhibit" found.
910 instances of "exhibit" found.
1046 instances of "exhibit" found.
985 instances of "exhibit" found.
938 instances of "exhibit" found.
969 instances of "exhibit" found.
992 instances of "exhibit" found.
946 instances of "exhibit" found.
1057 instances of "exhibit" found.
1077 instances of "exhibit" found.
972 instances of "exhibit" found.
1055 instances of "exhibit" found.
935 instances of "exhibit" found.
970 instances of "exhibit" found.
1130 instances of "exhibit" found.
770 instances of "museums" found.
744 instances of "museums" found.
777 instances of "museums" found.
717 instances of "museums" found.
742 instances of "museums" found.
699 instances of "museums" found.
696 instances of "museums" found.
633 instances of "museums" found.
709 instances of "museums" found.
706 instances of "museums" found.
790 instances of "museums" found.
644 instances of "museums" found.
733 instances of "museums" found.
719 instances of "museums" found.
722 instances of "museums" found.
711 instances of "museums" found.
743 instances of "museums" found.
669 instances of "museums" found.
776 instances of "museums" found.
748 instances of "museums" found.
507 instances of "galleries" found.
642 instances of "galleries" found.
583 instances of "galleries" found.
566 instances of "galleries" found.
628 instances of "galleries" found.
618 instances of "galleries" found.
613 instances of "galleries" found.
512 instances of "galleries" found.
615 instances of "galleries" found.
594 instances of "galleries" found.
637 instances of "galleries" found.
611 instances of "galleries" found.
529 instances of "galleries" found.
629 instances of "galleries" found.
577 instances of "galleries" found.
616 instances of "galleries" found.
583 instances of "galleries" found.
552 instances of "galleries" found.
564 instances of "galleries" found.
573 instances of "galleries" found.
546 instances of "smithsonian" found.
547 instances of "smithsonian" found.
468 instances of "smithsonian" found.
537 instances of "smithsonian" found.
419 instances of "smithsonian" found.
506 instances of "smithsonian" found.
479 instances of "smithsonian" found.
501 instances of "smithsonian" found.
423 instances of "smithsonian" found.
553 instances of "smithsonian" found.
560 instances of "smithsonian" found.
515 instances of "smithsonian" found.
525 instances of "smithsonian" found.
514 instances of "smithsonian" found.
514 instances of "smithsonian" found.
424 instances of "smithsonian" found.
564 instances of "smithsonian" found.
462 instances of "smithsonian" found.
597 instances of "smithsonian" found.
493 instances of "smithsonian" found.
466 instances of "curator" found.
521 instances of "curator" found.
483 instances of "curator" found.
549 instances of "curator" found.
546 instances of "curator" found.
536 instances of "curator" found.
514 instances of "curator" found.
520 instances of "curator" found.
562 instances of "curator" found.
523 instances of "curator" found.
543 instances of "curator" found.
514 instances of "curator" found.
570 instances of "curator" found.
567 instances of "curator" found.
510 instances of "curator" found.
503 instances of "curator" found.
524 instances of "curator" found.
506 instances of "curator" found.
543 instances of "curator" found.
488 instances of "curator" found.
376 instances of "artifacts" found.
391 instances of "artifacts" found.
378 instances of "artifacts" found.
366 instances of "artifacts" found.
361 instances of "artifacts" found.
272 instances of "artifacts" found.
308 instances of "artifacts" found.
367 instances of "artifacts" found.
286 instances of "artifacts" found.
317 instances of "artifacts" found.
363 instances of "artifacts" found.
339 instances of "artifacts" found.
308 instances of "artifacts" found.
383 instances of "artifacts" found.
326 instances of "artifacts" found.
332 instances of "artifacts" found.
355 instances of "artifacts" found.
336 instances of "artifacts" found.
358 instances of "artifacts" found.
425 instances of "artifacts" found.
400 instances of "exhibitions" found.
364 instances of "exhibitions" found.
347 instances of "exhibitions" found.
367 instances of "exhibitions" found.
325 instances of "exhibitions" found.
313 instances of "exhibitions" found.
382 instances of "exhibitions" found.
352 instances of "exhibitions" found.
399 instances of "exhibitions" found.
377 instances of "exhibitions" found.
412 instances of "exhibitions" found.
386 instances of "exhibitions" found.
402 instances of "exhibitions" found.
385 instances of "exhibitions" found.
379 instances of "exhibitions" found.
392 instances of "exhibitions" found.
431 instances of "exhibitions" found.
363 instances of "exhibitions" found.
387 instances of "exhibitions" found.
404 instances of "exhibitions" found.
363 instances of "exhibits" found.
452 instances of "exhibits" found.
364 instances of "exhibits" found.
473 instances of "exhibits" found.
374 instances of "exhibits" found.
448 instances of "exhibits" found.
355 instances of "exhibits" found.
451 instances of "exhibits" found.
346 instances of "exhibits" found.
360 instances of "exhibits" found.
436 instances of "exhibits" found.
442 instances of "exhibits" found.
436 instances of "exhibits" found.
560 instances of "exhibits" found.
330 instances of "exhibits" found.
390 instances of "exhibits" found.
376 instances of "exhibits" found.
450 instances of "exhibits" found.
438 instances of "exhibits" found.
540 instances of "exhibits" found.
649 instances of "collections" found.
682 instances of "collections" found.
526 instances of "collections" found.
677 instances of "collections" found.
634 instances of "collections" found.
597 instances of "collections" found.
594 instances of "collections" found.
571 instances of "collections" found.
665 instances of "collections" found.
675 instances of "collections" found.
642 instances of "collections" found.
674 instances of "collections" found.
632 instances of "collections" found.
625 instances of "collections" found.
606 instances of "collections" found.
629 instances of "collections" found.
703 instances of "collections" found.
608 instances of "collections" found.
636 instances of "collections" found.
630 instances of "collections" found.
421 instances of "collectors" found.
485 instances of "collectors" found.
443 instances of "collectors" found.
467 instances of "collectors" found.
453 instances of "collectors" found.
444 instances of "collectors" found.
493 instances of "collectors" found.
407 instances of "collectors" found.
439 instances of "collectors" found.
466 instances of "collectors" found.
426 instances of "collectors" found.
450 instances of "collectors" found.
411 instances of "collectors" found.
467 instances of "collectors" found.
472 instances of "collectors" found.
486 instances of "collectors" found.
447 instances of "collectors" found.
409 instances of "collectors" found.
526 instances of "collectors" found.
410 instances of "collectors" found.
269 instances of "metropolitan-museum" found.
296 instances of "metropolitan-museum" found.
264 instances of "metropolitan-museum" found.
271 instances of "metropolitan-museum" found.
336 instances of "metropolitan-museum" found.
652 instances of "metropolitan-museum" found.
319 instances of "metropolitan-museum" found.
234 instances of "metropolitan-museum" found.
224 instances of "metropolitan-museum" found.
315 instances of "metropolitan-museum" found.
307 instances of "metropolitan-museum" found.
285 instances of "metropolitan-museum" found.
298 instances of "metropolitan-museum" found.
299 instances of "metropolitan-museum" found.
265 instances of "metropolitan-museum" found.
264 instances of "metropolitan-museum" found.
255 instances of "metropolitan-museum" found.
254 instances of "metropolitan-museum" found.
255 instances of "metropolitan-museum" found.
302 instances of "metropolitan-museum" found.
410 instances of "sculptures" found.
436 instances of "sculptures" found.
404 instances of "sculptures" found.
455 instances of "sculptures" found.
511 instances of "sculptures" found.
450 instances of "sculptures" found.
482 instances of "sculptures" found.
440 instances of "sculptures" found.
432 instances of "sculptures" found.
455 instances of "sculptures" found.
532 instances of "sculptures" found.
405 instances of "sculptures" found.
427 instances of "sculptures" found.
528 instances of "sculptures" found.
468 instances of "sculptures" found.
414 instances of "sculptures" found.
477 instances of "sculptures" found.
490 instances of "sculptures" found.
509 instances of "sculptures" found.
457 instances of "sculptures" found.
296 instances of "art-museum" found.
370 instances of "art-museum" found.
336 instances of "art-museum" found.
291 instances of "art-museum" found.
317 instances of "art-museum" found.
359 instances of "art-museum" found.
285 instances of "art-museum" found.
384 instances of "art-museum" found.
341 instances of "art-museum" found.
300 instances of "art-museum" found.
420 instances of "art-museum" found.
323 instances of "art-museum" found.
378 instances of "art-museum" found.
387 instances of "art-museum" found.
319 instances of "art-museum" found.
329 instances of "art-museum" found.
344 instances of "art-museum" found.
321 instances of "art-museum" found.
394 instances of "art-museum" found.
408 instances of "art-museum" found.
210 instances of "contemporary-art" found.
285 instances of "contemporary-art" found.
226 instances of "contemporary-art" found.
271 instances of "contemporary-art" found.
257 instances of "contemporary-art" found.
246 instances of "contemporary-art" found.
255 instances of "contemporary-art" found.
235 instances of "contemporary-art" found.
288 instances of "contemporary-art" found.
324 instances of "contemporary-art" found.
323 instances of "contemporary-art" found.
241 instances of "contemporary-art" found.
293 instances of "contemporary-art" found.
297 instances of "contemporary-art" found.
270 instances of "contemporary-art" found.
280 instances of "contemporary-art" found.
323 instances of "contemporary-art" found.
275 instances of "contemporary-art" found.
295 instances of "contemporary-art" found.
272 instances of "contemporary-art" found.
296 instances of "national-gallery" found.
326 instances of "national-gallery" found.
284 instances of "national-gallery" found.
320 instances of "national-gallery" found.
301 instances of "national-gallery" found.
313 instances of "national-gallery" found.
281 instances of "national-gallery" found.
268 instances of "national-gallery" found.
272 instances of "national-gallery" found.
315 instances of "national-gallery" found.
338 instances of "national-gallery" found.
286 instances of "national-gallery" found.
306 instances of "national-gallery" found.
358 instances of "national-gallery" found.
277 instances of "national-gallery" found.
254 instances of "national-gallery" found.
330 instances of "national-gallery" found.
352 instances of "national-gallery" found.
336 instances of "national-gallery" found.
316 instances of "national-gallery" found.
316 instances of "artwork" found.
217 instances of "artwork" found.
240 instances of "artwork" found.
291 instances of "artwork" found.
298 instances of "artwork" found.
261 instances of "artwork" found.
288 instances of "artwork" found.
298 instances of "artwork" found.
264 instances of "artwork" found.
306 instances of "artwork" found.
286 instances of "artwork" found.
284 instances of "artwork" found.
302 instances of "artwork" found.
265 instances of "artwork" found.
259 instances of "artwork" found.
275 instances of "artwork" found.
272 instances of "artwork" found.
331 instances of "artwork" found.
327 instances of "artwork" found.
300 instances of "artwork" found.
299 instances of "modern-art" found.
359 instances of "modern-art" found.
319 instances of "modern-art" found.
334 instances of "modern-art" found.
337 instances of "modern-art" found.
385 instances of "modern-art" found.
323 instances of "modern-art" found.
257 instances of "modern-art" found.
278 instances of "modern-art" found.
302 instances of "modern-art" found.
385 instances of "modern-art" found.
323 instances of "modern-art" found.
324 instances of "modern-art" found.
316 instances of "modern-art" found.
352 instances of "modern-art" found.
330 instances of "modern-art" found.
350 instances of "modern-art" found.
327 instances of "modern-art" found.
336 instances of "modern-art" found.
312 instances of "modern-art" found.
131 instances of "ceramics" found.
158 instances of "ceramics" found.
147 instances of "ceramics" found.
171 instances of "ceramics" found.
156 instances of "ceramics" found.
149 instances of "ceramics" found.
172 instances of "ceramics" found.
177 instances of "ceramics" found.
188 instances of "ceramics" found.
147 instances of "ceramics" found.
195 instances of "ceramics" found.
192 instances of "ceramics" found.
149 instances of "ceramics" found.
156 instances of "ceramics" found.
147 instances of "ceramics" found.
251 instances of "ceramics" found.
160 instances of "ceramics" found.
175 instances of "ceramics" found.
157 instances of "ceramics" found.
187 instances of "ceramics" found.
240 instances of "fine-arts" found.
240 instances of "fine-arts" found.
236 instances of "fine-arts" found.
228 instances of "fine-arts" found.
254 instances of "fine-arts" found.
257 instances of "fine-arts" found.
238 instances of "fine-arts" found.
267 instances of "fine-arts" found.
214 instances of "fine-arts" found.
230 instances of "fine-arts" found.
256 instances of "fine-arts" found.
267 instances of "fine-arts" found.
251 instances of "fine-arts" found.
256 instances of "fine-arts" found.
256 instances of "fine-arts" found.
258 instances of "fine-arts" found.
291 instances of "fine-arts" found.
245 instances of "fine-arts" found.
253 instances of "fine-arts" found.
235 instances of "fine-arts" found.
169 instances of "curators" found.
166 instances of "curators" found.
156 instances of "curators" found.
199 instances of "curators" found.
184 instances of "curators" found.
148 instances of "curators" found.
190 instances of "curators" found.
151 instances of "curators" found.
172 instances of "curators" found.
139 instances of "curators" found.
161 instances of "curators" found.
159 instances of "curators" found.
159 instances of "curators" found.
182 instances of "curators" found.
189 instances of "curators" found.
154 instances of "curators" found.
203 instances of "curators" found.
171 instances of "curators" found.
152 instances of "curators" found.
150 instances of "curators" found.
125 instances of "national-endowment" found.
113 instances of "national-endowment" found.
96 instances of "national-endowment" found.
89 instances of "national-endowment" found.
111 instances of "national-endowment" found.
125 instances of "national-endowment" found.
116 instances of "national-endowment" found.
110 instances of "national-endowment" found.
125 instances of "national-endowment" found.
124 instances of "national-endowment" found.
120 instances of "national-endowment" found.
89 instances of "national-endowment" found.
113 instances of "national-endowment" found.
102 instances of "national-endowment" found.
119 instances of "national-endowment" found.
96 instances of "national-endowment" found.
109 instances of "national-endowment" found.
118 instances of "national-endowment" found.
105 instances of "national-endowment" found.
119 instances of "national-endowment" found.
125 instances of "moma" found.
166 instances of "moma" found.
153 instances of "moma" found.
174 instances of "moma" found.
114 instances of "moma" found.
136 instances of "moma" found.
117 instances of "moma" found.
135 instances of "moma" found.
80 instances of "moma" found.
85 instances of "moma" found.
125 instances of "moma" found.
100 instances of "moma" found.
94 instances of "moma" found.
132 instances of "moma" found.
121 instances of "moma" found.
130 instances of "moma" found.
185 instances of "moma" found.
133 instances of "moma" found.
142 instances of "moma" found.
124 instances of "moma" found.
133 instances of "hirshhorn" found.
119 instances of "hirshhorn" found.
105 instances of "hirshhorn" found.
98 instances of "hirshhorn" found.
95 instances of "hirshhorn" found.
99 instances of "hirshhorn" found.
102 instances of "hirshhorn" found.
128 instances of "hirshhorn" found.
101 instances of "hirshhorn" found.
85 instances of "hirshhorn" found.
125 instances of "hirshhorn" found.
73 instances of "hirshhorn" found.
83 instances of "hirshhorn" found.
103 instances of "hirshhorn" found.
116 instances of "hirshhorn" found.
79 instances of "hirshhorn" found.
126 instances of "hirshhorn" found.
120 instances of "hirshhorn" found.
117 instances of "hirshhorn" found.
87 instances of "hirshhorn" found.
118 instances of "smithsonian-institution" found.
145 instances of "smithsonian-institution" found.
146 instances of "smithsonian-institution" found.
114 instances of "smithsonian-institution" found.
116 instances of "smithsonian-institution" found.
124 instances of "smithsonian-institution" found.
138 instances of "smithsonian-institution" found.
125 instances of "smithsonian-institution" found.
132 instances of "smithsonian-institution" found.
127 instances of "smithsonian-institution" found.
123 instances of "smithsonian-institution" found.
114 instances of "smithsonian-institution" found.
110 instances of "smithsonian-institution" found.
117 instances of "smithsonian-institution" found.
132 instances of "smithsonian-institution" found.
102 instances of "smithsonian-institution" found.
127 instances of "smithsonian-institution" found.
120 instances of "smithsonian-institution" found.
141 instances of "smithsonian-institution" found.
124 instances of "smithsonian-institution" found.
87 instances of "sculpture-garden" found.
84 instances of "sculpture-garden" found.
79 instances of "sculpture-garden" found.
83 instances of "sculpture-garden" found.
74 instances of "sculpture-garden" found.
85 instances of "sculpture-garden" found.
86 instances of "sculpture-garden" found.
114 instances of "sculpture-garden" found.
88 instances of "sculpture-garden" found.
86 instances of "sculpture-garden" found.
99 instances of "sculpture-garden" found.
81 instances of "sculpture-garden" found.
87 instances of "sculpture-garden" found.
91 instances of "sculpture-garden" found.
74 instances of "sculpture-garden" found.
84 instances of "sculpture-garden" found.
91 instances of "sculpture-garden" found.
89 instances of "sculpture-garden" found.
116 instances of "sculpture-garden" found.
93 instances of "sculpture-garden" found.
178 instances of "art-gallery" found.
207 instances of "art-gallery" found.
168 instances of "art-gallery" found.
174 instances of "art-gallery" found.
187 instances of "art-gallery" found.
203 instances of "art-gallery" found.
168 instances of "art-gallery" found.
194 instances of "art-gallery" found.
154 instances of "art-gallery" found.
160 instances of "art-gallery" found.
209 instances of "art-gallery" found.
161 instances of "art-gallery" found.
162 instances of "art-gallery" found.
185 instances of "art-gallery" found.
168 instances of "art-gallery" found.
187 instances of "art-gallery" found.
196 instances of "art-gallery" found.
174 instances of "art-gallery" found.
190 instances of "art-gallery" found.
179 instances of "art-gallery" found.
155 instances of "artworks" found.
163 instances of "artworks" found.
145 instances of "artworks" found.
157 instances of "artworks" found.
148 instances of "artworks" found.
154 instances of "artworks" found.
189 instances of "artworks" found.
161 instances of "artworks" found.
190 instances of "artworks" found.
162 instances of "artworks" found.
167 instances of "artworks" found.
133 instances of "artworks" found.
177 instances of "artworks" found.
196 instances of "artworks" found.
149 instances of "artworks" found.
164 instances of "artworks" found.
177 instances of "artworks" found.
145 instances of "artworks" found.
175 instances of "artworks" found.
164 instances of "artworks" found.
75 instances of "nea" found.
113 instances of "nea" found.
88 instances of "nea" found.
87 instances of "nea" found.
95 instances of "nea" found.
69 instances of "nea" found.
86 instances of "nea" found.
104 instances of "nea" found.
104 instances of "nea" found.
54 instances of "nea" found.
110 instances of "nea" found.
51 instances of "nea" found.
164 instances of "nea" found.
20 instances of "nea" found.
81 instances of "nea" found.
166 instances of "nea" found.
148 instances of "nea" found.
121 instances of "nea" found.
66 instances of "nea" found.
72 instances of "nea" found.
107 instances of "permanent-collection" found.
163 instances of "permanent-collection" found.
129 instances of "permanent-collection" found.
141 instances of "permanent-collection" found.
118 instances of "permanent-collection" found.
83 instances of "permanent-collection" found.
115 instances of "permanent-collection" found.
70 instances of "permanent-collection" found.
139 instances of "permanent-collection" found.
67 instances of "permanent-collection" found.
109 instances of "permanent-collection" found.
134 instances of "permanent-collection" found.
136 instances of "permanent-collection" found.
146 instances of "permanent-collection" found.
106 instances of "permanent-collection" found.
123 instances of "permanent-collection" found.
111 instances of "permanent-collection" found.
142 instances of "permanent-collection" found.
147 instances of "permanent-collection" found.
152 instances of "permanent-collection" found.
105 instances of "watercolors" found.
124 instances of "watercolors" found.
98 instances of "watercolors" found.
109 instances of "watercolors" found.
94 instances of "watercolors" found.
101 instances of "watercolors" found.
97 instances of "watercolors" found.
106 instances of "watercolors" found.
93 instances of "watercolors" found.
103 instances of "watercolors" found.
133 instances of "watercolors" found.
131 instances of "watercolors" found.
84 instances of "watercolors" found.
107 instances of "watercolors" found.
134 instances of "watercolors" found.
100 instances of "watercolors" found.
142 instances of "watercolors" found.
112 instances of "watercolors" found.
131 instances of "watercolors" found.
121 instances of "watercolors" found.
59 instances of "mixed-media" found.
69 instances of "mixed-media" found.
49 instances of "mixed-media" found.
49 instances of "mixed-media" found.
74 instances of "mixed-media" found.
64 instances of "mixed-media" found.
44 instances of "mixed-media" found.
77 instances of "mixed-media" found.
74 instances of "mixed-media" found.
52 instances of "mixed-media" found.
68 instances of "mixed-media" found.
67 instances of "mixed-media" found.
52 instances of "mixed-media" found.
49 instances of "mixed-media" found.
62 instances of "mixed-media" found.
65 instances of "mixed-media" found.
52 instances of "mixed-media" found.
61 instances of "mixed-media" found.
64 instances of "mixed-media" found.
60 instances of "mixed-media" found.
Saved topic: 109
