conText v3.0.1 successfully loaded. Note this version of the package comes with significant changes to the conText() function.
                        See Quick Start Guide for help getting started and instructions for accessing older versions of the package:
 https://github.com/prodriguezsosa/conText/blob/master/vignettes/quickstart.md
Package version: 4.3.1
Unicode version: 15.1
ICU version: 74.2
Parallel computing: 2 of 2 threads used.
See https://quanteda.io for tutorials and examples.

Attaching package: 'dplyr'

The following objects are masked from 'package:stats':

    filter, lag

The following objects are masked from 'package:base':

    intersect, setdiff, setequal, union

Task 67 -> topic: 174
Processing topic: 174
6994 instances of "budget" found.
7512 instances of "budget" found.
7348 instances of "budget" found.
7429 instances of "budget" found.
7034 instances of "budget" found.
7356 instances of "budget" found.
7035 instances of "budget" found.
7127 instances of "budget" found.
7576 instances of "budget" found.
7440 instances of "budget" found.
7501 instances of "budget" found.
6968 instances of "budget" found.
7861 instances of "budget" found.
7416 instances of "budget" found.
7293 instances of "budget" found.
7135 instances of "budget" found.
7733 instances of "budget" found.
6918 instances of "budget" found.
7613 instances of "budget" found.
7229 instances of "budget" found.
2819 instances of "cuts" found.
3038 instances of "cuts" found.
2868 instances of "cuts" found.
2983 instances of "cuts" found.
2889 instances of "cuts" found.
2987 instances of "cuts" found.
3024 instances of "cuts" found.
2815 instances of "cuts" found.
2918 instances of "cuts" found.
2919 instances of "cuts" found.
3027 instances of "cuts" found.
2904 instances of "cuts" found.
3045 instances of "cuts" found.
2975 instances of "cuts" found.
3069 instances of "cuts" found.
2826 instances of "cuts" found.
2954 instances of "cuts" found.
2903 instances of "cuts" found.
3140 instances of "cuts" found.
2861 instances of "cuts" found.
2960 instances of "fiscal" found.
3042 instances of "fiscal" found.
3130 instances of "fiscal" found.
3226 instances of "fiscal" found.
2986 instances of "fiscal" found.
3191 instances of "fiscal" found.
3087 instances of "fiscal" found.
3083 instances of "fiscal" found.
3055 instances of "fiscal" found.
3203 instances of "fiscal" found.
3266 instances of "fiscal" found.
2910 instances of "fiscal" found.
3156 instances of "fiscal" found.
3107 instances of "fiscal" found.
3157 instances of "fiscal" found.
3050 instances of "fiscal" found.
3192 instances of "fiscal" found.
3189 instances of "fiscal" found.
3141 instances of "fiscal" found.
2926 instances of "fiscal" found.
1830 instances of "deficit" found.
1834 instances of "deficit" found.
1915 instances of "deficit" found.
1793 instances of "deficit" found.
1744 instances of "deficit" found.
1894 instances of "deficit" found.
1791 instances of "deficit" found.
2034 instances of "deficit" found.
1853 instances of "deficit" found.
1782 instances of "deficit" found.
1690 instances of "deficit" found.
1824 instances of "deficit" found.
1871 instances of "deficit" found.
1966 instances of "deficit" found.
1889 instances of "deficit" found.
1792 instances of "deficit" found.
1867 instances of "deficit" found.
1850 instances of "deficit" found.
1905 instances of "deficit" found.
1819 instances of "deficit" found.
798 instances of "tax-cuts" found.
874 instances of "tax-cuts" found.
782 instances of "tax-cuts" found.
751 instances of "tax-cuts" found.
793 instances of "tax-cuts" found.
722 instances of "tax-cuts" found.
814 instances of "tax-cuts" found.
822 instances of "tax-cuts" found.
777 instances of "tax-cuts" found.
782 instances of "tax-cuts" found.
724 instances of "tax-cuts" found.
690 instances of "tax-cuts" found.
748 instances of "tax-cuts" found.
839 instances of "tax-cuts" found.
765 instances of "tax-cuts" found.
742 instances of "tax-cuts" found.
767 instances of "tax-cuts" found.
732 instances of "tax-cuts" found.
853 instances of "tax-cuts" found.
761 instances of "tax-cuts" found.
516 instances of "deficits" found.
588 instances of "deficits" found.
485 instances of "deficits" found.
551 instances of "deficits" found.
535 instances of "deficits" found.
629 instances of "deficits" found.
515 instances of "deficits" found.
575 instances of "deficits" found.
552 instances of "deficits" found.
520 instances of "deficits" found.
606 instances of "deficits" found.
542 instances of "deficits" found.
566 instances of "deficits" found.
572 instances of "deficits" found.
579 instances of "deficits" found.
594 instances of "deficits" found.
553 instances of "deficits" found.
598 instances of "deficits" found.
601 instances of "deficits" found.
502 instances of "deficits" found.
727 instances of "surplus" found.
686 instances of "surplus" found.
690 instances of "surplus" found.
660 instances of "surplus" found.
681 instances of "surplus" found.
707 instances of "surplus" found.
666 instances of "surplus" found.
653 instances of "surplus" found.
725 instances of "surplus" found.
610 instances of "surplus" found.
661 instances of "surplus" found.
605 instances of "surplus" found.
644 instances of "surplus" found.
715 instances of "surplus" found.
689 instances of "surplus" found.
589 instances of "surplus" found.
725 instances of "surplus" found.
730 instances of "surplus" found.
706 instances of "surplus" found.
701 instances of "surplus" found.
374 instances of "tax-increases" found.
386 instances of "tax-increases" found.
346 instances of "tax-increases" found.
410 instances of "tax-increases" found.
309 instances of "tax-increases" found.
369 instances of "tax-increases" found.
367 instances of "tax-increases" found.
370 instances of "tax-increases" found.
382 instances of "tax-increases" found.
353 instances of "tax-increases" found.
384 instances of "tax-increases" found.
374 instances of "tax-increases" found.
377 instances of "tax-increases" found.
409 instances of "tax-increases" found.
382 instances of "tax-increases" found.
335 instances of "tax-increases" found.
376 instances of "tax-increases" found.
323 instances of "tax-increases" found.
391 instances of "tax-increases" found.
378 instances of "tax-increases" found.
286 instances of "spending-cuts" found.
340 instances of "spending-cuts" found.
296 instances of "spending-cuts" found.
336 instances of "spending-cuts" found.
268 instances of "spending-cuts" found.
297 instances of "spending-cuts" found.
296 instances of "spending-cuts" found.
286 instances of "spending-cuts" found.
331 instances of "spending-cuts" found.
344 instances of "spending-cuts" found.
297 instances of "spending-cuts" found.
286 instances of "spending-cuts" found.
338 instances of "spending-cuts" found.
335 instances of "spending-cuts" found.
303 instances of "spending-cuts" found.
293 instances of "spending-cuts" found.
299 instances of "spending-cuts" found.
269 instances of "spending-cuts" found.
370 instances of "spending-cuts" found.
334 instances of "spending-cuts" found.
280 instances of "budget-deficit" found.
319 instances of "budget-deficit" found.
331 instances of "budget-deficit" found.
298 instances of "budget-deficit" found.
293 instances of "budget-deficit" found.
335 instances of "budget-deficit" found.
300 instances of "budget-deficit" found.
342 instances of "budget-deficit" found.
262 instances of "budget-deficit" found.
342 instances of "budget-deficit" found.
344 instances of "budget-deficit" found.
307 instances of "budget-deficit" found.
316 instances of "budget-deficit" found.
340 instances of "budget-deficit" found.
324 instances of "budget-deficit" found.
291 instances of "budget-deficit" found.
337 instances of "budget-deficit" found.
306 instances of "budget-deficit" found.
340 instances of "budget-deficit" found.
335 instances of "budget-deficit" found.
303 instances of "budget-cuts" found.
286 instances of "budget-cuts" found.
278 instances of "budget-cuts" found.
328 instances of "budget-cuts" found.
303 instances of "budget-cuts" found.
291 instances of "budget-cuts" found.
295 instances of "budget-cuts" found.
299 instances of "budget-cuts" found.
277 instances of "budget-cuts" found.
321 instances of "budget-cuts" found.
273 instances of "budget-cuts" found.
294 instances of "budget-cuts" found.
282 instances of "budget-cuts" found.
317 instances of "budget-cuts" found.
281 instances of "budget-cuts" found.
276 instances of "budget-cuts" found.
302 instances of "budget-cuts" found.
276 instances of "budget-cuts" found.
311 instances of "budget-cuts" found.
293 instances of "budget-cuts" found.
263 instances of "debt-ceiling" found.
241 instances of "debt-ceiling" found.
240 instances of "debt-ceiling" found.
279 instances of "debt-ceiling" found.
203 instances of "debt-ceiling" found.
219 instances of "debt-ceiling" found.
232 instances of "debt-ceiling" found.
178 instances of "debt-ceiling" found.
255 instances of "debt-ceiling" found.
255 instances of "debt-ceiling" found.
197 instances of "debt-ceiling" found.
169 instances of "debt-ceiling" found.
246 instances of "debt-ceiling" found.
204 instances of "debt-ceiling" found.
215 instances of "debt-ceiling" found.
191 instances of "debt-ceiling" found.
223 instances of "debt-ceiling" found.
237 instances of "debt-ceiling" found.
238 instances of "debt-ceiling" found.
277 instances of "debt-ceiling" found.
165 instances of "deficit-reduction" found.
202 instances of "deficit-reduction" found.
202 instances of "deficit-reduction" found.
205 instances of "deficit-reduction" found.
167 instances of "deficit-reduction" found.
198 instances of "deficit-reduction" found.
189 instances of "deficit-reduction" found.
181 instances of "deficit-reduction" found.
210 instances of "deficit-reduction" found.
170 instances of "deficit-reduction" found.
212 instances of "deficit-reduction" found.
179 instances of "deficit-reduction" found.
201 instances of "deficit-reduction" found.
182 instances of "deficit-reduction" found.
206 instances of "deficit-reduction" found.
170 instances of "deficit-reduction" found.
151 instances of "deficit-reduction" found.
168 instances of "deficit-reduction" found.
200 instances of "deficit-reduction" found.
212 instances of "deficit-reduction" found.
186 instances of "outlays" found.
248 instances of "outlays" found.
179 instances of "outlays" found.
229 instances of "outlays" found.
228 instances of "outlays" found.
227 instances of "outlays" found.
152 instances of "outlays" found.
207 instances of "outlays" found.
213 instances of "outlays" found.
220 instances of "outlays" found.
206 instances of "outlays" found.
211 instances of "outlays" found.
187 instances of "outlays" found.
252 instances of "outlays" found.
184 instances of "outlays" found.
192 instances of "outlays" found.
246 instances of "outlays" found.
196 instances of "outlays" found.
236 instances of "outlays" found.
219 instances of "outlays" found.
249 instances of "congressional-budget" found.
225 instances of "congressional-budget" found.
270 instances of "congressional-budget" found.
228 instances of "congressional-budget" found.
283 instances of "congressional-budget" found.
228 instances of "congressional-budget" found.
230 instances of "congressional-budget" found.
249 instances of "congressional-budget" found.
264 instances of "congressional-budget" found.
250 instances of "congressional-budget" found.
256 instances of "congressional-budget" found.
233 instances of "congressional-budget" found.
270 instances of "congressional-budget" found.
261 instances of "congressional-budget" found.
282 instances of "congressional-budget" found.
229 instances of "congressional-budget" found.
253 instances of "congressional-budget" found.
255 instances of "congressional-budget" found.
245 instances of "congressional-budget" found.
253 instances of "congressional-budget" found.
143 instances of "debt-limit" found.
95 instances of "debt-limit" found.
143 instances of "debt-limit" found.
221 instances of "debt-limit" found.
148 instances of "debt-limit" found.
134 instances of "debt-limit" found.
100 instances of "debt-limit" found.
109 instances of "debt-limit" found.
142 instances of "debt-limit" found.
170 instances of "debt-limit" found.
147 instances of "debt-limit" found.
94 instances of "debt-limit" found.
150 instances of "debt-limit" found.
169 instances of "debt-limit" found.
117 instances of "debt-limit" found.
158 instances of "debt-limit" found.
101 instances of "debt-limit" found.
123 instances of "debt-limit" found.
189 instances of "debt-limit" found.
170 instances of "debt-limit" found.
193 instances of "cbo" found.
137 instances of "cbo" found.
186 instances of "cbo" found.
171 instances of "cbo" found.
172 instances of "cbo" found.
191 instances of "cbo" found.
118 instances of "cbo" found.
159 instances of "cbo" found.
168 instances of "cbo" found.
146 instances of "cbo" found.
174 instances of "cbo" found.
166 instances of "cbo" found.
183 instances of "cbo" found.
169 instances of "cbo" found.
171 instances of "cbo" found.
134 instances of "cbo" found.
106 instances of "cbo" found.
132 instances of "cbo" found.
177 instances of "cbo" found.
153 instances of "cbo" found.
190 instances of "balanced-budget" found.
176 instances of "balanced-budget" found.
173 instances of "balanced-budget" found.
218 instances of "balanced-budget" found.
157 instances of "balanced-budget" found.
144 instances of "balanced-budget" found.
139 instances of "balanced-budget" found.
183 instances of "balanced-budget" found.
161 instances of "balanced-budget" found.
175 instances of "balanced-budget" found.
166 instances of "balanced-budget" found.
142 instances of "balanced-budget" found.
177 instances of "balanced-budget" found.
184 instances of "balanced-budget" found.
146 instances of "balanced-budget" found.
161 instances of "balanced-budget" found.
196 instances of "balanced-budget" found.
150 instances of "balanced-budget" found.
189 instances of "balanced-budget" found.
163 instances of "balanced-budget" found.
181 instances of "raise-taxes" found.
171 instances of "raise-taxes" found.
151 instances of "raise-taxes" found.
186 instances of "raise-taxes" found.
146 instances of "raise-taxes" found.
182 instances of "raise-taxes" found.
164 instances of "raise-taxes" found.
166 instances of "raise-taxes" found.
174 instances of "raise-taxes" found.
201 instances of "raise-taxes" found.
158 instances of "raise-taxes" found.
196 instances of "raise-taxes" found.
178 instances of "raise-taxes" found.
205 instances of "raise-taxes" found.
190 instances of "raise-taxes" found.
191 instances of "raise-taxes" found.
171 instances of "raise-taxes" found.
185 instances of "raise-taxes" found.
161 instances of "raise-taxes" found.
153 instances of "raise-taxes" found.
137 instances of "budgetary" found.
135 instances of "budgetary" found.
157 instances of "budgetary" found.
146 instances of "budgetary" found.
138 instances of "budgetary" found.
136 instances of "budgetary" found.
134 instances of "budgetary" found.
150 instances of "budgetary" found.
155 instances of "budgetary" found.
150 instances of "budgetary" found.
150 instances of "budgetary" found.
148 instances of "budgetary" found.
139 instances of "budgetary" found.
133 instances of "budgetary" found.
123 instances of "budgetary" found.
139 instances of "budgetary" found.
164 instances of "budgetary" found.
127 instances of "budgetary" found.
160 instances of "budgetary" found.
133 instances of "budgetary" found.
123 instances of "surpluses" found.
170 instances of "surpluses" found.
123 instances of "surpluses" found.
135 instances of "surpluses" found.
140 instances of "surpluses" found.
143 instances of "surpluses" found.
184 instances of "surpluses" found.
133 instances of "surpluses" found.
153 instances of "surpluses" found.
144 instances of "surpluses" found.
164 instances of "surpluses" found.
118 instances of "surpluses" found.
164 instances of "surpluses" found.
177 instances of "surpluses" found.
154 instances of "surpluses" found.
140 instances of "surpluses" found.
163 instances of "surpluses" found.
155 instances of "surpluses" found.
165 instances of "surpluses" found.
156 instances of "surpluses" found.
127 instances of "raising-taxes" found.
127 instances of "raising-taxes" found.
122 instances of "raising-taxes" found.
92 instances of "raising-taxes" found.
101 instances of "raising-taxes" found.
115 instances of "raising-taxes" found.
103 instances of "raising-taxes" found.
104 instances of "raising-taxes" found.
137 instances of "raising-taxes" found.
141 instances of "raising-taxes" found.
130 instances of "raising-taxes" found.
94 instances of "raising-taxes" found.
100 instances of "raising-taxes" found.
133 instances of "raising-taxes" found.
120 instances of "raising-taxes" found.
111 instances of "raising-taxes" found.
97 instances of "raising-taxes" found.
125 instances of "raising-taxes" found.
135 instances of "raising-taxes" found.
117 instances of "raising-taxes" found.
Saved topic: 174
