conText v3.0.1 successfully loaded. Note this version of the package comes with significant changes to the conText() function.
                        See Quick Start Guide for help getting started and instructions for accessing older versions of the package:
 https://github.com/prodriguezsosa/conText/blob/master/vignettes/quickstart.md
Package version: 4.3.1
Unicode version: 15.1
ICU version: 74.2
Parallel computing: 2 of 2 threads used.
See https://quanteda.io for tutorials and examples.

Attaching package: 'dplyr'

The following objects are masked from 'package:stats':

    filter, lag

The following objects are masked from 'package:base':

    intersect, setdiff, setequal, union

Task 62 -> topic: 165
5168 instances of "insurance" found.
5011 instances of "insurance" found.
5043 instances of "insurance" found.
5026 instances of "insurance" found.
5370 instances of "insurance" found.
5043 instances of "insurance" found.
5136 instances of "insurance" found.
5160 instances of "insurance" found.
4987 instances of "insurance" found.
5149 instances of "insurance" found.
4877 instances of "insurance" found.
4936 instances of "insurance" found.
5125 instances of "insurance" found.
5075 instances of "insurance" found.
5011 instances of "insurance" found.
4924 instances of "insurance" found.
5408 instances of "insurance" found.
5293 instances of "insurance" found.
4902 instances of "insurance" found.
5177 instances of "insurance" found.
2555 instances of "coverage" found.
2558 instances of "coverage" found.
2572 instances of "coverage" found.
2644 instances of "coverage" found.
2732 instances of "coverage" found.
2587 instances of "coverage" found.
2514 instances of "coverage" found.
2790 instances of "coverage" found.
2768 instances of "coverage" found.
2732 instances of "coverage" found.
2578 instances of "coverage" found.
2622 instances of "coverage" found.
2745 instances of "coverage" found.
2771 instances of "coverage" found.
2646 instances of "coverage" found.
2616 instances of "coverage" found.
2906 instances of "coverage" found.
2829 instances of "coverage" found.
2468 instances of "coverage" found.
2732 instances of "coverage" found.
1620 instances of "medicare" found.
1928 instances of "medicare" found.
1994 instances of "medicare" found.
1980 instances of "medicare" found.
1736 instances of "medicare" found.
1841 instances of "medicare" found.
1970 instances of "medicare" found.
2189 instances of "medicare" found.
2053 instances of "medicare" found.
2004 instances of "medicare" found.
1926 instances of "medicare" found.
1821 instances of "medicare" found.
1705 instances of "medicare" found.
1718 instances of "medicare" found.
2087 instances of "medicare" found.
1879 instances of "medicare" found.
1750 instances of "medicare" found.
2117 instances of "medicare" found.
1769 instances of "medicare" found.
1927 instances of "medicare" found.
1078 instances of "insurers" found.
1018 instances of "insurers" found.
1115 instances of "insurers" found.
1208 instances of "insurers" found.
1263 instances of "insurers" found.
1068 instances of "insurers" found.
1178 instances of "insurers" found.
1198 instances of "insurers" found.
1176 instances of "insurers" found.
1164 instances of "insurers" found.
1179 instances of "insurers" found.
1129 instances of "insurers" found.
1218 instances of "insurers" found.
1263 instances of "insurers" found.
1085 instances of "insurers" found.
1128 instances of "insurers" found.
1191 instances of "insurers" found.
1201 instances of "insurers" found.
989 instances of "insurers" found.
1211 instances of "insurers" found.
871 instances of "health-insurance" found.
910 instances of "health-insurance" found.
909 instances of "health-insurance" found.
937 instances of "health-insurance" found.
942 instances of "health-insurance" found.
860 instances of "health-insurance" found.
842 instances of "health-insurance" found.
910 instances of "health-insurance" found.
864 instances of "health-insurance" found.
915 instances of "health-insurance" found.
821 instances of "health-insurance" found.
841 instances of "health-insurance" found.
848 instances of "health-insurance" found.
952 instances of "health-insurance" found.
782 instances of "health-insurance" found.
876 instances of "health-insurance" found.
941 instances of "health-insurance" found.
911 instances of "health-insurance" found.
906 instances of "health-insurance" found.
917 instances of "health-insurance" found.
1144 instances of "medicaid" found.
1165 instances of "medicaid" found.
1182 instances of "medicaid" found.
1279 instances of "medicaid" found.
1197 instances of "medicaid" found.
1166 instances of "medicaid" found.
1087 instances of "medicaid" found.
1220 instances of "medicaid" found.
1056 instances of "medicaid" found.
1288 instances of "medicaid" found.
1354 instances of "medicaid" found.
1322 instances of "medicaid" found.
1147 instances of "medicaid" found.
1238 instances of "medicaid" found.
1227 instances of "medicaid" found.
1100 instances of "medicaid" found.
1267 instances of "medicaid" found.
1398 instances of "medicaid" found.
1326 instances of "medicaid" found.
1236 instances of "medicaid" found.
624 instances of "premiums" found.
606 instances of "premiums" found.
647 instances of "premiums" found.
626 instances of "premiums" found.
655 instances of "premiums" found.
670 instances of "premiums" found.
615 instances of "premiums" found.
671 instances of "premiums" found.
621 instances of "premiums" found.
639 instances of "premiums" found.
604 instances of "premiums" found.
586 instances of "premiums" found.
683 instances of "premiums" found.
671 instances of "premiums" found.
543 instances of "premiums" found.
681 instances of "premiums" found.
675 instances of "premiums" found.
636 instances of "premiums" found.
607 instances of "premiums" found.
621 instances of "premiums" found.
518 instances of "insurer" found.
591 instances of "insurer" found.
591 instances of "insurer" found.
497 instances of "insurer" found.
568 instances of "insurer" found.
491 instances of "insurer" found.
510 instances of "insurer" found.
640 instances of "insurer" found.
576 instances of "insurer" found.
576 instances of "insurer" found.
538 instances of "insurer" found.
562 instances of "insurer" found.
577 instances of "insurer" found.
612 instances of "insurer" found.
518 instances of "insurer" found.
563 instances of "insurer" found.
588 instances of "insurer" found.
606 instances of "insurer" found.
511 instances of "insurer" found.
516 instances of "insurer" found.
463 instances of "insurance-companies" found.
427 instances of "insurance-companies" found.
520 instances of "insurance-companies" found.
513 instances of "insurance-companies" found.
445 instances of "insurance-companies" found.
462 instances of "insurance-companies" found.
468 instances of "insurance-companies" found.
518 instances of "insurance-companies" found.
480 instances of "insurance-companies" found.
479 instances of "insurance-companies" found.
465 instances of "insurance-companies" found.
484 instances of "insurance-companies" found.
481 instances of "insurance-companies" found.
525 instances of "insurance-companies" found.
514 instances of "insurance-companies" found.
506 instances of "insurance-companies" found.
525 instances of "insurance-companies" found.
421 instances of "insurance-companies" found.
474 instances of "insurance-companies" found.
451 instances of "insurance-companies" found.
205 instances of "aetna" found.
231 instances of "aetna" found.
215 instances of "aetna" found.
224 instances of "aetna" found.
307 instances of "aetna" found.
228 instances of "aetna" found.
259 instances of "aetna" found.
146 instances of "aetna" found.
188 instances of "aetna" found.
188 instances of "aetna" found.
177 instances of "aetna" found.
167 instances of "aetna" found.
151 instances of "aetna" found.
256 instances of "aetna" found.
220 instances of "aetna" found.
218 instances of "aetna" found.
249 instances of "aetna" found.
251 instances of "aetna" found.
268 instances of "aetna" found.
253 instances of "aetna" found.
296 instances of "uninsured" found.
299 instances of "uninsured" found.
320 instances of "uninsured" found.
333 instances of "uninsured" found.
352 instances of "uninsured" found.
322 instances of "uninsured" found.
299 instances of "uninsured" found.
300 instances of "uninsured" found.
295 instances of "uninsured" found.
314 instances of "uninsured" found.
306 instances of "uninsured" found.
334 instances of "uninsured" found.
272 instances of "uninsured" found.
261 instances of "uninsured" found.
326 instances of "uninsured" found.
274 instances of "uninsured" found.
302 instances of "uninsured" found.
414 instances of "uninsured" found.
301 instances of "uninsured" found.
303 instances of "uninsured" found.
284 instances of "insured" found.
292 instances of "insured" found.
340 instances of "insured" found.
286 instances of "insured" found.
299 instances of "insured" found.
307 instances of "insured" found.
279 instances of "insured" found.
367 instances of "insured" found.
334 instances of "insured" found.
325 instances of "insured" found.
301 instances of "insured" found.
303 instances of "insured" found.
319 instances of "insured" found.
318 instances of "insured" found.
327 instances of "insured" found.
318 instances of "insured" found.
279 instances of "insured" found.
355 instances of "insured" found.
309 instances of "insured" found.
303 instances of "insured" found.
233 instances of "reinsurance" found.
113 instances of "reinsurance" found.
115 instances of "reinsurance" found.
168 instances of "reinsurance" found.
150 instances of "reinsurance" found.
112 instances of "reinsurance" found.
117 instances of "reinsurance" found.
124 instances of "reinsurance" found.
161 instances of "reinsurance" found.
97 instances of "reinsurance" found.
94 instances of "reinsurance" found.
134 instances of "reinsurance" found.
131 instances of "reinsurance" found.
119 instances of "reinsurance" found.
125 instances of "reinsurance" found.
141 instances of "reinsurance" found.
91 instances of "reinsurance" found.
179 instances of "reinsurance" found.
171 instances of "reinsurance" found.
152 instances of "reinsurance" found.
107 instances of "blue-cross" found.
129 instances of "blue-cross" found.
128 instances of "blue-cross" found.
106 instances of "blue-cross" found.
98 instances of "blue-cross" found.
92 instances of "blue-cross" found.
155 instances of "blue-cross" found.
128 instances of "blue-cross" found.
151 instances of "blue-cross" found.
140 instances of "blue-cross" found.
130 instances of "blue-cross" found.
140 instances of "blue-cross" found.
126 instances of "blue-cross" found.
118 instances of "blue-cross" found.
123 instances of "blue-cross" found.
157 instances of "blue-cross" found.
143 instances of "blue-cross" found.
171 instances of "blue-cross" found.
92 instances of "blue-cross" found.
114 instances of "blue-cross" found.
158 instances of "cigna" found.
142 instances of "cigna" found.
101 instances of "cigna" found.
173 instances of "cigna" found.
123 instances of "cigna" found.
148 instances of "cigna" found.
131 instances of "cigna" found.
76 instances of "cigna" found.
143 instances of "cigna" found.
122 instances of "cigna" found.
112 instances of "cigna" found.
126 instances of "cigna" found.
103 instances of "cigna" found.
168 instances of "cigna" found.
155 instances of "cigna" found.
171 instances of "cigna" found.
130 instances of "cigna" found.
98 instances of "cigna" found.
185 instances of "cigna" found.
107 instances of "cigna" found.
132 instances of "policyholders" found.
152 instances of "policyholders" found.
115 instances of "policyholders" found.
98 instances of "policyholders" found.
119 instances of "policyholders" found.
119 instances of "policyholders" found.
98 instances of "policyholders" found.
118 instances of "policyholders" found.
159 instances of "policyholders" found.
103 instances of "policyholders" found.
104 instances of "policyholders" found.
90 instances of "policyholders" found.
121 instances of "policyholders" found.
140 instances of "policyholders" found.
143 instances of "policyholders" found.
148 instances of "policyholders" found.
89 instances of "policyholders" found.
135 instances of "policyholders" found.
122 instances of "policyholders" found.
112 instances of "policyholders" found.
73 instances of "unitedhealth" found.
121 instances of "unitedhealth" found.
88 instances of "unitedhealth" found.
138 instances of "unitedhealth" found.
102 instances of "unitedhealth" found.
102 instances of "unitedhealth" found.
97 instances of "unitedhealth" found.
98 instances of "unitedhealth" found.
130 instances of "unitedhealth" found.
97 instances of "unitedhealth" found.
140 instances of "unitedhealth" found.
53 instances of "unitedhealth" found.
78 instances of "unitedhealth" found.
122 instances of "unitedhealth" found.
80 instances of "unitedhealth" found.
122 instances of "unitedhealth" found.
141 instances of "unitedhealth" found.
106 instances of "unitedhealth" found.
104 instances of "unitedhealth" found.
88 instances of "unitedhealth" found.
103 instances of "out-of-pocket" found.
102 instances of "out-of-pocket" found.
113 instances of "out-of-pocket" found.
94 instances of "out-of-pocket" found.
99 instances of "out-of-pocket" found.
123 instances of "out-of-pocket" found.
102 instances of "out-of-pocket" found.
91 instances of "out-of-pocket" found.
99 instances of "out-of-pocket" found.
120 instances of "out-of-pocket" found.
116 instances of "out-of-pocket" found.
94 instances of "out-of-pocket" found.
116 instances of "out-of-pocket" found.
94 instances of "out-of-pocket" found.
140 instances of "out-of-pocket" found.
80 instances of "out-of-pocket" found.
100 instances of "out-of-pocket" found.
110 instances of "out-of-pocket" found.
99 instances of "out-of-pocket" found.
123 instances of "out-of-pocket" found.
73 instances of "blue-shield" found.
82 instances of "blue-shield" found.
99 instances of "blue-shield" found.
80 instances of "blue-shield" found.
79 instances of "blue-shield" found.
44 instances of "blue-shield" found.
109 instances of "blue-shield" found.
101 instances of "blue-shield" found.
92 instances of "blue-shield" found.
95 instances of "blue-shield" found.
107 instances of "blue-shield" found.
74 instances of "blue-shield" found.
96 instances of "blue-shield" found.
99 instances of "blue-shield" found.
85 instances of "blue-shield" found.
75 instances of "blue-shield" found.
105 instances of "blue-shield" found.
109 instances of "blue-shield" found.
63 instances of "blue-shield" found.
71 instances of "blue-shield" found.
87 instances of "hmos" found.
95 instances of "hmos" found.
96 instances of "hmos" found.
136 instances of "hmos" found.
140 instances of "hmos" found.
103 instances of "hmos" found.
105 instances of "hmos" found.
108 instances of "hmos" found.
107 instances of "hmos" found.
93 instances of "hmos" found.
117 instances of "hmos" found.
104 instances of "hmos" found.
127 instances of "hmos" found.
151 instances of "hmos" found.
158 instances of "hmos" found.
116 instances of "hmos" found.
159 instances of "hmos" found.
98 instances of "hmos" found.
107 instances of "hmos" found.
96 instances of "hmos" found.
69 instances of "deductibles" found.
90 instances of "deductibles" found.
53 instances of "deductibles" found.
74 instances of "deductibles" found.
89 instances of "deductibles" found.
78 instances of "deductibles" found.
75 instances of "deductibles" found.
107 instances of "deductibles" found.
67 instances of "deductibles" found.
90 instances of "deductibles" found.
94 instances of "deductibles" found.
62 instances of "deductibles" found.
83 instances of "deductibles" found.
90 instances of "deductibles" found.
67 instances of "deductibles" found.
54 instances of "deductibles" found.
71 instances of "deductibles" found.
70 instances of "deductibles" found.
67 instances of "deductibles" found.
84 instances of "deductibles" found.
146 instances of "long-term-care" found.
185 instances of "long-term-care" found.
177 instances of "long-term-care" found.
206 instances of "long-term-care" found.
190 instances of "long-term-care" found.
176 instances of "long-term-care" found.
164 instances of "long-term-care" found.
127 instances of "long-term-care" found.
132 instances of "long-term-care" found.
154 instances of "long-term-care" found.
181 instances of "long-term-care" found.
162 instances of "long-term-care" found.
152 instances of "long-term-care" found.
151 instances of "long-term-care" found.
170 instances of "long-term-care" found.
175 instances of "long-term-care" found.
211 instances of "long-term-care" found.
168 instances of "long-term-care" found.
124 instances of "long-term-care" found.
150 instances of "long-term-care" found.
110 instances of "insurance-coverage" found.
96 instances of "insurance-coverage" found.
92 instances of "insurance-coverage" found.
96 instances of "insurance-coverage" found.
115 instances of "insurance-coverage" found.
113 instances of "insurance-coverage" found.
82 instances of "insurance-coverage" found.
117 instances of "insurance-coverage" found.
91 instances of "insurance-coverage" found.
105 instances of "insurance-coverage" found.
105 instances of "insurance-coverage" found.
123 instances of "insurance-coverage" found.
94 instances of "insurance-coverage" found.
90 instances of "insurance-coverage" found.
88 instances of "insurance-coverage" found.
93 instances of "insurance-coverage" found.
124 instances of "insurance-coverage" found.
101 instances of "insurance-coverage" found.
103 instances of "insurance-coverage" found.
96 instances of "insurance-coverage" found.
97 instances of "health-care-costs" found.
117 instances of "health-care-costs" found.
118 instances of "health-care-costs" found.
126 instances of "health-care-costs" found.
128 instances of "health-care-costs" found.
127 instances of "health-care-costs" found.
112 instances of "health-care-costs" found.
125 instances of "health-care-costs" found.
106 instances of "health-care-costs" found.
113 instances of "health-care-costs" found.
128 instances of "health-care-costs" found.
159 instances of "health-care-costs" found.
128 instances of "health-care-costs" found.
107 instances of "health-care-costs" found.
104 instances of "health-care-costs" found.
117 instances of "health-care-costs" found.
117 instances of "health-care-costs" found.
135 instances of "health-care-costs" found.
111 instances of "health-care-costs" found.
110 instances of "health-care-costs" found.
116 instances of "managed-care" found.
94 instances of "managed-care" found.
136 instances of "managed-care" found.
132 instances of "managed-care" found.
137 instances of "managed-care" found.
110 instances of "managed-care" found.
119 instances of "managed-care" found.
126 instances of "managed-care" found.
125 instances of "managed-care" found.
102 instances of "managed-care" found.
121 instances of "managed-care" found.
80 instances of "managed-care" found.
81 instances of "managed-care" found.
129 instances of "managed-care" found.
79 instances of "managed-care" found.
112 instances of "managed-care" found.
85 instances of "managed-care" found.
84 instances of "managed-care" found.
115 instances of "managed-care" found.
109 instances of "managed-care" found.
56 instances of "single-payer" found.
61 instances of "single-payer" found.
47 instances of "single-payer" found.
77 instances of "single-payer" found.
37 instances of "single-payer" found.
45 instances of "single-payer" found.
53 instances of "single-payer" found.
42 instances of "single-payer" found.
51 instances of "single-payer" found.
66 instances of "single-payer" found.
48 instances of "single-payer" found.
46 instances of "single-payer" found.
46 instances of "single-payer" found.
55 instances of "single-payer" found.
68 instances of "single-payer" found.
36 instances of "single-payer" found.
50 instances of "single-payer" found.
51 instances of "single-payer" found.
48 instances of "single-payer" found.
41 instances of "single-payer" found.
103 instances of "hmo" found.
58 instances of "hmo" found.
79 instances of "hmo" found.
97 instances of "hmo" found.
101 instances of "hmo" found.
86 instances of "hmo" found.
95 instances of "hmo" found.
120 instances of "hmo" found.
112 instances of "hmo" found.
106 instances of "hmo" found.
130 instances of "hmo" found.
127 instances of "hmo" found.
98 instances of "hmo" found.
109 instances of "hmo" found.
106 instances of "hmo" found.
125 instances of "hmo" found.
101 instances of "hmo" found.
104 instances of "hmo" found.
87 instances of "hmo" found.
72 instances of "hmo" found.
81 instances of "insurance-premiums" found.
73 instances of "insurance-premiums" found.
87 instances of "insurance-premiums" found.
101 instances of "insurance-premiums" found.
110 instances of "insurance-premiums" found.
88 instances of "insurance-premiums" found.
84 instances of "insurance-premiums" found.
86 instances of "insurance-premiums" found.
89 instances of "insurance-premiums" found.
85 instances of "insurance-premiums" found.
84 instances of "insurance-premiums" found.
78 instances of "insurance-premiums" found.
89 instances of "insurance-premiums" found.
75 instances of "insurance-premiums" found.
89 instances of "insurance-premiums" found.
68 instances of "insurance-premiums" found.
112 instances of "insurance-premiums" found.
92 instances of "insurance-premiums" found.
87 instances of "insurance-premiums" found.
80 instances of "insurance-premiums" found.
68 instances of "humana" found.
167 instances of "humana" found.
114 instances of "humana" found.
134 instances of "humana" found.
96 instances of "humana" found.
94 instances of "humana" found.
99 instances of "humana" found.
58 instances of "humana" found.
131 instances of "humana" found.
99 instances of "humana" found.
109 instances of "humana" found.
72 instances of "humana" found.
86 instances of "humana" found.
135 instances of "humana" found.
54 instances of "humana" found.
64 instances of "humana" found.
100 instances of "humana" found.
88 instances of "humana" found.
99 instances of "humana" found.
129 instances of "humana" found.
105 instances of "reimbursements" found.
93 instances of "reimbursements" found.
104 instances of "reimbursements" found.
74 instances of "reimbursements" found.
81 instances of "reimbursements" found.
77 instances of "reimbursements" found.
82 instances of "reimbursements" found.
90 instances of "reimbursements" found.
90 instances of "reimbursements" found.
77 instances of "reimbursements" found.
95 instances of "reimbursements" found.
95 instances of "reimbursements" found.
93 instances of "reimbursements" found.
73 instances of "reimbursements" found.
89 instances of "reimbursements" found.
63 instances of "reimbursements" found.
99 instances of "reimbursements" found.
114 instances of "reimbursements" found.
109 instances of "reimbursements" found.
107 instances of "reimbursements" found.
Saved topic: 165
