conText v3.0.1 successfully loaded. Note this version of the package comes with significant changes to the conText() function.
                        See Quick Start Guide for help getting started and instructions for accessing older versions of the package:
 https://github.com/prodriguezsosa/conText/blob/master/vignettes/quickstart.md
Package version: 4.3.1
Unicode version: 15.1
ICU version: 74.2
Parallel computing: 2 of 2 threads used.
See https://quanteda.io for tutorials and examples.

Attaching package: 'dplyr'

The following objects are masked from 'package:stats':

    filter, lag

The following objects are masked from 'package:base':

    intersect, setdiff, setequal, union

Task 16 -> topic: 30
Processing topic: 30
660 instances of "deposit" found.
687 instances of "deposit" found.
659 instances of "deposit" found.
680 instances of "deposit" found.
701 instances of "deposit" found.
731 instances of "deposit" found.
707 instances of "deposit" found.
673 instances of "deposit" found.
689 instances of "deposit" found.
674 instances of "deposit" found.
803 instances of "deposit" found.
708 instances of "deposit" found.
649 instances of "deposit" found.
732 instances of "deposit" found.
620 instances of "deposit" found.
781 instances of "deposit" found.
683 instances of "deposit" found.
708 instances of "deposit" found.
709 instances of "deposit" found.
663 instances of "deposit" found.
555 instances of "certificates" found.
527 instances of "certificates" found.
569 instances of "certificates" found.
497 instances of "certificates" found.
553 instances of "certificates" found.
583 instances of "certificates" found.
490 instances of "certificates" found.
562 instances of "certificates" found.
594 instances of "certificates" found.
552 instances of "certificates" found.
627 instances of "certificates" found.
554 instances of "certificates" found.
637 instances of "certificates" found.
587 instances of "certificates" found.
556 instances of "certificates" found.
624 instances of "certificates" found.
521 instances of "certificates" found.
505 instances of "certificates" found.
501 instances of "certificates" found.
507 instances of "certificates" found.
251 instances of "treasury-bills" found.
288 instances of "treasury-bills" found.
225 instances of "treasury-bills" found.
259 instances of "treasury-bills" found.
266 instances of "treasury-bills" found.
271 instances of "treasury-bills" found.
266 instances of "treasury-bills" found.
250 instances of "treasury-bills" found.
241 instances of "treasury-bills" found.
271 instances of "treasury-bills" found.
265 instances of "treasury-bills" found.
256 instances of "treasury-bills" found.
268 instances of "treasury-bills" found.
233 instances of "treasury-bills" found.
271 instances of "treasury-bills" found.
277 instances of "treasury-bills" found.
266 instances of "treasury-bills" found.
302 instances of "treasury-bills" found.
292 instances of "treasury-bills" found.
282 instances of "treasury-bills" found.
293 instances of "libor" found.
265 instances of "libor" found.
224 instances of "libor" found.
197 instances of "libor" found.
242 instances of "libor" found.
292 instances of "libor" found.
222 instances of "libor" found.
283 instances of "libor" found.
223 instances of "libor" found.
247 instances of "libor" found.
229 instances of "libor" found.
219 instances of "libor" found.
215 instances of "libor" found.
241 instances of "libor" found.
202 instances of "libor" found.
217 instances of "libor" found.
214 instances of "libor" found.
285 instances of "libor" found.
252 instances of "libor" found.
294 instances of "libor" found.
249 instances of "prime-rate" found.
225 instances of "prime-rate" found.
219 instances of "prime-rate" found.
181 instances of "prime-rate" found.
199 instances of "prime-rate" found.
201 instances of "prime-rate" found.
208 instances of "prime-rate" found.
188 instances of "prime-rate" found.
201 instances of "prime-rate" found.
217 instances of "prime-rate" found.
259 instances of "prime-rate" found.
223 instances of "prime-rate" found.
242 instances of "prime-rate" found.
171 instances of "prime-rate" found.
212 instances of "prime-rate" found.
226 instances of "prime-rate" found.
193 instances of "prime-rate" found.
228 instances of "prime-rate" found.
224 instances of "prime-rate" found.
197 instances of "prime-rate" found.
325 instances of "commercial-paper" found.
274 instances of "commercial-paper" found.
313 instances of "commercial-paper" found.
271 instances of "commercial-paper" found.
283 instances of "commercial-paper" found.
292 instances of "commercial-paper" found.
247 instances of "commercial-paper" found.
327 instances of "commercial-paper" found.
300 instances of "commercial-paper" found.
287 instances of "commercial-paper" found.
329 instances of "commercial-paper" found.
329 instances of "commercial-paper" found.
275 instances of "commercial-paper" found.
315 instances of "commercial-paper" found.
293 instances of "commercial-paper" found.
310 instances of "commercial-paper" found.
275 instances of "commercial-paper" found.
312 instances of "commercial-paper" found.
295 instances of "commercial-paper" found.
299 instances of "commercial-paper" found.
115 instances of "posted-yields" found.
130 instances of "posted-yields" found.
104 instances of "posted-yields" found.
104 instances of "posted-yields" found.
132 instances of "posted-yields" found.
140 instances of "posted-yields" found.
117 instances of "posted-yields" found.
113 instances of "posted-yields" found.
127 instances of "posted-yields" found.
121 instances of "posted-yields" found.
126 instances of "posted-yields" found.
125 instances of "posted-yields" found.
120 instances of "posted-yields" found.
110 instances of "posted-yields" found.
142 instances of "posted-yields" found.
164 instances of "posted-yields" found.
107 instances of "posted-yields" found.
142 instances of "posted-yields" found.
128 instances of "posted-yields" found.
119 instances of "posted-yields" found.
113 instances of "telerate" found.
155 instances of "telerate" found.
96 instances of "telerate" found.
113 instances of "telerate" found.
114 instances of "telerate" found.
153 instances of "telerate" found.
83 instances of "telerate" found.
113 instances of "telerate" found.
139 instances of "telerate" found.
144 instances of "telerate" found.
123 instances of "telerate" found.
122 instances of "telerate" found.
128 instances of "telerate" found.
106 instances of "telerate" found.
178 instances of "telerate" found.
139 instances of "telerate" found.
117 instances of "telerate" found.
130 instances of "telerate" found.
146 instances of "telerate" found.
122 instances of "telerate" found.
235 instances of "commercial-banks" found.
218 instances of "commercial-banks" found.
183 instances of "commercial-banks" found.
204 instances of "commercial-banks" found.
216 instances of "commercial-banks" found.
275 instances of "commercial-banks" found.
199 instances of "commercial-banks" found.
226 instances of "commercial-banks" found.
231 instances of "commercial-banks" found.
209 instances of "commercial-banks" found.
207 instances of "commercial-banks" found.
224 instances of "commercial-banks" found.
199 instances of "commercial-banks" found.
224 instances of "commercial-banks" found.
249 instances of "commercial-banks" found.
219 instances of "commercial-banks" found.
215 instances of "commercial-banks" found.
208 instances of "commercial-banks" found.
228 instances of "commercial-banks" found.
212 instances of "commercial-banks" found.
279 instances of "discount-rate" found.
286 instances of "discount-rate" found.
250 instances of "discount-rate" found.
263 instances of "discount-rate" found.
278 instances of "discount-rate" found.
281 instances of "discount-rate" found.
267 instances of "discount-rate" found.
257 instances of "discount-rate" found.
258 instances of "discount-rate" found.
281 instances of "discount-rate" found.
277 instances of "discount-rate" found.
274 instances of "discount-rate" found.
298 instances of "discount-rate" found.
242 instances of "discount-rate" found.
257 instances of "discount-rate" found.
283 instances of "discount-rate" found.
257 instances of "discount-rate" found.
283 instances of "discount-rate" found.
238 instances of "discount-rate" found.
295 instances of "discount-rate" found.
122 instances of "treas" found.
100 instances of "treas" found.
129 instances of "treas" found.
144 instances of "treas" found.
164 instances of "treas" found.
111 instances of "treas" found.
89 instances of "treas" found.
131 instances of "treas" found.
123 instances of "treas" found.
111 instances of "treas" found.
159 instances of "treas" found.
119 instances of "treas" found.
170 instances of "treas" found.
132 instances of "treas" found.
123 instances of "treas" found.
116 instances of "treas" found.
85 instances of "treas" found.
108 instances of "treas" found.
104 instances of "treas" found.
139 instances of "treas" found.
340 instances of "cds" found.
351 instances of "cds" found.
369 instances of "cds" found.
323 instances of "cds" found.
368 instances of "cds" found.
343 instances of "cds" found.
343 instances of "cds" found.
329 instances of "cds" found.
303 instances of "cds" found.
319 instances of "cds" found.
332 instances of "cds" found.
294 instances of "cds" found.
308 instances of "cds" found.
306 instances of "cds" found.
330 instances of "cds" found.
294 instances of "cds" found.
303 instances of "cds" found.
382 instances of "cds" found.
371 instances of "cds" found.
367 instances of "cds" found.
97 instances of "commercial-paper-placed-directly" found.
105 instances of "commercial-paper-placed-directly" found.
91 instances of "commercial-paper-placed-directly" found.
85 instances of "commercial-paper-placed-directly" found.
100 instances of "commercial-paper-placed-directly" found.
110 instances of "commercial-paper-placed-directly" found.
94 instances of "commercial-paper-placed-directly" found.
90 instances of "commercial-paper-placed-directly" found.
108 instances of "commercial-paper-placed-directly" found.
101 instances of "commercial-paper-placed-directly" found.
104 instances of "commercial-paper-placed-directly" found.
101 instances of "commercial-paper-placed-directly" found.
85 instances of "commercial-paper-placed-directly" found.
90 instances of "commercial-paper-placed-directly" found.
110 instances of "commercial-paper-placed-directly" found.
137 instances of "commercial-paper-placed-directly" found.
87 instances of "commercial-paper-placed-directly" found.
117 instances of "commercial-paper-placed-directly" found.
99 instances of "commercial-paper-placed-directly" found.
102 instances of "commercial-paper-placed-directly" found.
95 instances of "eurodollars" found.
97 instances of "eurodollars" found.
77 instances of "eurodollars" found.
71 instances of "eurodollars" found.
85 instances of "eurodollars" found.
105 instances of "eurodollars" found.
86 instances of "eurodollars" found.
87 instances of "eurodollars" found.
93 instances of "eurodollars" found.
84 instances of "eurodollars" found.
90 instances of "eurodollars" found.
91 instances of "eurodollars" found.
100 instances of "eurodollars" found.
78 instances of "eurodollars" found.
107 instances of "eurodollars" found.
114 instances of "eurodollars" found.
91 instances of "eurodollars" found.
98 instances of "eurodollars" found.
87 instances of "eurodollars" found.
88 instances of "eurodollars" found.
285 instances of "repurchase" found.
282 instances of "repurchase" found.
265 instances of "repurchase" found.
279 instances of "repurchase" found.
265 instances of "repurchase" found.
262 instances of "repurchase" found.
257 instances of "repurchase" found.
265 instances of "repurchase" found.
265 instances of "repurchase" found.
262 instances of "repurchase" found.
289 instances of "repurchase" found.
316 instances of "repurchase" found.
285 instances of "repurchase" found.
235 instances of "repurchase" found.
303 instances of "repurchase" found.
266 instances of "repurchase" found.
307 instances of "repurchase" found.
284 instances of "repurchase" found.
264 instances of "repurchase" found.
260 instances of "repurchase" found.
112 instances of "interbank-offered" found.
102 instances of "interbank-offered" found.
102 instances of "interbank-offered" found.
99 instances of "interbank-offered" found.
108 instances of "interbank-offered" found.
135 instances of "interbank-offered" found.
123 instances of "interbank-offered" found.
115 instances of "interbank-offered" found.
130 instances of "interbank-offered" found.
103 instances of "interbank-offered" found.
122 instances of "interbank-offered" found.
115 instances of "interbank-offered" found.
107 instances of "interbank-offered" found.
97 instances of "interbank-offered" found.
106 instances of "interbank-offered" found.
142 instances of "interbank-offered" found.
104 instances of "interbank-offered" found.
129 instances of "interbank-offered" found.
105 instances of "interbank-offered" found.
110 instances of "interbank-offered" found.
144 instances of "london-interbank-offered" found.
157 instances of "london-interbank-offered" found.
132 instances of "london-interbank-offered" found.
136 instances of "london-interbank-offered" found.
144 instances of "london-interbank-offered" found.
168 instances of "london-interbank-offered" found.
135 instances of "london-interbank-offered" found.
138 instances of "london-interbank-offered" found.
145 instances of "london-interbank-offered" found.
151 instances of "london-interbank-offered" found.
152 instances of "london-interbank-offered" found.
147 instances of "london-interbank-offered" found.
132 instances of "london-interbank-offered" found.
141 instances of "london-interbank-offered" found.
138 instances of "london-interbank-offered" found.
141 instances of "london-interbank-offered" found.
132 instances of "london-interbank-offered" found.
166 instances of "london-interbank-offered" found.
132 instances of "london-interbank-offered" found.
140 instances of "london-interbank-offered" found.
108 instances of "treasury-notes" found.
106 instances of "treasury-notes" found.
108 instances of "treasury-notes" found.
114 instances of "treasury-notes" found.
88 instances of "treasury-notes" found.
127 instances of "treasury-notes" found.
89 instances of "treasury-notes" found.
104 instances of "treasury-notes" found.
100 instances of "treasury-notes" found.
97 instances of "treasury-notes" found.
117 instances of "treasury-notes" found.
101 instances of "treasury-notes" found.
115 instances of "treasury-notes" found.
78 instances of "treasury-notes" found.
94 instances of "treasury-notes" found.
137 instances of "treasury-notes" found.
128 instances of "treasury-notes" found.
122 instances of "treasury-notes" found.
110 instances of "treasury-notes" found.
96 instances of "treasury-notes" found.
126 instances of "secondary-market" found.
136 instances of "secondary-market" found.
103 instances of "secondary-market" found.
122 instances of "secondary-market" found.
135 instances of "secondary-market" found.
157 instances of "secondary-market" found.
127 instances of "secondary-market" found.
127 instances of "secondary-market" found.
118 instances of "secondary-market" found.
150 instances of "secondary-market" found.
122 instances of "secondary-market" found.
137 instances of "secondary-market" found.
137 instances of "secondary-market" found.
128 instances of "secondary-market" found.
135 instances of "secondary-market" found.
156 instances of "secondary-market" found.
122 instances of "secondary-market" found.
121 instances of "secondary-market" found.
141 instances of "secondary-market" found.
120 instances of "secondary-market" found.
113 instances of "depository" found.
97 instances of "depository" found.
74 instances of "depository" found.
96 instances of "depository" found.
87 instances of "depository" found.
123 instances of "depository" found.
110 instances of "depository" found.
105 instances of "depository" found.
124 instances of "depository" found.
97 instances of "depository" found.
97 instances of "depository" found.
92 instances of "depository" found.
115 instances of "depository" found.
108 instances of "depository" found.
95 instances of "depository" found.
116 instances of "depository" found.
84 instances of "depository" found.
116 instances of "depository" found.
95 instances of "depository" found.
86 instances of "depository" found.
93 instances of "lending-practices" found.
96 instances of "lending-practices" found.
61 instances of "lending-practices" found.
80 instances of "lending-practices" found.
77 instances of "lending-practices" found.
114 instances of "lending-practices" found.
74 instances of "lending-practices" found.
90 instances of "lending-practices" found.
81 instances of "lending-practices" found.
76 instances of "lending-practices" found.
91 instances of "lending-practices" found.
79 instances of "lending-practices" found.
78 instances of "lending-practices" found.
74 instances of "lending-practices" found.
76 instances of "lending-practices" found.
98 instances of "lending-practices" found.
73 instances of "lending-practices" found.
76 instances of "lending-practices" found.
85 instances of "lending-practices" found.
63 instances of "lending-practices" found.
44 instances of "c.d" found.
19 instances of "c.d" found.
59 instances of "c.d" found.
25 instances of "c.d" found.
37 instances of "c.d" found.
36 instances of "c.d" found.
17 instances of "c.d" found.
26 instances of "c.d" found.
31 instances of "c.d" found.
26 instances of "c.d" found.
25 instances of "c.d" found.
34 instances of "c.d" found.
52 instances of "c.d" found.
42 instances of "c.d" found.
32 instances of "c.d" found.
39 instances of "c.d" found.
25 instances of "c.d" found.
33 instances of "c.d" found.
32 instances of "c.d" found.
47 instances of "c.d" found.
Saved topic: 30
