conText v3.0.1 successfully loaded. Note this version of the package comes with significant changes to the conText() function.
                        See Quick Start Guide for help getting started and instructions for accessing older versions of the package:
 https://github.com/prodriguezsosa/conText/blob/master/vignettes/quickstart.md
Package version: 4.3.1
Unicode version: 15.1
ICU version: 74.2
Parallel computing: 2 of 2 threads used.
See https://quanteda.io for tutorials and examples.

Attaching package: 'dplyr'

The following objects are masked from 'package:stats':

    filter, lag

The following objects are masked from 'package:base':

    intersect, setdiff, setequal, union

Task 114 -> topic: 304
Processing topic: 304
4187 instances of "hotel" found.
4012 instances of "hotel" found.
4283 instances of "hotel" found.
4016 instances of "hotel" found.
4092 instances of "hotel" found.
4265 instances of "hotel" found.
3866 instances of "hotel" found.
3801 instances of "hotel" found.
3883 instances of "hotel" found.
4109 instances of "hotel" found.
4097 instances of "hotel" found.
4180 instances of "hotel" found.
3987 instances of "hotel" found.
4056 instances of "hotel" found.
4087 instances of "hotel" found.
3858 instances of "hotel" found.
4026 instances of "hotel" found.
3879 instances of "hotel" found.
4104 instances of "hotel" found.
3961 instances of "hotel" found.
4408 instances of "travel" found.
4471 instances of "travel" found.
4498 instances of "travel" found.
4493 instances of "travel" found.
4200 instances of "travel" found.
4512 instances of "travel" found.
4080 instances of "travel" found.
4563 instances of "travel" found.
4463 instances of "travel" found.
4230 instances of "travel" found.
4299 instances of "travel" found.
4386 instances of "travel" found.
4452 instances of "travel" found.
3976 instances of "travel" found.
4561 instances of "travel" found.
4463 instances of "travel" found.
4652 instances of "travel" found.
4355 instances of "travel" found.
4486 instances of "travel" found.
4420 instances of "travel" found.
1386 instances of "hotels" found.
1430 instances of "hotels" found.
1506 instances of "hotels" found.
1367 instances of "hotels" found.
1456 instances of "hotels" found.
1623 instances of "hotels" found.
1280 instances of "hotels" found.
1304 instances of "hotels" found.
1493 instances of "hotels" found.
1546 instances of "hotels" found.
1481 instances of "hotels" found.
1607 instances of "hotels" found.
1538 instances of "hotels" found.
1400 instances of "hotels" found.
1550 instances of "hotels" found.
1336 instances of "hotels" found.
1421 instances of "hotels" found.
1401 instances of "hotels" found.
1437 instances of "hotels" found.
1446 instances of "hotels" found.
1261 instances of "travelers" found.
1254 instances of "travelers" found.
1259 instances of "travelers" found.
1355 instances of "travelers" found.
1081 instances of "travelers" found.
1166 instances of "travelers" found.
1172 instances of "travelers" found.
1181 instances of "travelers" found.
1128 instances of "travelers" found.
1101 instances of "travelers" found.
1067 instances of "travelers" found.
1193 instances of "travelers" found.
1181 instances of "travelers" found.
1148 instances of "travelers" found.
1180 instances of "travelers" found.
1271 instances of "travelers" found.
1183 instances of "travelers" found.
1203 instances of "travelers" found.
1242 instances of "travelers" found.
1311 instances of "travelers" found.
1119 instances of "resort" found.
1113 instances of "resort" found.
1088 instances of "resort" found.
1078 instances of "resort" found.
1109 instances of "resort" found.
1107 instances of "resort" found.
1066 instances of "resort" found.
1099 instances of "resort" found.
1081 instances of "resort" found.
1131 instances of "resort" found.
1076 instances of "resort" found.
1075 instances of "resort" found.
1132 instances of "resort" found.
1193 instances of "resort" found.
1090 instances of "resort" found.
1060 instances of "resort" found.
1217 instances of "resort" found.
1074 instances of "resort" found.
1123 instances of "resort" found.
950 instances of "resort" found.
1598 instances of "rooms" found.
1684 instances of "rooms" found.
1837 instances of "rooms" found.
1782 instances of "rooms" found.
1713 instances of "rooms" found.
1667 instances of "rooms" found.
1646 instances of "rooms" found.
1671 instances of "rooms" found.
1702 instances of "rooms" found.
1725 instances of "rooms" found.
1667 instances of "rooms" found.
1786 instances of "rooms" found.
1779 instances of "rooms" found.
1694 instances of "rooms" found.
1636 instances of "rooms" found.
1600 instances of "rooms" found.
1657 instances of "rooms" found.
1741 instances of "rooms" found.
1823 instances of "rooms" found.
1712 instances of "rooms" found.
521 instances of "hilton" found.
582 instances of "hilton" found.
630 instances of "hilton" found.
486 instances of "hilton" found.
541 instances of "hilton" found.
581 instances of "hilton" found.
566 instances of "hilton" found.
555 instances of "hilton" found.
517 instances of "hilton" found.
466 instances of "hilton" found.
528 instances of "hilton" found.
480 instances of "hilton" found.
588 instances of "hilton" found.
612 instances of "hilton" found.
517 instances of "hilton" found.
501 instances of "hilton" found.
536 instances of "hilton" found.
483 instances of "hilton" found.
556 instances of "hilton" found.
506 instances of "hilton" found.
478 instances of "marriott" found.
409 instances of "marriott" found.
376 instances of "marriott" found.
455 instances of "marriott" found.
484 instances of "marriott" found.
447 instances of "marriott" found.
353 instances of "marriott" found.
553 instances of "marriott" found.
478 instances of "marriott" found.
609 instances of "marriott" found.
389 instances of "marriott" found.
559 instances of "marriott" found.
442 instances of "marriott" found.
421 instances of "marriott" found.
500 instances of "marriott" found.
515 instances of "marriott" found.
505 instances of "marriott" found.
491 instances of "marriott" found.
504 instances of "marriott" found.
545 instances of "marriott" found.
541 instances of "tourism" found.
476 instances of "tourism" found.
539 instances of "tourism" found.
533 instances of "tourism" found.
486 instances of "tourism" found.
630 instances of "tourism" found.
469 instances of "tourism" found.
532 instances of "tourism" found.
517 instances of "tourism" found.
489 instances of "tourism" found.
503 instances of "tourism" found.
472 instances of "tourism" found.
528 instances of "tourism" found.
502 instances of "tourism" found.
519 instances of "tourism" found.
688 instances of "tourism" found.
559 instances of "tourism" found.
541 instances of "tourism" found.
626 instances of "tourism" found.
647 instances of "tourism" found.
360 instances of "spa" found.
426 instances of "spa" found.
324 instances of "spa" found.
421 instances of "spa" found.
326 instances of "spa" found.
542 instances of "spa" found.
434 instances of "spa" found.
386 instances of "spa" found.
366 instances of "spa" found.
399 instances of "spa" found.
436 instances of "spa" found.
465 instances of "spa" found.
416 instances of "spa" found.
415 instances of "spa" found.
500 instances of "spa" found.
410 instances of "spa" found.
434 instances of "spa" found.
366 instances of "spa" found.
394 instances of "spa" found.
334 instances of "spa" found.
349 instances of "hospitality" found.
271 instances of "hospitality" found.
308 instances of "hospitality" found.
314 instances of "hospitality" found.
326 instances of "hospitality" found.
342 instances of "hospitality" found.
303 instances of "hospitality" found.
304 instances of "hospitality" found.
300 instances of "hospitality" found.
314 instances of "hospitality" found.
319 instances of "hospitality" found.
270 instances of "hospitality" found.
254 instances of "hospitality" found.
306 instances of "hospitality" found.
307 instances of "hospitality" found.
283 instances of "hospitality" found.
284 instances of "hospitality" found.
284 instances of "hospitality" found.
316 instances of "hospitality" found.
358 instances of "hospitality" found.
268 instances of "traveler" found.
294 instances of "traveler" found.
275 instances of "traveler" found.
277 instances of "traveler" found.
251 instances of "traveler" found.
256 instances of "traveler" found.
251 instances of "traveler" found.
299 instances of "traveler" found.
306 instances of "traveler" found.
259 instances of "traveler" found.
264 instances of "traveler" found.
290 instances of "traveler" found.
332 instances of "traveler" found.
284 instances of "traveler" found.
275 instances of "traveler" found.
329 instances of "traveler" found.
284 instances of "traveler" found.
228 instances of "traveler" found.
270 instances of "traveler" found.
296 instances of "traveler" found.
397 instances of "booked" found.
365 instances of "booked" found.
377 instances of "booked" found.
393 instances of "booked" found.
344 instances of "booked" found.
410 instances of "booked" found.
325 instances of "booked" found.
388 instances of "booked" found.
356 instances of "booked" found.
354 instances of "booked" found.
349 instances of "booked" found.
380 instances of "booked" found.
380 instances of "booked" found.
372 instances of "booked" found.
401 instances of "booked" found.
332 instances of "booked" found.
390 instances of "booked" found.
364 instances of "booked" found.
399 instances of "booked" found.
376 instances of "booked" found.
514 instances of "resorts" found.
448 instances of "resorts" found.
426 instances of "resorts" found.
437 instances of "resorts" found.
482 instances of "resorts" found.
442 instances of "resorts" found.
423 instances of "resorts" found.
435 instances of "resorts" found.
486 instances of "resorts" found.
495 instances of "resorts" found.
467 instances of "resorts" found.
548 instances of "resorts" found.
432 instances of "resorts" found.
446 instances of "resorts" found.
447 instances of "resorts" found.
327 instances of "resorts" found.
470 instances of "resorts" found.
486 instances of "resorts" found.
490 instances of "resorts" found.
433 instances of "resorts" found.
456 instances of "tourist" found.
421 instances of "tourist" found.
456 instances of "tourist" found.
425 instances of "tourist" found.
418 instances of "tourist" found.
467 instances of "tourist" found.
375 instances of "tourist" found.
413 instances of "tourist" found.
393 instances of "tourist" found.
409 instances of "tourist" found.
401 instances of "tourist" found.
431 instances of "tourist" found.
425 instances of "tourist" found.
432 instances of "tourist" found.
394 instances of "tourist" found.
430 instances of "tourist" found.
478 instances of "tourist" found.
460 instances of "tourist" found.
451 instances of "tourist" found.
531 instances of "tourist" found.
284 instances of "motel" found.
243 instances of "motel" found.
312 instances of "motel" found.
222 instances of "motel" found.
250 instances of "motel" found.
231 instances of "motel" found.
297 instances of "motel" found.
240 instances of "motel" found.
239 instances of "motel" found.
239 instances of "motel" found.
226 instances of "motel" found.
222 instances of "motel" found.
281 instances of "motel" found.
230 instances of "motel" found.
264 instances of "motel" found.
215 instances of "motel" found.
225 instances of "motel" found.
289 instances of "motel" found.
256 instances of "motel" found.
259 instances of "motel" found.
210 instances of "lodging" found.
204 instances of "lodging" found.
228 instances of "lodging" found.
187 instances of "lodging" found.
212 instances of "lodging" found.
249 instances of "lodging" found.
181 instances of "lodging" found.
219 instances of "lodging" found.
192 instances of "lodging" found.
254 instances of "lodging" found.
255 instances of "lodging" found.
209 instances of "lodging" found.
196 instances of "lodging" found.
203 instances of "lodging" found.
252 instances of "lodging" found.
179 instances of "lodging" found.
185 instances of "lodging" found.
223 instances of "lodging" found.
247 instances of "lodging" found.
196 instances of "lodging" found.
237 instances of "booking" found.
254 instances of "booking" found.
229 instances of "booking" found.
258 instances of "booking" found.
248 instances of "booking" found.
216 instances of "booking" found.
236 instances of "booking" found.
219 instances of "booking" found.
247 instances of "booking" found.
235 instances of "booking" found.
230 instances of "booking" found.
229 instances of "booking" found.
230 instances of "booking" found.
185 instances of "booking" found.
261 instances of "booking" found.
237 instances of "booking" found.
257 instances of "booking" found.
229 instances of "booking" found.
255 instances of "booking" found.
248 instances of "booking" found.
233 instances of "occupancy" found.
279 instances of "occupancy" found.
259 instances of "occupancy" found.
233 instances of "occupancy" found.
226 instances of "occupancy" found.
208 instances of "occupancy" found.
236 instances of "occupancy" found.
233 instances of "occupancy" found.
252 instances of "occupancy" found.
255 instances of "occupancy" found.
258 instances of "occupancy" found.
266 instances of "occupancy" found.
243 instances of "occupancy" found.
230 instances of "occupancy" found.
249 instances of "occupancy" found.
240 instances of "occupancy" found.
208 instances of "occupancy" found.
259 instances of "occupancy" found.
193 instances of "occupancy" found.
240 instances of "occupancy" found.
171 instances of "hyatt" found.
185 instances of "hyatt" found.
189 instances of "hyatt" found.
209 instances of "hyatt" found.
100 instances of "hyatt" found.
191 instances of "hyatt" found.
167 instances of "hyatt" found.
154 instances of "hyatt" found.
130 instances of "hyatt" found.
161 instances of "hyatt" found.
174 instances of "hyatt" found.
159 instances of "hyatt" found.
155 instances of "hyatt" found.
150 instances of "hyatt" found.
216 instances of "hyatt" found.
244 instances of "hyatt" found.
249 instances of "hyatt" found.
142 instances of "hyatt" found.
185 instances of "hyatt" found.
162 instances of "hyatt" found.
157 instances of "bookings" found.
175 instances of "bookings" found.
140 instances of "bookings" found.
175 instances of "bookings" found.
175 instances of "bookings" found.
175 instances of "bookings" found.
151 instances of "bookings" found.
177 instances of "bookings" found.
182 instances of "bookings" found.
171 instances of "bookings" found.
166 instances of "bookings" found.
169 instances of "bookings" found.
170 instances of "bookings" found.
167 instances of "bookings" found.
156 instances of "bookings" found.
142 instances of "bookings" found.
175 instances of "bookings" found.
165 instances of "bookings" found.
180 instances of "bookings" found.
162 instances of "bookings" found.
148 instances of "hotel-rooms" found.
133 instances of "hotel-rooms" found.
157 instances of "hotel-rooms" found.
135 instances of "hotel-rooms" found.
140 instances of "hotel-rooms" found.
158 instances of "hotel-rooms" found.
133 instances of "hotel-rooms" found.
151 instances of "hotel-rooms" found.
139 instances of "hotel-rooms" found.
124 instances of "hotel-rooms" found.
148 instances of "hotel-rooms" found.
146 instances of "hotel-rooms" found.
138 instances of "hotel-rooms" found.
155 instances of "hotel-rooms" found.
156 instances of "hotel-rooms" found.
166 instances of "hotel-rooms" found.
167 instances of "hotel-rooms" found.
154 instances of "hotel-rooms" found.
145 instances of "hotel-rooms" found.
131 instances of "hotel-rooms" found.
87 instances of "alamo" found.
95 instances of "alamo" found.
44 instances of "alamo" found.
46 instances of "alamo" found.
61 instances of "alamo" found.
62 instances of "alamo" found.
38 instances of "alamo" found.
49 instances of "alamo" found.
56 instances of "alamo" found.
80 instances of "alamo" found.
113 instances of "alamo" found.
46 instances of "alamo" found.
76 instances of "alamo" found.
115 instances of "alamo" found.
94 instances of "alamo" found.
51 instances of "alamo" found.
48 instances of "alamo" found.
68 instances of "alamo" found.
63 instances of "alamo" found.
91 instances of "alamo" found.
94 instances of "inns" found.
115 instances of "inns" found.
167 instances of "inns" found.
95 instances of "inns" found.
127 instances of "inns" found.
141 instances of "inns" found.
110 instances of "inns" found.
150 instances of "inns" found.
127 instances of "inns" found.
104 instances of "inns" found.
143 instances of "inns" found.
151 instances of "inns" found.
107 instances of "inns" found.
98 instances of "inns" found.
134 instances of "inns" found.
131 instances of "inns" found.
120 instances of "inns" found.
132 instances of "inns" found.
88 instances of "inns" found.
137 instances of "inns" found.
73 instances of "ritz-carlton" found.
101 instances of "ritz-carlton" found.
112 instances of "ritz-carlton" found.
100 instances of "ritz-carlton" found.
60 instances of "ritz-carlton" found.
98 instances of "ritz-carlton" found.
82 instances of "ritz-carlton" found.
91 instances of "ritz-carlton" found.
81 instances of "ritz-carlton" found.
79 instances of "ritz-carlton" found.
123 instances of "ritz-carlton" found.
102 instances of "ritz-carlton" found.
80 instances of "ritz-carlton" found.
78 instances of "ritz-carlton" found.
103 instances of "ritz-carlton" found.
71 instances of "ritz-carlton" found.
81 instances of "ritz-carlton" found.
86 instances of "ritz-carlton" found.
89 instances of "ritz-carlton" found.
75 instances of "ritz-carlton" found.
81 instances of "itinerary" found.
81 instances of "itinerary" found.
84 instances of "itinerary" found.
94 instances of "itinerary" found.
80 instances of "itinerary" found.
80 instances of "itinerary" found.
76 instances of "itinerary" found.
79 instances of "itinerary" found.
93 instances of "itinerary" found.
74 instances of "itinerary" found.
101 instances of "itinerary" found.
85 instances of "itinerary" found.
94 instances of "itinerary" found.
91 instances of "itinerary" found.
113 instances of "itinerary" found.
76 instances of "itinerary" found.
100 instances of "itinerary" found.
77 instances of "itinerary" found.
84 instances of "itinerary" found.
98 instances of "itinerary" found.
41 instances of "spas" found.
60 instances of "spas" found.
30 instances of "spas" found.
46 instances of "spas" found.
74 instances of "spas" found.
94 instances of "spas" found.
55 instances of "spas" found.
49 instances of "spas" found.
51 instances of "spas" found.
68 instances of "spas" found.
54 instances of "spas" found.
60 instances of "spas" found.
95 instances of "spas" found.
48 instances of "spas" found.
105 instances of "spas" found.
57 instances of "spas" found.
59 instances of "spas" found.
46 instances of "spas" found.
53 instances of "spas" found.
61 instances of "spas" found.
67 instances of "check-in" found.
74 instances of "check-in" found.
76 instances of "check-in" found.
77 instances of "check-in" found.
92 instances of "check-in" found.
61 instances of "check-in" found.
66 instances of "check-in" found.
76 instances of "check-in" found.
82 instances of "check-in" found.
71 instances of "check-in" found.
65 instances of "check-in" found.
70 instances of "check-in" found.
48 instances of "check-in" found.
65 instances of "check-in" found.
86 instances of "check-in" found.
85 instances of "check-in" found.
65 instances of "check-in" found.
77 instances of "check-in" found.
54 instances of "check-in" found.
60 instances of "check-in" found.
74 instances of "concierge" found.
64 instances of "concierge" found.
102 instances of "concierge" found.
85 instances of "concierge" found.
86 instances of "concierge" found.
73 instances of "concierge" found.
86 instances of "concierge" found.
91 instances of "concierge" found.
93 instances of "concierge" found.
80 instances of "concierge" found.
111 instances of "concierge" found.
78 instances of "concierge" found.
109 instances of "concierge" found.
81 instances of "concierge" found.
152 instances of "concierge" found.
77 instances of "concierge" found.
90 instances of "concierge" found.
112 instances of "concierge" found.
112 instances of "concierge" found.
103 instances of "concierge" found.
86 instances of "wyndham" found.
54 instances of "wyndham" found.
47 instances of "wyndham" found.
51 instances of "wyndham" found.
49 instances of "wyndham" found.
50 instances of "wyndham" found.
60 instances of "wyndham" found.
34 instances of "wyndham" found.
40 instances of "wyndham" found.
26 instances of "wyndham" found.
103 instances of "wyndham" found.
50 instances of "wyndham" found.
80 instances of "wyndham" found.
68 instances of "wyndham" found.
60 instances of "wyndham" found.
36 instances of "wyndham" found.
76 instances of "wyndham" found.
37 instances of "wyndham" found.
58 instances of "wyndham" found.
57 instances of "wyndham" found.
Saved topic: 304
