conText v3.0.1 successfully loaded. Note this version of the package comes with significant changes to the conText() function.
                        See Quick Start Guide for help getting started and instructions for accessing older versions of the package:
 https://github.com/prodriguezsosa/conText/blob/master/vignettes/quickstart.md
Package version: 4.3.1
Unicode version: 15.1
ICU version: 74.2
Parallel computing: 4 of 4 threads used.
See https://quanteda.io for tutorials and examples.

Attaching package: 'dplyr'

The following objects are masked from 'package:stats':

    filter, lag

The following objects are masked from 'package:base':

    intersect, setdiff, setequal, union

1762 instances of "liberal" found.
28 instances of "liberal-leaning" found.
135 instances of "liberalism" found.
501 instances of "liberals" found.
1812 instances of "liberal" found.
12 instances of "liberal-leaning" found.
180 instances of "liberalism" found.
597 instances of "liberals" found.
1832 instances of "liberal" found.
20 instances of "liberal-leaning" found.
133 instances of "liberalism" found.
585 instances of "liberals" found.
1947 instances of "liberal" found.
26 instances of "liberal-leaning" found.
108 instances of "liberalism" found.
523 instances of "liberals" found.
1830 instances of "liberal" found.
18 instances of "liberal-leaning" found.
130 instances of "liberalism" found.
612 instances of "liberals" found.
1811 instances of "liberal" found.
13 instances of "liberal-leaning" found.
112 instances of "liberalism" found.
584 instances of "liberals" found.
1809 instances of "liberal" found.
23 instances of "liberal-leaning" found.
100 instances of "liberalism" found.
565 instances of "liberals" found.
1864 instances of "liberal" found.
19 instances of "liberal-leaning" found.
132 instances of "liberalism" found.
542 instances of "liberals" found.
1864 instances of "liberal" found.
17 instances of "liberal-leaning" found.
163 instances of "liberalism" found.
597 instances of "liberals" found.
1781 instances of "liberal" found.
14 instances of "liberal-leaning" found.
145 instances of "liberalism" found.
534 instances of "liberals" found.
1927 instances of "liberal" found.
22 instances of "liberal-leaning" found.
157 instances of "liberalism" found.
572 instances of "liberals" found.
1725 instances of "liberal" found.
20 instances of "liberal-leaning" found.
116 instances of "liberalism" found.
538 instances of "liberals" found.
1800 instances of "liberal" found.
24 instances of "liberal-leaning" found.
124 instances of "liberalism" found.
621 instances of "liberals" found.
1815 instances of "liberal" found.
19 instances of "liberal-leaning" found.
140 instances of "liberalism" found.
653 instances of "liberals" found.
1890 instances of "liberal" found.
21 instances of "liberal-leaning" found.
124 instances of "liberalism" found.
639 instances of "liberals" found.
1833 instances of "liberal" found.
27 instances of "liberal-leaning" found.
132 instances of "liberalism" found.
585 instances of "liberals" found.
1877 instances of "liberal" found.
22 instances of "liberal-leaning" found.
157 instances of "liberalism" found.
564 instances of "liberals" found.
1854 instances of "liberal" found.
10 instances of "liberal-leaning" found.
115 instances of "liberalism" found.
607 instances of "liberals" found.
1801 instances of "liberal" found.
10 instances of "liberal-leaning" found.
120 instances of "liberalism" found.
584 instances of "liberals" found.
1836 instances of "liberal" found.
27 instances of "liberal-leaning" found.
129 instances of "liberalism" found.
557 instances of "liberals" found.
3555 instances of "conservative" found.
23 instances of "conservative-leaning" found.
1158 instances of "conservatives" found.
1 instances of "conservativism" found.
3518 instances of "conservative" found.
24 instances of "conservative-leaning" found.
1208 instances of "conservatives" found.
3318 instances of "conservative" found.
21 instances of "conservative-leaning" found.
1175 instances of "conservatives" found.
2 instances of "conservativism" found.
3786 instances of "conservative" found.
27 instances of "conservative-leaning" found.
1255 instances of "conservatives" found.
3 instances of "conservativism" found.
3538 instances of "conservative" found.
32 instances of "conservative-leaning" found.
1251 instances of "conservatives" found.
3 instances of "conservativism" found.
3672 instances of "conservative" found.
25 instances of "conservative-leaning" found.
1336 instances of "conservatives" found.
3 instances of "conservativism" found.
3487 instances of "conservative" found.
28 instances of "conservative-leaning" found.
1177 instances of "conservatives" found.
1 instances of "conservativism" found.
3561 instances of "conservative" found.
29 instances of "conservative-leaning" found.
1151 instances of "conservatives" found.
2 instances of "conservativism" found.
3640 instances of "conservative" found.
22 instances of "conservative-leaning" found.
1240 instances of "conservatives" found.
2 instances of "conservativism" found.
3479 instances of "conservative" found.
20 instances of "conservative-leaning" found.
1219 instances of "conservatives" found.
1 instances of "conservativism" found.
3728 instances of "conservative" found.
27 instances of "conservative-leaning" found.
1178 instances of "conservatives" found.
2 instances of "conservativism" found.
3649 instances of "conservative" found.
36 instances of "conservative-leaning" found.
1228 instances of "conservatives" found.
1 instances of "conservativism" found.
3522 instances of "conservative" found.
16 instances of "conservative-leaning" found.
1287 instances of "conservatives" found.
3 instances of "conservativism" found.
3643 instances of "conservative" found.
31 instances of "conservative-leaning" found.
1311 instances of "conservatives" found.
1 instances of "conservativism" found.
3532 instances of "conservative" found.
21 instances of "conservative-leaning" found.
1179 instances of "conservatives" found.
3800 instances of "conservative" found.
32 instances of "conservative-leaning" found.
1248 instances of "conservatives" found.
1 instances of "conservativism" found.
3477 instances of "conservative" found.
22 instances of "conservative-leaning" found.
1254 instances of "conservatives" found.
3630 instances of "conservative" found.
23 instances of "conservative-leaning" found.
1261 instances of "conservatives" found.
3412 instances of "conservative" found.
33 instances of "conservative-leaning" found.
1151 instances of "conservatives" found.
2 instances of "conservativism" found.
3577 instances of "conservative" found.
33 instances of "conservative-leaning" found.
1220 instances of "conservatives" found.
2 instances of "conservativism" found.
2997 instances of "democrat" found.
8856 instances of "democrats" found.
2932 instances of "democrat" found.
8765 instances of "democrats" found.
2957 instances of "democrat" found.
8737 instances of "democrats" found.
3147 instances of "democrat" found.
9116 instances of "democrats" found.
3019 instances of "democrat" found.
8881 instances of "democrats" found.
3127 instances of "democrat" found.
9362 instances of "democrats" found.
2978 instances of "democrat" found.
8845 instances of "democrats" found.
2962 instances of "democrat" found.
8716 instances of "democrats" found.
3005 instances of "democrat" found.
9120 instances of "democrats" found.
3108 instances of "democrat" found.
9292 instances of "democrats" found.
3018 instances of "democrat" found.
9153 instances of "democrats" found.
2919 instances of "democrat" found.
8428 instances of "democrats" found.
3071 instances of "democrat" found.
8818 instances of "democrats" found.
2992 instances of "democrat" found.
9117 instances of "democrats" found.
3015 instances of "democrat" found.
8979 instances of "democrats" found.
2890 instances of "democrat" found.
9093 instances of "democrats" found.
3078 instances of "democrat" found.
8805 instances of "democrats" found.
2980 instances of "democrat" found.
9052 instances of "democrats" found.
2922 instances of "democrat" found.
8774 instances of "democrats" found.
3032 instances of "democrat" found.
9138 instances of "democrats" found.
8735 instances of "republican" found.
7830 instances of "republicans" found.
8949 instances of "republican" found.
7733 instances of "republicans" found.
9152 instances of "republican" found.
7730 instances of "republicans" found.
9095 instances of "republican" found.
8037 instances of "republicans" found.
8615 instances of "republican" found.
7769 instances of "republicans" found.
8964 instances of "republican" found.
8161 instances of "republicans" found.
8707 instances of "republican" found.
7823 instances of "republicans" found.
8771 instances of "republican" found.
7527 instances of "republicans" found.
8655 instances of "republican" found.
8011 instances of "republicans" found.
8792 instances of "republican" found.
8052 instances of "republicans" found.
8900 instances of "republican" found.
7989 instances of "republicans" found.
8633 instances of "republican" found.
7442 instances of "republicans" found.
8725 instances of "republican" found.
7952 instances of "republicans" found.
8878 instances of "republican" found.
8263 instances of "republicans" found.
8781 instances of "republican" found.
7963 instances of "republicans" found.
9270 instances of "republican" found.
7933 instances of "republicans" found.
8633 instances of "republican" found.
7754 instances of "republicans" found.
9053 instances of "republican" found.
7857 instances of "republicans" found.
8868 instances of "republican" found.
7779 instances of "republicans" found.
8371 instances of "republican" found.
7700 instances of "republicans" found.
Anchor DEMs saved.
