conText v3.0.1 successfully loaded. Note this version of the package comes with significant changes to the conText() function.
                        See Quick Start Guide for help getting started and instructions for accessing older versions of the package:
 https://github.com/prodriguezsosa/conText/blob/master/vignettes/quickstart.md
Package version: 4.3.1
Unicode version: 15.1
ICU version: 74.2
Parallel computing: 2 of 2 threads used.
See https://quanteda.io for tutorials and examples.

Attaching package: 'dplyr'

The following objects are masked from 'package:stats':

    filter, lag

The following objects are masked from 'package:base':

    intersect, setdiff, setequal, union

Task 13 -> topic: 23
Processing topic: 23
2419 instances of "garden" found.
2476 instances of "garden" found.
2445 instances of "garden" found.
2643 instances of "garden" found.
2387 instances of "garden" found.
2401 instances of "garden" found.
2704 instances of "garden" found.
2395 instances of "garden" found.
2374 instances of "garden" found.
2389 instances of "garden" found.
2739 instances of "garden" found.
2460 instances of "garden" found.
2384 instances of "garden" found.
2333 instances of "garden" found.
2350 instances of "garden" found.
2490 instances of "garden" found.
2404 instances of "garden" found.
2367 instances of "garden" found.
2498 instances of "garden" found.
2494 instances of "garden" found.
1773 instances of "tree" found.
1610 instances of "tree" found.
1631 instances of "tree" found.
1816 instances of "tree" found.
1576 instances of "tree" found.
1625 instances of "tree" found.
1773 instances of "tree" found.
1614 instances of "tree" found.
1753 instances of "tree" found.
1596 instances of "tree" found.
1735 instances of "tree" found.
1630 instances of "tree" found.
1721 instances of "tree" found.
1645 instances of "tree" found.
1556 instances of "tree" found.
1633 instances of "tree" found.
1745 instances of "tree" found.
1841 instances of "tree" found.
1690 instances of "tree" found.
1645 instances of "tree" found.
2023 instances of "trees" found.
1868 instances of "trees" found.
1678 instances of "trees" found.
1801 instances of "trees" found.
1700 instances of "trees" found.
1789 instances of "trees" found.
1981 instances of "trees" found.
1710 instances of "trees" found.
1928 instances of "trees" found.
1629 instances of "trees" found.
1970 instances of "trees" found.
1753 instances of "trees" found.
1861 instances of "trees" found.
1652 instances of "trees" found.
1654 instances of "trees" found.
1756 instances of "trees" found.
1710 instances of "trees" found.
1612 instances of "trees" found.
1876 instances of "trees" found.
1800 instances of "trees" found.
1277 instances of "flowers" found.
1368 instances of "flowers" found.
1279 instances of "flowers" found.
1289 instances of "flowers" found.
1263 instances of "flowers" found.
1306 instances of "flowers" found.
1276 instances of "flowers" found.
1251 instances of "flowers" found.
1371 instances of "flowers" found.
1323 instances of "flowers" found.
1398 instances of "flowers" found.
1319 instances of "flowers" found.
1339 instances of "flowers" found.
1243 instances of "flowers" found.
1221 instances of "flowers" found.
1202 instances of "flowers" found.
1313 instances of "flowers" found.
1222 instances of "flowers" found.
1293 instances of "flowers" found.
1180 instances of "flowers" found.
529 instances of "flower" found.
580 instances of "flower" found.
524 instances of "flower" found.
537 instances of "flower" found.
524 instances of "flower" found.
552 instances of "flower" found.
540 instances of "flower" found.
547 instances of "flower" found.
519 instances of "flower" found.
547 instances of "flower" found.
574 instances of "flower" found.
485 instances of "flower" found.
560 instances of "flower" found.
556 instances of "flower" found.
481 instances of "flower" found.
529 instances of "flower" found.
541 instances of "flower" found.
550 instances of "flower" found.
543 instances of "flower" found.
541 instances of "flower" found.
520 instances of "planted" found.
445 instances of "planted" found.
423 instances of "planted" found.
412 instances of "planted" found.
386 instances of "planted" found.
449 instances of "planted" found.
504 instances of "planted" found.
450 instances of "planted" found.
435 instances of "planted" found.
473 instances of "planted" found.
427 instances of "planted" found.
430 instances of "planted" found.
464 instances of "planted" found.
453 instances of "planted" found.
427 instances of "planted" found.
430 instances of "planted" found.
410 instances of "planted" found.
430 instances of "planted" found.
471 instances of "planted" found.
484 instances of "planted" found.
414 instances of "leaf" found.
454 instances of "leaf" found.
508 instances of "leaf" found.
418 instances of "leaf" found.
503 instances of "leaf" found.
373 instances of "leaf" found.
497 instances of "leaf" found.
424 instances of "leaf" found.
457 instances of "leaf" found.
443 instances of "leaf" found.
455 instances of "leaf" found.
439 instances of "leaf" found.
389 instances of "leaf" found.
451 instances of "leaf" found.
429 instances of "leaf" found.
495 instances of "leaf" found.
411 instances of "leaf" found.
367 instances of "leaf" found.
417 instances of "leaf" found.
368 instances of "leaf" found.
628 instances of "seeds" found.
623 instances of "seeds" found.
649 instances of "seeds" found.
533 instances of "seeds" found.
606 instances of "seeds" found.
599 instances of "seeds" found.
611 instances of "seeds" found.
597 instances of "seeds" found.
595 instances of "seeds" found.
697 instances of "seeds" found.
579 instances of "seeds" found.
567 instances of "seeds" found.
594 instances of "seeds" found.
578 instances of "seeds" found.
550 instances of "seeds" found.
544 instances of "seeds" found.
596 instances of "seeds" found.
535 instances of "seeds" found.
571 instances of "seeds" found.
532 instances of "seeds" found.
320 instances of "varieties" found.
340 instances of "varieties" found.
357 instances of "varieties" found.
328 instances of "varieties" found.
353 instances of "varieties" found.
330 instances of "varieties" found.
431 instances of "varieties" found.
340 instances of "varieties" found.
329 instances of "varieties" found.
333 instances of "varieties" found.
335 instances of "varieties" found.
379 instances of "varieties" found.
323 instances of "varieties" found.
346 instances of "varieties" found.
324 instances of "varieties" found.
313 instances of "varieties" found.
364 instances of "varieties" found.
350 instances of "varieties" found.
369 instances of "varieties" found.
313 instances of "varieties" found.
231 instances of "roses" found.
254 instances of "roses" found.
255 instances of "roses" found.
258 instances of "roses" found.
273 instances of "roses" found.
268 instances of "roses" found.
271 instances of "roses" found.
315 instances of "roses" found.
301 instances of "roses" found.
241 instances of "roses" found.
294 instances of "roses" found.
299 instances of "roses" found.
246 instances of "roses" found.
244 instances of "roses" found.
282 instances of "roses" found.
249 instances of "roses" found.
235 instances of "roses" found.
230 instances of "roses" found.
256 instances of "roses" found.
254 instances of "roses" found.
319 instances of "planting" found.
269 instances of "planting" found.
297 instances of "planting" found.
296 instances of "planting" found.
263 instances of "planting" found.
285 instances of "planting" found.
326 instances of "planting" found.
325 instances of "planting" found.
351 instances of "planting" found.
335 instances of "planting" found.
347 instances of "planting" found.
352 instances of "planting" found.
325 instances of "planting" found.
337 instances of "planting" found.
328 instances of "planting" found.
333 instances of "planting" found.
306 instances of "planting" found.
296 instances of "planting" found.
341 instances of "planting" found.
284 instances of "planting" found.
218 instances of "gardeners" found.
184 instances of "gardeners" found.
187 instances of "gardeners" found.
154 instances of "gardeners" found.
154 instances of "gardeners" found.
187 instances of "gardeners" found.
207 instances of "gardeners" found.
154 instances of "gardeners" found.
198 instances of "gardeners" found.
140 instances of "gardeners" found.
208 instances of "gardeners" found.
207 instances of "gardeners" found.
178 instances of "gardeners" found.
196 instances of "gardeners" found.
183 instances of "gardeners" found.
175 instances of "gardeners" found.
209 instances of "gardeners" found.
180 instances of "gardeners" found.
218 instances of "gardeners" found.
196 instances of "gardeners" found.
189 instances of "bulbs" found.
184 instances of "bulbs" found.
267 instances of "bulbs" found.
203 instances of "bulbs" found.
147 instances of "bulbs" found.
227 instances of "bulbs" found.
273 instances of "bulbs" found.
174 instances of "bulbs" found.
223 instances of "bulbs" found.
230 instances of "bulbs" found.
230 instances of "bulbs" found.
226 instances of "bulbs" found.
275 instances of "bulbs" found.
260 instances of "bulbs" found.
206 instances of "bulbs" found.
318 instances of "bulbs" found.
171 instances of "bulbs" found.
255 instances of "bulbs" found.
233 instances of "bulbs" found.
274 instances of "bulbs" found.
200 instances of "bees" found.
166 instances of "bees" found.
225 instances of "bees" found.
172 instances of "bees" found.
160 instances of "bees" found.
124 instances of "bees" found.
230 instances of "bees" found.
160 instances of "bees" found.
278 instances of "bees" found.
147 instances of "bees" found.
168 instances of "bees" found.
135 instances of "bees" found.
177 instances of "bees" found.
134 instances of "bees" found.
268 instances of "bees" found.
127 instances of "bees" found.
334 instances of "bees" found.
143 instances of "bees" found.
158 instances of "bees" found.
215 instances of "bees" found.
111 instances of "foliage" found.
148 instances of "foliage" found.
173 instances of "foliage" found.
147 instances of "foliage" found.
115 instances of "foliage" found.
134 instances of "foliage" found.
170 instances of "foliage" found.
94 instances of "foliage" found.
182 instances of "foliage" found.
119 instances of "foliage" found.
152 instances of "foliage" found.
165 instances of "foliage" found.
123 instances of "foliage" found.
130 instances of "foliage" found.
143 instances of "foliage" found.
120 instances of "foliage" found.
173 instances of "foliage" found.
107 instances of "foliage" found.
134 instances of "foliage" found.
144 instances of "foliage" found.
220 instances of "gardening" found.
270 instances of "gardening" found.
265 instances of "gardening" found.
231 instances of "gardening" found.
214 instances of "gardening" found.
210 instances of "gardening" found.
247 instances of "gardening" found.
259 instances of "gardening" found.
217 instances of "gardening" found.
251 instances of "gardening" found.
258 instances of "gardening" found.
257 instances of "gardening" found.
288 instances of "gardening" found.
267 instances of "gardening" found.
247 instances of "gardening" found.
199 instances of "gardening" found.
227 instances of "gardening" found.
248 instances of "gardening" found.
235 instances of "gardening" found.
245 instances of "gardening" found.
172 instances of "gardener" found.
155 instances of "gardener" found.
165 instances of "gardener" found.
181 instances of "gardener" found.
164 instances of "gardener" found.
190 instances of "gardener" found.
200 instances of "gardener" found.
170 instances of "gardener" found.
176 instances of "gardener" found.
142 instances of "gardener" found.
212 instances of "gardener" found.
186 instances of "gardener" found.
169 instances of "gardener" found.
203 instances of "gardener" found.
165 instances of "gardener" found.
136 instances of "gardener" found.
180 instances of "gardener" found.
180 instances of "gardener" found.
173 instances of "gardener" found.
174 instances of "gardener" found.
116 instances of "bulb" found.
106 instances of "bulb" found.
118 instances of "bulb" found.
137 instances of "bulb" found.
111 instances of "bulb" found.
117 instances of "bulb" found.
137 instances of "bulb" found.
110 instances of "bulb" found.
137 instances of "bulb" found.
125 instances of "bulb" found.
133 instances of "bulb" found.
107 instances of "bulb" found.
120 instances of "bulb" found.
194 instances of "bulb" found.
118 instances of "bulb" found.
168 instances of "bulb" found.
133 instances of "bulb" found.
136 instances of "bulb" found.
166 instances of "bulb" found.
147 instances of "bulb" found.
124 instances of "insect" found.
138 instances of "insect" found.
154 instances of "insect" found.
135 instances of "insect" found.
117 instances of "insect" found.
123 instances of "insect" found.
156 instances of "insect" found.
120 instances of "insect" found.
119 instances of "insect" found.
121 instances of "insect" found.
143 instances of "insect" found.
119 instances of "insect" found.
152 instances of "insect" found.
109 instances of "insect" found.
122 instances of "insect" found.
160 instances of "insect" found.
145 instances of "insect" found.
119 instances of "insect" found.
170 instances of "insect" found.
157 instances of "insect" found.
149 instances of "blooms" found.
110 instances of "blooms" found.
124 instances of "blooms" found.
119 instances of "blooms" found.
116 instances of "blooms" found.
131 instances of "blooms" found.
119 instances of "blooms" found.
106 instances of "blooms" found.
139 instances of "blooms" found.
139 instances of "blooms" found.
124 instances of "blooms" found.
133 instances of "blooms" found.
105 instances of "blooms" found.
120 instances of "blooms" found.
98 instances of "blooms" found.
105 instances of "blooms" found.
107 instances of "blooms" found.
106 instances of "blooms" found.
120 instances of "blooms" found.
111 instances of "blooms" found.
83 instances of "flowering" found.
94 instances of "flowering" found.
92 instances of "flowering" found.
97 instances of "flowering" found.
109 instances of "flowering" found.
86 instances of "flowering" found.
126 instances of "flowering" found.
102 instances of "flowering" found.
94 instances of "flowering" found.
93 instances of "flowering" found.
114 instances of "flowering" found.
107 instances of "flowering" found.
104 instances of "flowering" found.
104 instances of "flowering" found.
94 instances of "flowering" found.
101 instances of "flowering" found.
110 instances of "flowering" found.
114 instances of "flowering" found.
113 instances of "flowering" found.
105 instances of "flowering" found.
121 instances of "blossoms" found.
118 instances of "blossoms" found.
121 instances of "blossoms" found.
136 instances of "blossoms" found.
94 instances of "blossoms" found.
146 instances of "blossoms" found.
163 instances of "blossoms" found.
98 instances of "blossoms" found.
139 instances of "blossoms" found.
120 instances of "blossoms" found.
167 instances of "blossoms" found.
117 instances of "blossoms" found.
134 instances of "blossoms" found.
135 instances of "blossoms" found.
133 instances of "blossoms" found.
121 instances of "blossoms" found.
98 instances of "blossoms" found.
103 instances of "blossoms" found.
100 instances of "blossoms" found.
123 instances of "blossoms" found.
64 instances of "pollen" found.
101 instances of "pollen" found.
76 instances of "pollen" found.
123 instances of "pollen" found.
94 instances of "pollen" found.
44 instances of "pollen" found.
77 instances of "pollen" found.
63 instances of "pollen" found.
81 instances of "pollen" found.
99 instances of "pollen" found.
81 instances of "pollen" found.
68 instances of "pollen" found.
82 instances of "pollen" found.
48 instances of "pollen" found.
77 instances of "pollen" found.
57 instances of "pollen" found.
112 instances of "pollen" found.
103 instances of "pollen" found.
126 instances of "pollen" found.
89 instances of "pollen" found.
109 instances of "shrubs" found.
103 instances of "shrubs" found.
122 instances of "shrubs" found.
103 instances of "shrubs" found.
105 instances of "shrubs" found.
101 instances of "shrubs" found.
122 instances of "shrubs" found.
92 instances of "shrubs" found.
105 instances of "shrubs" found.
108 instances of "shrubs" found.
125 instances of "shrubs" found.
127 instances of "shrubs" found.
92 instances of "shrubs" found.
116 instances of "shrubs" found.
92 instances of "shrubs" found.
112 instances of "shrubs" found.
117 instances of "shrubs" found.
100 instances of "shrubs" found.
93 instances of "shrubs" found.
90 instances of "shrubs" found.
115 instances of "watering" found.
118 instances of "watering" found.
147 instances of "watering" found.
98 instances of "watering" found.
103 instances of "watering" found.
99 instances of "watering" found.
114 instances of "watering" found.
110 instances of "watering" found.
119 instances of "watering" found.
102 instances of "watering" found.
121 instances of "watering" found.
143 instances of "watering" found.
116 instances of "watering" found.
136 instances of "watering" found.
96 instances of "watering" found.
130 instances of "watering" found.
101 instances of "watering" found.
119 instances of "watering" found.
114 instances of "watering" found.
119 instances of "watering" found.
98 instances of "grasses" found.
69 instances of "grasses" found.
66 instances of "grasses" found.
88 instances of "grasses" found.
92 instances of "grasses" found.
83 instances of "grasses" found.
82 instances of "grasses" found.
62 instances of "grasses" found.
76 instances of "grasses" found.
106 instances of "grasses" found.
93 instances of "grasses" found.
122 instances of "grasses" found.
73 instances of "grasses" found.
84 instances of "grasses" found.
91 instances of "grasses" found.
51 instances of "grasses" found.
84 instances of "grasses" found.
78 instances of "grasses" found.
97 instances of "grasses" found.
64 instances of "grasses" found.
81 instances of "seedlings" found.
61 instances of "seedlings" found.
56 instances of "seedlings" found.
37 instances of "seedlings" found.
62 instances of "seedlings" found.
65 instances of "seedlings" found.
61 instances of "seedlings" found.
76 instances of "seedlings" found.
60 instances of "seedlings" found.
64 instances of "seedlings" found.
59 instances of "seedlings" found.
73 instances of "seedlings" found.
63 instances of "seedlings" found.
41 instances of "seedlings" found.
50 instances of "seedlings" found.
44 instances of "seedlings" found.
44 instances of "seedlings" found.
44 instances of "seedlings" found.
44 instances of "seedlings" found.
47 instances of "seedlings" found.
47 instances of "botanic" found.
67 instances of "botanic" found.
83 instances of "botanic" found.
90 instances of "botanic" found.
95 instances of "botanic" found.
60 instances of "botanic" found.
57 instances of "botanic" found.
80 instances of "botanic" found.
60 instances of "botanic" found.
54 instances of "botanic" found.
110 instances of "botanic" found.
79 instances of "botanic" found.
89 instances of "botanic" found.
81 instances of "botanic" found.
81 instances of "botanic" found.
90 instances of "botanic" found.
84 instances of "botanic" found.
82 instances of "botanic" found.
114 instances of "botanic" found.
71 instances of "botanic" found.
72 instances of "blooming" found.
57 instances of "blooming" found.
87 instances of "blooming" found.
57 instances of "blooming" found.
60 instances of "blooming" found.
64 instances of "blooming" found.
92 instances of "blooming" found.
52 instances of "blooming" found.
80 instances of "blooming" found.
60 instances of "blooming" found.
73 instances of "blooming" found.
71 instances of "blooming" found.
79 instances of "blooming" found.
81 instances of "blooming" found.
82 instances of "blooming" found.
64 instances of "blooming" found.
57 instances of "blooming" found.
77 instances of "blooming" found.
79 instances of "blooming" found.
70 instances of "blooming" found.
79 instances of "compost" found.
102 instances of "compost" found.
97 instances of "compost" found.
100 instances of "compost" found.
108 instances of "compost" found.
96 instances of "compost" found.
116 instances of "compost" found.
98 instances of "compost" found.
87 instances of "compost" found.
75 instances of "compost" found.
138 instances of "compost" found.
98 instances of "compost" found.
100 instances of "compost" found.
114 instances of "compost" found.
132 instances of "compost" found.
71 instances of "compost" found.
117 instances of "compost" found.
84 instances of "compost" found.
136 instances of "compost" found.
92 instances of "compost" found.
61 instances of "botanical" found.
102 instances of "botanical" found.
58 instances of "botanical" found.
87 instances of "botanical" found.
86 instances of "botanical" found.
94 instances of "botanical" found.
54 instances of "botanical" found.
88 instances of "botanical" found.
63 instances of "botanical" found.
67 instances of "botanical" found.
87 instances of "botanical" found.
78 instances of "botanical" found.
79 instances of "botanical" found.
76 instances of "botanical" found.
82 instances of "botanical" found.
82 instances of "botanical" found.
62 instances of "botanical" found.
53 instances of "botanical" found.
62 instances of "botanical" found.
77 instances of "botanical" found.
Saved topic: 23
