conText v3.0.1 successfully loaded. Note this version of the package comes with significant changes to the conText() function.
                        See Quick Start Guide for help getting started and instructions for accessing older versions of the package:
 https://github.com/prodriguezsosa/conText/blob/master/vignettes/quickstart.md
Package version: 4.3.1
Unicode version: 15.1
ICU version: 74.2
Parallel computing: 2 of 2 threads used.
See https://quanteda.io for tutorials and examples.

Attaching package: 'dplyr'

The following objects are masked from 'package:stats':

    filter, lag

The following objects are masked from 'package:base':

    intersect, setdiff, setequal, union

Task 53 -> topic: 134
1351 instances of "portfolio" found.
1451 instances of "portfolio" found.
1478 instances of "portfolio" found.
1571 instances of "portfolio" found.
1554 instances of "portfolio" found.
1414 instances of "portfolio" found.
1537 instances of "portfolio" found.
1530 instances of "portfolio" found.
1468 instances of "portfolio" found.
1503 instances of "portfolio" found.
1448 instances of "portfolio" found.
1521 instances of "portfolio" found.
1489 instances of "portfolio" found.
1549 instances of "portfolio" found.
1382 instances of "portfolio" found.
1490 instances of "portfolio" found.
1433 instances of "portfolio" found.
1475 instances of "portfolio" found.
1433 instances of "portfolio" found.
1596 instances of "portfolio" found.
647 instances of "mutual-funds" found.
648 instances of "mutual-funds" found.
716 instances of "mutual-funds" found.
775 instances of "mutual-funds" found.
699 instances of "mutual-funds" found.
725 instances of "mutual-funds" found.
770 instances of "mutual-funds" found.
704 instances of "mutual-funds" found.
709 instances of "mutual-funds" found.
633 instances of "mutual-funds" found.
752 instances of "mutual-funds" found.
742 instances of "mutual-funds" found.
663 instances of "mutual-funds" found.
684 instances of "mutual-funds" found.
678 instances of "mutual-funds" found.
691 instances of "mutual-funds" found.
665 instances of "mutual-funds" found.
739 instances of "mutual-funds" found.
668 instances of "mutual-funds" found.
663 instances of "mutual-funds" found.
471 instances of "hedge-funds" found.
512 instances of "hedge-funds" found.
666 instances of "hedge-funds" found.
559 instances of "hedge-funds" found.
537 instances of "hedge-funds" found.
526 instances of "hedge-funds" found.
543 instances of "hedge-funds" found.
456 instances of "hedge-funds" found.
521 instances of "hedge-funds" found.
478 instances of "hedge-funds" found.
580 instances of "hedge-funds" found.
570 instances of "hedge-funds" found.
552 instances of "hedge-funds" found.
576 instances of "hedge-funds" found.
421 instances of "hedge-funds" found.
586 instances of "hedge-funds" found.
485 instances of "hedge-funds" found.
529 instances of "hedge-funds" found.
579 instances of "hedge-funds" found.
597 instances of "hedge-funds" found.
598 instances of "mutual-fund" found.
635 instances of "mutual-fund" found.
673 instances of "mutual-fund" found.
727 instances of "mutual-fund" found.
653 instances of "mutual-fund" found.
626 instances of "mutual-fund" found.
626 instances of "mutual-fund" found.
663 instances of "mutual-fund" found.
614 instances of "mutual-fund" found.
612 instances of "mutual-fund" found.
725 instances of "mutual-fund" found.
709 instances of "mutual-fund" found.
634 instances of "mutual-fund" found.
572 instances of "mutual-fund" found.
638 instances of "mutual-fund" found.
607 instances of "mutual-fund" found.
562 instances of "mutual-fund" found.
599 instances of "mutual-fund" found.
610 instances of "mutual-fund" found.
658 instances of "mutual-fund" found.
389 instances of "portfolios" found.
417 instances of "portfolios" found.
426 instances of "portfolios" found.
456 instances of "portfolios" found.
462 instances of "portfolios" found.
432 instances of "portfolios" found.
469 instances of "portfolios" found.
465 instances of "portfolios" found.
457 instances of "portfolios" found.
431 instances of "portfolios" found.
450 instances of "portfolios" found.
435 instances of "portfolios" found.
427 instances of "portfolios" found.
461 instances of "portfolios" found.
427 instances of "portfolios" found.
425 instances of "portfolios" found.
441 instances of "portfolios" found.
461 instances of "portfolios" found.
433 instances of "portfolios" found.
513 instances of "portfolios" found.
656 instances of "hedge-fund" found.
647 instances of "hedge-fund" found.
696 instances of "hedge-fund" found.
709 instances of "hedge-fund" found.
673 instances of "hedge-fund" found.
671 instances of "hedge-fund" found.
649 instances of "hedge-fund" found.
696 instances of "hedge-fund" found.
694 instances of "hedge-fund" found.
632 instances of "hedge-fund" found.
773 instances of "hedge-fund" found.
749 instances of "hedge-fund" found.
651 instances of "hedge-fund" found.
679 instances of "hedge-fund" found.
626 instances of "hedge-fund" found.
647 instances of "hedge-fund" found.
649 instances of "hedge-fund" found.
665 instances of "hedge-fund" found.
670 instances of "hedge-fund" found.
701 instances of "hedge-fund" found.
306 instances of "pension-funds" found.
282 instances of "pension-funds" found.
269 instances of "pension-funds" found.
298 instances of "pension-funds" found.
279 instances of "pension-funds" found.
261 instances of "pension-funds" found.
320 instances of "pension-funds" found.
315 instances of "pension-funds" found.
320 instances of "pension-funds" found.
251 instances of "pension-funds" found.
307 instances of "pension-funds" found.
296 instances of "pension-funds" found.
262 instances of "pension-funds" found.
298 instances of "pension-funds" found.
246 instances of "pension-funds" found.
339 instances of "pension-funds" found.
243 instances of "pension-funds" found.
270 instances of "pension-funds" found.
267 instances of "pension-funds" found.
285 instances of "pension-funds" found.
431 instances of "asset-management" found.
349 instances of "asset-management" found.
396 instances of "asset-management" found.
386 instances of "asset-management" found.
434 instances of "asset-management" found.
374 instances of "asset-management" found.
450 instances of "asset-management" found.
441 instances of "asset-management" found.
344 instances of "asset-management" found.
387 instances of "asset-management" found.
424 instances of "asset-management" found.
363 instances of "asset-management" found.
403 instances of "asset-management" found.
393 instances of "asset-management" found.
382 instances of "asset-management" found.
374 instances of "asset-management" found.
380 instances of "asset-management" found.
417 instances of "asset-management" found.
393 instances of "asset-management" found.
414 instances of "asset-management" found.
198 instances of "etf" found.
187 instances of "etf" found.
221 instances of "etf" found.
244 instances of "etf" found.
244 instances of "etf" found.
170 instances of "etf" found.
230 instances of "etf" found.
306 instances of "etf" found.
209 instances of "etf" found.
150 instances of "etf" found.
323 instances of "etf" found.
306 instances of "etf" found.
281 instances of "etf" found.
208 instances of "etf" found.
147 instances of "etf" found.
268 instances of "etf" found.
312 instances of "etf" found.
235 instances of "etf" found.
238 instances of "etf" found.
286 instances of "etf" found.
163 instances of "etfs" found.
219 instances of "etfs" found.
274 instances of "etfs" found.
282 instances of "etfs" found.
217 instances of "etfs" found.
216 instances of "etfs" found.
243 instances of "etfs" found.
275 instances of "etfs" found.
225 instances of "etfs" found.
159 instances of "etfs" found.
337 instances of "etfs" found.
309 instances of "etfs" found.
158 instances of "etfs" found.
247 instances of "etfs" found.
170 instances of "etfs" found.
276 instances of "etfs" found.
341 instances of "etfs" found.
218 instances of "etfs" found.
215 instances of "etfs" found.
240 instances of "etfs" found.
298 instances of "morningstar" found.
317 instances of "morningstar" found.
266 instances of "morningstar" found.
305 instances of "morningstar" found.
327 instances of "morningstar" found.
240 instances of "morningstar" found.
318 instances of "morningstar" found.
295 instances of "morningstar" found.
344 instances of "morningstar" found.
297 instances of "morningstar" found.
308 instances of "morningstar" found.
336 instances of "morningstar" found.
338 instances of "morningstar" found.
329 instances of "morningstar" found.
345 instances of "morningstar" found.
295 instances of "morningstar" found.
291 instances of "morningstar" found.
328 instances of "morningstar" found.
340 instances of "morningstar" found.
287 instances of "morningstar" found.
231 instances of "blackrock" found.
172 instances of "blackrock" found.
237 instances of "blackrock" found.
166 instances of "blackrock" found.
229 instances of "blackrock" found.
238 instances of "blackrock" found.
192 instances of "blackrock" found.
170 instances of "blackrock" found.
202 instances of "blackrock" found.
308 instances of "blackrock" found.
189 instances of "blackrock" found.
277 instances of "blackrock" found.
188 instances of "blackrock" found.
285 instances of "blackrock" found.
217 instances of "blackrock" found.
220 instances of "blackrock" found.
237 instances of "blackrock" found.
230 instances of "blackrock" found.
197 instances of "blackrock" found.
189 instances of "blackrock" found.
350 instances of "emerging-markets" found.
294 instances of "emerging-markets" found.
276 instances of "emerging-markets" found.
373 instances of "emerging-markets" found.
278 instances of "emerging-markets" found.
236 instances of "emerging-markets" found.
368 instances of "emerging-markets" found.
328 instances of "emerging-markets" found.
361 instances of "emerging-markets" found.
286 instances of "emerging-markets" found.
315 instances of "emerging-markets" found.
353 instances of "emerging-markets" found.
373 instances of "emerging-markets" found.
318 instances of "emerging-markets" found.
311 instances of "emerging-markets" found.
267 instances of "emerging-markets" found.
286 instances of "emerging-markets" found.
289 instances of "emerging-markets" found.
299 instances of "emerging-markets" found.
314 instances of "emerging-markets" found.
233 instances of "money-managers" found.
242 instances of "money-managers" found.
232 instances of "money-managers" found.
266 instances of "money-managers" found.
256 instances of "money-managers" found.
210 instances of "money-managers" found.
261 instances of "money-managers" found.
234 instances of "money-managers" found.
254 instances of "money-managers" found.
236 instances of "money-managers" found.
264 instances of "money-managers" found.
239 instances of "money-managers" found.
201 instances of "money-managers" found.
200 instances of "money-managers" found.
181 instances of "money-managers" found.
212 instances of "money-managers" found.
258 instances of "money-managers" found.
265 instances of "money-managers" found.
285 instances of "money-managers" found.
274 instances of "money-managers" found.
260 instances of "pension-fund" found.
232 instances of "pension-fund" found.
237 instances of "pension-fund" found.
190 instances of "pension-fund" found.
229 instances of "pension-fund" found.
216 instances of "pension-fund" found.
233 instances of "pension-fund" found.
222 instances of "pension-fund" found.
267 instances of "pension-fund" found.
212 instances of "pension-fund" found.
230 instances of "pension-fund" found.
220 instances of "pension-fund" found.
250 instances of "pension-fund" found.
208 instances of "pension-fund" found.
210 instances of "pension-fund" found.
241 instances of "pension-fund" found.
246 instances of "pension-fund" found.
252 instances of "pension-fund" found.
243 instances of "pension-fund" found.
229 instances of "pension-fund" found.
134 instances of "fund-managers" found.
180 instances of "fund-managers" found.
175 instances of "fund-managers" found.
198 instances of "fund-managers" found.
184 instances of "fund-managers" found.
199 instances of "fund-managers" found.
192 instances of "fund-managers" found.
199 instances of "fund-managers" found.
193 instances of "fund-managers" found.
190 instances of "fund-managers" found.
152 instances of "fund-managers" found.
188 instances of "fund-managers" found.
218 instances of "fund-managers" found.
185 instances of "fund-managers" found.
168 instances of "fund-managers" found.
170 instances of "fund-managers" found.
145 instances of "fund-managers" found.
220 instances of "fund-managers" found.
157 instances of "fund-managers" found.
187 instances of "fund-managers" found.
164 instances of "exchange-traded" found.
134 instances of "exchange-traded" found.
186 instances of "exchange-traded" found.
125 instances of "exchange-traded" found.
164 instances of "exchange-traded" found.
153 instances of "exchange-traded" found.
178 instances of "exchange-traded" found.
187 instances of "exchange-traded" found.
143 instances of "exchange-traded" found.
146 instances of "exchange-traded" found.
209 instances of "exchange-traded" found.
208 instances of "exchange-traded" found.
151 instances of "exchange-traded" found.
164 instances of "exchange-traded" found.
163 instances of "exchange-traded" found.
178 instances of "exchange-traded" found.
182 instances of "exchange-traded" found.
177 instances of "exchange-traded" found.
155 instances of "exchange-traded" found.
163 instances of "exchange-traded" found.
169 instances of "reits" found.
115 instances of "reits" found.
145 instances of "reits" found.
148 instances of "reits" found.
202 instances of "reits" found.
205 instances of "reits" found.
190 instances of "reits" found.
59 instances of "reits" found.
163 instances of "reits" found.
134 instances of "reits" found.
144 instances of "reits" found.
184 instances of "reits" found.
145 instances of "reits" found.
225 instances of "reits" found.
153 instances of "reits" found.
162 instances of "reits" found.
133 instances of "reits" found.
136 instances of "reits" found.
100 instances of "reits" found.
220 instances of "reits" found.
160 instances of "bond-funds" found.
193 instances of "bond-funds" found.
157 instances of "bond-funds" found.
180 instances of "bond-funds" found.
191 instances of "bond-funds" found.
179 instances of "bond-funds" found.
162 instances of "bond-funds" found.
143 instances of "bond-funds" found.
231 instances of "bond-funds" found.
168 instances of "bond-funds" found.
233 instances of "bond-funds" found.
186 instances of "bond-funds" found.
146 instances of "bond-funds" found.
230 instances of "bond-funds" found.
174 instances of "bond-funds" found.
195 instances of "bond-funds" found.
191 instances of "bond-funds" found.
222 instances of "bond-funds" found.
171 instances of "bond-funds" found.
165 instances of "bond-funds" found.
232 instances of "portfolio-manager" found.
264 instances of "portfolio-manager" found.
233 instances of "portfolio-manager" found.
254 instances of "portfolio-manager" found.
264 instances of "portfolio-manager" found.
233 instances of "portfolio-manager" found.
266 instances of "portfolio-manager" found.
243 instances of "portfolio-manager" found.
239 instances of "portfolio-manager" found.
271 instances of "portfolio-manager" found.
247 instances of "portfolio-manager" found.
255 instances of "portfolio-manager" found.
261 instances of "portfolio-manager" found.
258 instances of "portfolio-manager" found.
240 instances of "portfolio-manager" found.
294 instances of "portfolio-manager" found.
254 instances of "portfolio-manager" found.
249 instances of "portfolio-manager" found.
236 instances of "portfolio-manager" found.
258 instances of "portfolio-manager" found.
276 instances of "capital-management" found.
283 instances of "capital-management" found.
280 instances of "capital-management" found.
315 instances of "capital-management" found.
298 instances of "capital-management" found.
262 instances of "capital-management" found.
328 instances of "capital-management" found.
322 instances of "capital-management" found.
281 instances of "capital-management" found.
296 instances of "capital-management" found.
303 instances of "capital-management" found.
267 instances of "capital-management" found.
303 instances of "capital-management" found.
277 instances of "capital-management" found.
301 instances of "capital-management" found.
293 instances of "capital-management" found.
283 instances of "capital-management" found.
286 instances of "capital-management" found.
319 instances of "capital-management" found.
291 instances of "capital-management" found.
257 instances of "valuations" found.
258 instances of "valuations" found.
256 instances of "valuations" found.
240 instances of "valuations" found.
257 instances of "valuations" found.
266 instances of "valuations" found.
303 instances of "valuations" found.
264 instances of "valuations" found.
277 instances of "valuations" found.
274 instances of "valuations" found.
239 instances of "valuations" found.
243 instances of "valuations" found.
258 instances of "valuations" found.
248 instances of "valuations" found.
217 instances of "valuations" found.
250 instances of "valuations" found.
204 instances of "valuations" found.
255 instances of "valuations" found.
251 instances of "valuations" found.
304 instances of "valuations" found.
254 instances of "individual-investors" found.
181 instances of "individual-investors" found.
211 instances of "individual-investors" found.
192 instances of "individual-investors" found.
215 instances of "individual-investors" found.
223 instances of "individual-investors" found.
230 instances of "individual-investors" found.
261 instances of "individual-investors" found.
243 instances of "individual-investors" found.
260 instances of "individual-investors" found.
219 instances of "individual-investors" found.
215 instances of "individual-investors" found.
204 instances of "individual-investors" found.
225 instances of "individual-investors" found.
231 instances of "individual-investors" found.
199 instances of "individual-investors" found.
220 instances of "individual-investors" found.
241 instances of "individual-investors" found.
173 instances of "individual-investors" found.
189 instances of "individual-investors" found.
111 instances of "emerging-market" found.
93 instances of "emerging-market" found.
83 instances of "emerging-market" found.
111 instances of "emerging-market" found.
106 instances of "emerging-market" found.
76 instances of "emerging-market" found.
128 instances of "emerging-market" found.
105 instances of "emerging-market" found.
118 instances of "emerging-market" found.
100 instances of "emerging-market" found.
94 instances of "emerging-market" found.
102 instances of "emerging-market" found.
123 instances of "emerging-market" found.
98 instances of "emerging-market" found.
71 instances of "emerging-market" found.
93 instances of "emerging-market" found.
86 instances of "emerging-market" found.
78 instances of "emerging-market" found.
114 instances of "emerging-market" found.
111 instances of "emerging-market" found.
203 instances of "junk-bonds" found.
190 instances of "junk-bonds" found.
220 instances of "junk-bonds" found.
229 instances of "junk-bonds" found.
169 instances of "junk-bonds" found.
205 instances of "junk-bonds" found.
222 instances of "junk-bonds" found.
175 instances of "junk-bonds" found.
253 instances of "junk-bonds" found.
250 instances of "junk-bonds" found.
195 instances of "junk-bonds" found.
197 instances of "junk-bonds" found.
163 instances of "junk-bonds" found.
175 instances of "junk-bonds" found.
189 instances of "junk-bonds" found.
171 instances of "junk-bonds" found.
203 instances of "junk-bonds" found.
198 instances of "junk-bonds" found.
198 instances of "junk-bonds" found.
239 instances of "junk-bonds" found.
245 instances of "fixed-income" found.
266 instances of "fixed-income" found.
254 instances of "fixed-income" found.
251 instances of "fixed-income" found.
278 instances of "fixed-income" found.
273 instances of "fixed-income" found.
266 instances of "fixed-income" found.
239 instances of "fixed-income" found.
227 instances of "fixed-income" found.
273 instances of "fixed-income" found.
255 instances of "fixed-income" found.
240 instances of "fixed-income" found.
266 instances of "fixed-income" found.
246 instances of "fixed-income" found.
251 instances of "fixed-income" found.
235 instances of "fixed-income" found.
270 instances of "fixed-income" found.
242 instances of "fixed-income" found.
267 instances of "fixed-income" found.
240 instances of "fixed-income" found.
189 instances of "reit" found.
203 instances of "reit" found.
160 instances of "reit" found.
252 instances of "reit" found.
211 instances of "reit" found.
232 instances of "reit" found.
179 instances of "reit" found.
110 instances of "reit" found.
181 instances of "reit" found.
148 instances of "reit" found.
183 instances of "reit" found.
203 instances of "reit" found.
143 instances of "reit" found.
202 instances of "reit" found.
145 instances of "reit" found.
240 instances of "reit" found.
165 instances of "reit" found.
186 instances of "reit" found.
116 instances of "reit" found.
204 instances of "reit" found.
102 instances of "fidelity-investments" found.
96 instances of "fidelity-investments" found.
86 instances of "fidelity-investments" found.
122 instances of "fidelity-investments" found.
123 instances of "fidelity-investments" found.
99 instances of "fidelity-investments" found.
110 instances of "fidelity-investments" found.
126 instances of "fidelity-investments" found.
107 instances of "fidelity-investments" found.
104 instances of "fidelity-investments" found.
117 instances of "fidelity-investments" found.
104 instances of "fidelity-investments" found.
93 instances of "fidelity-investments" found.
105 instances of "fidelity-investments" found.
118 instances of "fidelity-investments" found.
104 instances of "fidelity-investments" found.
120 instances of "fidelity-investments" found.
103 instances of "fidelity-investments" found.
106 instances of "fidelity-investments" found.
112 instances of "fidelity-investments" found.
64 instances of "redemptions" found.
84 instances of "redemptions" found.
55 instances of "redemptions" found.
107 instances of "redemptions" found.
67 instances of "redemptions" found.
81 instances of "redemptions" found.
67 instances of "redemptions" found.
79 instances of "redemptions" found.
79 instances of "redemptions" found.
63 instances of "redemptions" found.
71 instances of "redemptions" found.
59 instances of "redemptions" found.
89 instances of "redemptions" found.
55 instances of "redemptions" found.
53 instances of "redemptions" found.
66 instances of "redemptions" found.
69 instances of "redemptions" found.
71 instances of "redemptions" found.
77 instances of "redemptions" found.
85 instances of "redemptions" found.
192 instances of "bull-market" found.
179 instances of "bull-market" found.
186 instances of "bull-market" found.
149 instances of "bull-market" found.
178 instances of "bull-market" found.
176 instances of "bull-market" found.
171 instances of "bull-market" found.
186 instances of "bull-market" found.
183 instances of "bull-market" found.
195 instances of "bull-market" found.
160 instances of "bull-market" found.
236 instances of "bull-market" found.
167 instances of "bull-market" found.
163 instances of "bull-market" found.
228 instances of "bull-market" found.
216 instances of "bull-market" found.
179 instances of "bull-market" found.
180 instances of "bull-market" found.
192 instances of "bull-market" found.
174 instances of "bull-market" found.
66 instances of "money-management" found.
69 instances of "money-management" found.
76 instances of "money-management" found.
80 instances of "money-management" found.
98 instances of "money-management" found.
65 instances of "money-management" found.
71 instances of "money-management" found.
80 instances of "money-management" found.
48 instances of "money-management" found.
75 instances of "money-management" found.
96 instances of "money-management" found.
75 instances of "money-management" found.
71 instances of "money-management" found.
57 instances of "money-management" found.
75 instances of "money-management" found.
44 instances of "money-management" found.
84 instances of "money-management" found.
68 instances of "money-management" found.
80 instances of "money-management" found.
64 instances of "money-management" found.
62 instances of "msci" found.
55 instances of "msci" found.
65 instances of "msci" found.
69 instances of "msci" found.
63 instances of "msci" found.
62 instances of "msci" found.
91 instances of "msci" found.
93 instances of "msci" found.
60 instances of "msci" found.
81 instances of "msci" found.
61 instances of "msci" found.
43 instances of "msci" found.
119 instances of "msci" found.
119 instances of "msci" found.
40 instances of "msci" found.
92 instances of "msci" found.
79 instances of "msci" found.
126 instances of "msci" found.
51 instances of "msci" found.
77 instances of "msci" found.
Saved topic: 134
