conText v3.0.1 successfully loaded. Note this version of the package comes with significant changes to the conText() function.
                        See Quick Start Guide for help getting started and instructions for accessing older versions of the package:
 https://github.com/prodriguezsosa/conText/blob/master/vignettes/quickstart.md
Package version: 4.3.1
Unicode version: 15.1
ICU version: 74.2
Parallel computing: 2 of 2 threads used.
See https://quanteda.io for tutorials and examples.

Attaching package: 'dplyr'

The following objects are masked from 'package:stats':

    filter, lag

The following objects are masked from 'package:base':

    intersect, setdiff, setequal, union

Task 109 -> topic: 280
Processing topic: 280
1737 instances of "climate" found.
1673 instances of "climate" found.
1672 instances of "climate" found.
1568 instances of "climate" found.
1730 instances of "climate" found.
1751 instances of "climate" found.
1703 instances of "climate" found.
1754 instances of "climate" found.
1830 instances of "climate" found.
1795 instances of "climate" found.
1689 instances of "climate" found.
1885 instances of "climate" found.
1749 instances of "climate" found.
1779 instances of "climate" found.
1637 instances of "climate" found.
1803 instances of "climate" found.
1640 instances of "climate" found.
1826 instances of "climate" found.
1751 instances of "climate" found.
1581 instances of "climate" found.
1242 instances of "climate-change" found.
969 instances of "climate-change" found.
1113 instances of "climate-change" found.
1106 instances of "climate-change" found.
1045 instances of "climate-change" found.
1030 instances of "climate-change" found.
1162 instances of "climate-change" found.
1214 instances of "climate-change" found.
1072 instances of "climate-change" found.
1113 instances of "climate-change" found.
1033 instances of "climate-change" found.
1211 instances of "climate-change" found.
1080 instances of "climate-change" found.
1112 instances of "climate-change" found.
1098 instances of "climate-change" found.
1138 instances of "climate-change" found.
1068 instances of "climate-change" found.
1111 instances of "climate-change" found.
1077 instances of "climate-change" found.
1064 instances of "climate-change" found.
912 instances of "emissions" found.
948 instances of "emissions" found.
904 instances of "emissions" found.
775 instances of "emissions" found.
849 instances of "emissions" found.
1044 instances of "emissions" found.
916 instances of "emissions" found.
1031 instances of "emissions" found.
870 instances of "emissions" found.
811 instances of "emissions" found.
793 instances of "emissions" found.
1047 instances of "emissions" found.
925 instances of "emissions" found.
854 instances of "emissions" found.
874 instances of "emissions" found.
808 instances of "emissions" found.
961 instances of "emissions" found.
887 instances of "emissions" found.
882 instances of "emissions" found.
933 instances of "emissions" found.
852 instances of "solar" found.
751 instances of "solar" found.
737 instances of "solar" found.
849 instances of "solar" found.
828 instances of "solar" found.
989 instances of "solar" found.
891 instances of "solar" found.
855 instances of "solar" found.
737 instances of "solar" found.
794 instances of "solar" found.
775 instances of "solar" found.
785 instances of "solar" found.
895 instances of "solar" found.
896 instances of "solar" found.
766 instances of "solar" found.
782 instances of "solar" found.
905 instances of "solar" found.
795 instances of "solar" found.
770 instances of "solar" found.
788 instances of "solar" found.
474 instances of "carbon" found.
610 instances of "carbon" found.
647 instances of "carbon" found.
517 instances of "carbon" found.
530 instances of "carbon" found.
608 instances of "carbon" found.
594 instances of "carbon" found.
624 instances of "carbon" found.
546 instances of "carbon" found.
591 instances of "carbon" found.
554 instances of "carbon" found.
657 instances of "carbon" found.
489 instances of "carbon" found.
578 instances of "carbon" found.
653 instances of "carbon" found.
514 instances of "carbon" found.
566 instances of "carbon" found.
618 instances of "carbon" found.
540 instances of "carbon" found.
634 instances of "carbon" found.
394 instances of "global-warming" found.
355 instances of "global-warming" found.
385 instances of "global-warming" found.
345 instances of "global-warming" found.
369 instances of "global-warming" found.
367 instances of "global-warming" found.
334 instances of "global-warming" found.
417 instances of "global-warming" found.
380 instances of "global-warming" found.
338 instances of "global-warming" found.
384 instances of "global-warming" found.
380 instances of "global-warming" found.
400 instances of "global-warming" found.
404 instances of "global-warming" found.
350 instances of "global-warming" found.
379 instances of "global-warming" found.
366 instances of "global-warming" found.
325 instances of "global-warming" found.
442 instances of "global-warming" found.
404 instances of "global-warming" found.
520 instances of "pollution" found.
554 instances of "pollution" found.
642 instances of "pollution" found.
598 instances of "pollution" found.
608 instances of "pollution" found.
654 instances of "pollution" found.
616 instances of "pollution" found.
666 instances of "pollution" found.
654 instances of "pollution" found.
629 instances of "pollution" found.
607 instances of "pollution" found.
665 instances of "pollution" found.
604 instances of "pollution" found.
640 instances of "pollution" found.
619 instances of "pollution" found.
648 instances of "pollution" found.
624 instances of "pollution" found.
655 instances of "pollution" found.
653 instances of "pollution" found.
588 instances of "pollution" found.
234 instances of "renewable-energy" found.
234 instances of "renewable-energy" found.
205 instances of "renewable-energy" found.
205 instances of "renewable-energy" found.
236 instances of "renewable-energy" found.
261 instances of "renewable-energy" found.
235 instances of "renewable-energy" found.
243 instances of "renewable-energy" found.
173 instances of "renewable-energy" found.
228 instances of "renewable-energy" found.
185 instances of "renewable-energy" found.
249 instances of "renewable-energy" found.
204 instances of "renewable-energy" found.
204 instances of "renewable-energy" found.
251 instances of "renewable-energy" found.
197 instances of "renewable-energy" found.
226 instances of "renewable-energy" found.
218 instances of "renewable-energy" found.
237 instances of "renewable-energy" found.
189 instances of "renewable-energy" found.
313 instances of "carbon-dioxide" found.
344 instances of "carbon-dioxide" found.
336 instances of "carbon-dioxide" found.
264 instances of "carbon-dioxide" found.
263 instances of "carbon-dioxide" found.
296 instances of "carbon-dioxide" found.
293 instances of "carbon-dioxide" found.
295 instances of "carbon-dioxide" found.
307 instances of "carbon-dioxide" found.
238 instances of "carbon-dioxide" found.
263 instances of "carbon-dioxide" found.
335 instances of "carbon-dioxide" found.
285 instances of "carbon-dioxide" found.
327 instances of "carbon-dioxide" found.
305 instances of "carbon-dioxide" found.
305 instances of "carbon-dioxide" found.
319 instances of "carbon-dioxide" found.
263 instances of "carbon-dioxide" found.
322 instances of "carbon-dioxide" found.
366 instances of "carbon-dioxide" found.
192 instances of "fossil-fuels" found.
215 instances of "fossil-fuels" found.
197 instances of "fossil-fuels" found.
184 instances of "fossil-fuels" found.
218 instances of "fossil-fuels" found.
209 instances of "fossil-fuels" found.
201 instances of "fossil-fuels" found.
217 instances of "fossil-fuels" found.
226 instances of "fossil-fuels" found.
210 instances of "fossil-fuels" found.
188 instances of "fossil-fuels" found.
228 instances of "fossil-fuels" found.
176 instances of "fossil-fuels" found.
207 instances of "fossil-fuels" found.
219 instances of "fossil-fuels" found.
205 instances of "fossil-fuels" found.
210 instances of "fossil-fuels" found.
212 instances of "fossil-fuels" found.
197 instances of "fossil-fuels" found.
213 instances of "fossil-fuels" found.
186 instances of "clean-energy" found.
165 instances of "clean-energy" found.
181 instances of "clean-energy" found.
173 instances of "clean-energy" found.
168 instances of "clean-energy" found.
205 instances of "clean-energy" found.
145 instances of "clean-energy" found.
232 instances of "clean-energy" found.
156 instances of "clean-energy" found.
200 instances of "clean-energy" found.
159 instances of "clean-energy" found.
222 instances of "clean-energy" found.
179 instances of "clean-energy" found.
201 instances of "clean-energy" found.
156 instances of "clean-energy" found.
158 instances of "clean-energy" found.
198 instances of "clean-energy" found.
174 instances of "clean-energy" found.
209 instances of "clean-energy" found.
196 instances of "clean-energy" found.
257 instances of "power-plants" found.
296 instances of "power-plants" found.
274 instances of "power-plants" found.
233 instances of "power-plants" found.
288 instances of "power-plants" found.
305 instances of "power-plants" found.
275 instances of "power-plants" found.
361 instances of "power-plants" found.
242 instances of "power-plants" found.
278 instances of "power-plants" found.
261 instances of "power-plants" found.
245 instances of "power-plants" found.
259 instances of "power-plants" found.
237 instances of "power-plants" found.
251 instances of "power-plants" found.
287 instances of "power-plants" found.
296 instances of "power-plants" found.
276 instances of "power-plants" found.
290 instances of "power-plants" found.
288 instances of "power-plants" found.
204 instances of "clean-air" found.
166 instances of "clean-air" found.
201 instances of "clean-air" found.
202 instances of "clean-air" found.
172 instances of "clean-air" found.
215 instances of "clean-air" found.
197 instances of "clean-air" found.
248 instances of "clean-air" found.
193 instances of "clean-air" found.
183 instances of "clean-air" found.
196 instances of "clean-air" found.
181 instances of "clean-air" found.
199 instances of "clean-air" found.
150 instances of "clean-air" found.
241 instances of "clean-air" found.
196 instances of "clean-air" found.
208 instances of "clean-air" found.
155 instances of "clean-air" found.
203 instances of "clean-air" found.
206 instances of "clean-air" found.
302 instances of "warming" found.
319 instances of "warming" found.
325 instances of "warming" found.
315 instances of "warming" found.
295 instances of "warming" found.
282 instances of "warming" found.
305 instances of "warming" found.
353 instances of "warming" found.
296 instances of "warming" found.
303 instances of "warming" found.
285 instances of "warming" found.
294 instances of "warming" found.
258 instances of "warming" found.
313 instances of "warming" found.
328 instances of "warming" found.
299 instances of "warming" found.
293 instances of "warming" found.
287 instances of "warming" found.
356 instances of "warming" found.
285 instances of "warming" found.
349 instances of "recycling" found.
436 instances of "recycling" found.
303 instances of "recycling" found.
326 instances of "recycling" found.
321 instances of "recycling" found.
406 instances of "recycling" found.
369 instances of "recycling" found.
327 instances of "recycling" found.
395 instances of "recycling" found.
424 instances of "recycling" found.
470 instances of "recycling" found.
462 instances of "recycling" found.
375 instances of "recycling" found.
378 instances of "recycling" found.
414 instances of "recycling" found.
329 instances of "recycling" found.
316 instances of "recycling" found.
358 instances of "recycling" found.
421 instances of "recycling" found.
408 instances of "recycling" found.
191 instances of "sustainability" found.
127 instances of "sustainability" found.
171 instances of "sustainability" found.
143 instances of "sustainability" found.
193 instances of "sustainability" found.
193 instances of "sustainability" found.
160 instances of "sustainability" found.
151 instances of "sustainability" found.
179 instances of "sustainability" found.
158 instances of "sustainability" found.
151 instances of "sustainability" found.
169 instances of "sustainability" found.
168 instances of "sustainability" found.
170 instances of "sustainability" found.
192 instances of "sustainability" found.
145 instances of "sustainability" found.
180 instances of "sustainability" found.
148 instances of "sustainability" found.
167 instances of "sustainability" found.
140 instances of "sustainability" found.
143 instances of "fossil-fuel" found.
146 instances of "fossil-fuel" found.
138 instances of "fossil-fuel" found.
137 instances of "fossil-fuel" found.
163 instances of "fossil-fuel" found.
151 instances of "fossil-fuel" found.
136 instances of "fossil-fuel" found.
162 instances of "fossil-fuel" found.
150 instances of "fossil-fuel" found.
175 instances of "fossil-fuel" found.
133 instances of "fossil-fuel" found.
152 instances of "fossil-fuel" found.
173 instances of "fossil-fuel" found.
144 instances of "fossil-fuel" found.
150 instances of "fossil-fuel" found.
145 instances of "fossil-fuel" found.
136 instances of "fossil-fuel" found.
164 instances of "fossil-fuel" found.
160 instances of "fossil-fuel" found.
141 instances of "fossil-fuel" found.
137 instances of "solar-panels" found.
144 instances of "solar-panels" found.
136 instances of "solar-panels" found.
136 instances of "solar-panels" found.
163 instances of "solar-panels" found.
153 instances of "solar-panels" found.
129 instances of "solar-panels" found.
138 instances of "solar-panels" found.
101 instances of "solar-panels" found.
178 instances of "solar-panels" found.
125 instances of "solar-panels" found.
146 instances of "solar-panels" found.
137 instances of "solar-panels" found.
145 instances of "solar-panels" found.
139 instances of "solar-panels" found.
99 instances of "solar-panels" found.
182 instances of "solar-panels" found.
111 instances of "solar-panels" found.
182 instances of "solar-panels" found.
106 instances of "solar-panels" found.
158 instances of "methane" found.
172 instances of "methane" found.
213 instances of "methane" found.
117 instances of "methane" found.
112 instances of "methane" found.
162 instances of "methane" found.
199 instances of "methane" found.
172 instances of "methane" found.
120 instances of "methane" found.
159 instances of "methane" found.
99 instances of "methane" found.
236 instances of "methane" found.
118 instances of "methane" found.
106 instances of "methane" found.
134 instances of "methane" found.
86 instances of "methane" found.
157 instances of "methane" found.
209 instances of "methane" found.
190 instances of "methane" found.
140 instances of "methane" found.
101 instances of "greenhouse-gases" found.
129 instances of "greenhouse-gases" found.
113 instances of "greenhouse-gases" found.
95 instances of "greenhouse-gases" found.
109 instances of "greenhouse-gases" found.
146 instances of "greenhouse-gases" found.
126 instances of "greenhouse-gases" found.
135 instances of "greenhouse-gases" found.
128 instances of "greenhouse-gases" found.
110 instances of "greenhouse-gases" found.
90 instances of "greenhouse-gases" found.
126 instances of "greenhouse-gases" found.
119 instances of "greenhouse-gases" found.
97 instances of "greenhouse-gases" found.
118 instances of "greenhouse-gases" found.
114 instances of "greenhouse-gases" found.
122 instances of "greenhouse-gases" found.
124 instances of "greenhouse-gases" found.
111 instances of "greenhouse-gases" found.
89 instances of "greenhouse-gases" found.
108 instances of "esg" found.
90 instances of "esg" found.
44 instances of "esg" found.
72 instances of "esg" found.
95 instances of "esg" found.
49 instances of "esg" found.
58 instances of "esg" found.
60 instances of "esg" found.
59 instances of "esg" found.
40 instances of "esg" found.
100 instances of "esg" found.
71 instances of "esg" found.
101 instances of "esg" found.
79 instances of "esg" found.
79 instances of "esg" found.
163 instances of "esg" found.
60 instances of "esg" found.
156 instances of "esg" found.
61 instances of "esg" found.
71 instances of "esg" found.
150 instances of "renewable" found.
112 instances of "renewable" found.
135 instances of "renewable" found.
146 instances of "renewable" found.
150 instances of "renewable" found.
154 instances of "renewable" found.
141 instances of "renewable" found.
169 instances of "renewable" found.
95 instances of "renewable" found.
173 instances of "renewable" found.
108 instances of "renewable" found.
121 instances of "renewable" found.
150 instances of "renewable" found.
155 instances of "renewable" found.
135 instances of "renewable" found.
128 instances of "renewable" found.
151 instances of "renewable" found.
161 instances of "renewable" found.
135 instances of "renewable" found.
128 instances of "renewable" found.
99 instances of "carbon-emissions" found.
126 instances of "carbon-emissions" found.
159 instances of "carbon-emissions" found.
116 instances of "carbon-emissions" found.
125 instances of "carbon-emissions" found.
136 instances of "carbon-emissions" found.
134 instances of "carbon-emissions" found.
132 instances of "carbon-emissions" found.
126 instances of "carbon-emissions" found.
98 instances of "carbon-emissions" found.
112 instances of "carbon-emissions" found.
117 instances of "carbon-emissions" found.
137 instances of "carbon-emissions" found.
106 instances of "carbon-emissions" found.
104 instances of "carbon-emissions" found.
112 instances of "carbon-emissions" found.
139 instances of "carbon-emissions" found.
133 instances of "carbon-emissions" found.
120 instances of "carbon-emissions" found.
145 instances of "carbon-emissions" found.
127 instances of "greenhouse-gas" found.
134 instances of "greenhouse-gas" found.
126 instances of "greenhouse-gas" found.
113 instances of "greenhouse-gas" found.
121 instances of "greenhouse-gas" found.
122 instances of "greenhouse-gas" found.
133 instances of "greenhouse-gas" found.
122 instances of "greenhouse-gas" found.
129 instances of "greenhouse-gas" found.
104 instances of "greenhouse-gas" found.
112 instances of "greenhouse-gas" found.
146 instances of "greenhouse-gas" found.
100 instances of "greenhouse-gas" found.
99 instances of "greenhouse-gas" found.
104 instances of "greenhouse-gas" found.
110 instances of "greenhouse-gas" found.
123 instances of "greenhouse-gas" found.
117 instances of "greenhouse-gas" found.
98 instances of "greenhouse-gas" found.
128 instances of "greenhouse-gas" found.
98 instances of "greenhouse-gas-emissions" found.
86 instances of "greenhouse-gas-emissions" found.
106 instances of "greenhouse-gas-emissions" found.
98 instances of "greenhouse-gas-emissions" found.
96 instances of "greenhouse-gas-emissions" found.
104 instances of "greenhouse-gas-emissions" found.
108 instances of "greenhouse-gas-emissions" found.
125 instances of "greenhouse-gas-emissions" found.
108 instances of "greenhouse-gas-emissions" found.
82 instances of "greenhouse-gas-emissions" found.
90 instances of "greenhouse-gas-emissions" found.
117 instances of "greenhouse-gas-emissions" found.
132 instances of "greenhouse-gas-emissions" found.
84 instances of "greenhouse-gas-emissions" found.
107 instances of "greenhouse-gas-emissions" found.
105 instances of "greenhouse-gas-emissions" found.
99 instances of "greenhouse-gas-emissions" found.
95 instances of "greenhouse-gas-emissions" found.
122 instances of "greenhouse-gas-emissions" found.
95 instances of "greenhouse-gas-emissions" found.
28 instances of "hydropower" found.
20 instances of "hydropower" found.
26 instances of "hydropower" found.
16 instances of "hydropower" found.
20 instances of "hydropower" found.
21 instances of "hydropower" found.
37 instances of "hydropower" found.
57 instances of "hydropower" found.
34 instances of "hydropower" found.
30 instances of "hydropower" found.
37 instances of "hydropower" found.
27 instances of "hydropower" found.
17 instances of "hydropower" found.
29 instances of "hydropower" found.
54 instances of "hydropower" found.
23 instances of "hydropower" found.
25 instances of "hydropower" found.
17 instances of "hydropower" found.
14 instances of "hydropower" found.
23 instances of "hydropower" found.
93 instances of "coal-fired" found.
116 instances of "coal-fired" found.
102 instances of "coal-fired" found.
87 instances of "coal-fired" found.
113 instances of "coal-fired" found.
125 instances of "coal-fired" found.
117 instances of "coal-fired" found.
122 instances of "coal-fired" found.
82 instances of "coal-fired" found.
119 instances of "coal-fired" found.
94 instances of "coal-fired" found.
97 instances of "coal-fired" found.
90 instances of "coal-fired" found.
80 instances of "coal-fired" found.
105 instances of "coal-fired" found.
95 instances of "coal-fired" found.
111 instances of "coal-fired" found.
103 instances of "coal-fired" found.
115 instances of "coal-fired" found.
111 instances of "coal-fired" found.
154 instances of "greenhouse" found.
168 instances of "greenhouse" found.
126 instances of "greenhouse" found.
173 instances of "greenhouse" found.
115 instances of "greenhouse" found.
141 instances of "greenhouse" found.
129 instances of "greenhouse" found.
181 instances of "greenhouse" found.
140 instances of "greenhouse" found.
122 instances of "greenhouse" found.
149 instances of "greenhouse" found.
188 instances of "greenhouse" found.
137 instances of "greenhouse" found.
135 instances of "greenhouse" found.
125 instances of "greenhouse" found.
212 instances of "greenhouse" found.
145 instances of "greenhouse" found.
136 instances of "greenhouse" found.
154 instances of "greenhouse" found.
132 instances of "greenhouse" found.
119 instances of "gases" found.
135 instances of "gases" found.
143 instances of "gases" found.
98 instances of "gases" found.
95 instances of "gases" found.
109 instances of "gases" found.
107 instances of "gases" found.
112 instances of "gases" found.
116 instances of "gases" found.
123 instances of "gases" found.
108 instances of "gases" found.
149 instances of "gases" found.
112 instances of "gases" found.
119 instances of "gases" found.
126 instances of "gases" found.
122 instances of "gases" found.
95 instances of "gases" found.
110 instances of "gases" found.
118 instances of "gases" found.
102 instances of "gases" found.
83 instances of "emit" found.
74 instances of "emit" found.
79 instances of "emit" found.
75 instances of "emit" found.
77 instances of "emit" found.
91 instances of "emit" found.
79 instances of "emit" found.
86 instances of "emit" found.
75 instances of "emit" found.
65 instances of "emit" found.
74 instances of "emit" found.
82 instances of "emit" found.
88 instances of "emit" found.
77 instances of "emit" found.
73 instances of "emit" found.
79 instances of "emit" found.
94 instances of "emit" found.
85 instances of "emit" found.
86 instances of "emit" found.
82 instances of "emit" found.
Saved topic: 280
