conText v3.0.1 successfully loaded. Note this version of the package comes with significant changes to the conText() function.
                        See Quick Start Guide for help getting started and instructions for accessing older versions of the package:
 https://github.com/prodriguezsosa/conText/blob/master/vignettes/quickstart.md
Package version: 4.3.1
Unicode version: 15.1
ICU version: 74.2
Parallel computing: 2 of 2 threads used.
See https://quanteda.io for tutorials and examples.

Attaching package: 'dplyr'

The following objects are masked from 'package:stats':

    filter, lag

The following objects are masked from 'package:base':

    intersect, setdiff, setequal, union

Task 94 -> topic: 227
Processing topic: 227
3631 instances of "drugs" found.
3220 instances of "drugs" found.
3282 instances of "drugs" found.
3711 instances of "drugs" found.
3473 instances of "drugs" found.
3506 instances of "drugs" found.
3358 instances of "drugs" found.
3344 instances of "drugs" found.
3219 instances of "drugs" found.
3676 instances of "drugs" found.
3644 instances of "drugs" found.
3706 instances of "drugs" found.
3480 instances of "drugs" found.
3304 instances of "drugs" found.
3470 instances of "drugs" found.
3383 instances of "drugs" found.
3423 instances of "drugs" found.
3526 instances of "drugs" found.
3269 instances of "drugs" found.
3380 instances of "drugs" found.
1336 instances of "fda" found.
1288 instances of "fda" found.
1228 instances of "fda" found.
1435 instances of "fda" found.
1209 instances of "fda" found.
1228 instances of "fda" found.
1195 instances of "fda" found.
1351 instances of "fda" found.
1216 instances of "fda" found.
1438 instances of "fda" found.
1154 instances of "fda" found.
1417 instances of "fda" found.
1294 instances of "fda" found.
1092 instances of "fda" found.
1283 instances of "fda" found.
1383 instances of "fda" found.
1240 instances of "fda" found.
1394 instances of "fda" found.
1298 instances of "fda" found.
1435 instances of "fda" found.
569 instances of "pfizer" found.
623 instances of "pfizer" found.
460 instances of "pfizer" found.
543 instances of "pfizer" found.
511 instances of "pfizer" found.
608 instances of "pfizer" found.
596 instances of "pfizer" found.
545 instances of "pfizer" found.
442 instances of "pfizer" found.
596 instances of "pfizer" found.
634 instances of "pfizer" found.
625 instances of "pfizer" found.
511 instances of "pfizer" found.
520 instances of "pfizer" found.
524 instances of "pfizer" found.
575 instances of "pfizer" found.
610 instances of "pfizer" found.
574 instances of "pfizer" found.
582 instances of "pfizer" found.
571 instances of "pfizer" found.
674 instances of "drug-administration" found.
636 instances of "drug-administration" found.
573 instances of "drug-administration" found.
708 instances of "drug-administration" found.
651 instances of "drug-administration" found.
664 instances of "drug-administration" found.
613 instances of "drug-administration" found.
662 instances of "drug-administration" found.
589 instances of "drug-administration" found.
688 instances of "drug-administration" found.
613 instances of "drug-administration" found.
686 instances of "drug-administration" found.
620 instances of "drug-administration" found.
595 instances of "drug-administration" found.
620 instances of "drug-administration" found.
679 instances of "drug-administration" found.
628 instances of "drug-administration" found.
677 instances of "drug-administration" found.
642 instances of "drug-administration" found.
667 instances of "drug-administration" found.
400 instances of "merck" found.
478 instances of "merck" found.
384 instances of "merck" found.
404 instances of "merck" found.
507 instances of "merck" found.
590 instances of "merck" found.
480 instances of "merck" found.
481 instances of "merck" found.
446 instances of "merck" found.
494 instances of "merck" found.
453 instances of "merck" found.
460 instances of "merck" found.
400 instances of "merck" found.
447 instances of "merck" found.
411 instances of "merck" found.
584 instances of "merck" found.
529 instances of "merck" found.
489 instances of "merck" found.
447 instances of "merck" found.
463 instances of "merck" found.
561 instances of "pharmaceutical" found.
547 instances of "pharmaceutical" found.
569 instances of "pharmaceutical" found.
675 instances of "pharmaceutical" found.
614 instances of "pharmaceutical" found.
583 instances of "pharmaceutical" found.
624 instances of "pharmaceutical" found.
638 instances of "pharmaceutical" found.
588 instances of "pharmaceutical" found.
559 instances of "pharmaceutical" found.
656 instances of "pharmaceutical" found.
614 instances of "pharmaceutical" found.
604 instances of "pharmaceutical" found.
586 instances of "pharmaceutical" found.
611 instances of "pharmaceutical" found.
596 instances of "pharmaceutical" found.
556 instances of "pharmaceutical" found.
623 instances of "pharmaceutical" found.
595 instances of "pharmaceutical" found.
622 instances of "pharmaceutical" found.
393 instances of "pharmaceuticals" found.
353 instances of "pharmaceuticals" found.
381 instances of "pharmaceuticals" found.
403 instances of "pharmaceuticals" found.
371 instances of "pharmaceuticals" found.
372 instances of "pharmaceuticals" found.
337 instances of "pharmaceuticals" found.
406 instances of "pharmaceuticals" found.
342 instances of "pharmaceuticals" found.
379 instances of "pharmaceuticals" found.
399 instances of "pharmaceuticals" found.
400 instances of "pharmaceuticals" found.
382 instances of "pharmaceuticals" found.
377 instances of "pharmaceuticals" found.
376 instances of "pharmaceuticals" found.
403 instances of "pharmaceuticals" found.
392 instances of "pharmaceuticals" found.
391 instances of "pharmaceuticals" found.
387 instances of "pharmaceuticals" found.
401 instances of "pharmaceuticals" found.
261 instances of "f.d.a" found.
223 instances of "f.d.a" found.
240 instances of "f.d.a" found.
266 instances of "f.d.a" found.
282 instances of "f.d.a" found.
230 instances of "f.d.a" found.
327 instances of "f.d.a" found.
238 instances of "f.d.a" found.
240 instances of "f.d.a" found.
263 instances of "f.d.a" found.
294 instances of "f.d.a" found.
222 instances of "f.d.a" found.
319 instances of "f.d.a" found.
269 instances of "f.d.a" found.
299 instances of "f.d.a" found.
327 instances of "f.d.a" found.
278 instances of "f.d.a" found.
285 instances of "f.d.a" found.
237 instances of "f.d.a" found.
331 instances of "f.d.a" found.
787 instances of "trials" found.
879 instances of "trials" found.
816 instances of "trials" found.
809 instances of "trials" found.
874 instances of "trials" found.
803 instances of "trials" found.
867 instances of "trials" found.
873 instances of "trials" found.
876 instances of "trials" found.
833 instances of "trials" found.
840 instances of "trials" found.
852 instances of "trials" found.
836 instances of "trials" found.
833 instances of "trials" found.
859 instances of "trials" found.
869 instances of "trials" found.
701 instances of "trials" found.
783 instances of "trials" found.
928 instances of "trials" found.
881 instances of "trials" found.
372 instances of "pharmacy" found.
337 instances of "pharmacy" found.
333 instances of "pharmacy" found.
309 instances of "pharmacy" found.
399 instances of "pharmacy" found.
327 instances of "pharmacy" found.
360 instances of "pharmacy" found.
390 instances of "pharmacy" found.
324 instances of "pharmacy" found.
289 instances of "pharmacy" found.
351 instances of "pharmacy" found.
344 instances of "pharmacy" found.
322 instances of "pharmacy" found.
327 instances of "pharmacy" found.
351 instances of "pharmacy" found.
318 instances of "pharmacy" found.
375 instances of "pharmacy" found.
355 instances of "pharmacy" found.
314 instances of "pharmacy" found.
363 instances of "pharmacy" found.
230 instances of "medicines" found.
263 instances of "medicines" found.
271 instances of "medicines" found.
311 instances of "medicines" found.
300 instances of "medicines" found.
227 instances of "medicines" found.
274 instances of "medicines" found.
295 instances of "medicines" found.
307 instances of "medicines" found.
301 instances of "medicines" found.
343 instances of "medicines" found.
338 instances of "medicines" found.
336 instances of "medicines" found.
338 instances of "medicines" found.
306 instances of "medicines" found.
291 instances of "medicines" found.
291 instances of "medicines" found.
304 instances of "medicines" found.
302 instances of "medicines" found.
286 instances of "medicines" found.
696 instances of "treatments" found.
677 instances of "treatments" found.
672 instances of "treatments" found.
678 instances of "treatments" found.
740 instances of "treatments" found.
727 instances of "treatments" found.
699 instances of "treatments" found.
693 instances of "treatments" found.
653 instances of "treatments" found.
774 instances of "treatments" found.
794 instances of "treatments" found.
691 instances of "treatments" found.
702 instances of "treatments" found.
675 instances of "treatments" found.
755 instances of "treatments" found.
692 instances of "treatments" found.
661 instances of "treatments" found.
705 instances of "treatments" found.
647 instances of "treatments" found.
718 instances of "treatments" found.
372 instances of "prescription" found.
388 instances of "prescription" found.
413 instances of "prescription" found.
426 instances of "prescription" found.
450 instances of "prescription" found.
399 instances of "prescription" found.
489 instances of "prescription" found.
368 instances of "prescription" found.
389 instances of "prescription" found.
409 instances of "prescription" found.
427 instances of "prescription" found.
449 instances of "prescription" found.
414 instances of "prescription" found.
358 instances of "prescription" found.
376 instances of "prescription" found.
349 instances of "prescription" found.
439 instances of "prescription" found.
377 instances of "prescription" found.
387 instances of "prescription" found.
419 instances of "prescription" found.
393 instances of "medications" found.
416 instances of "medications" found.
323 instances of "medications" found.
405 instances of "medications" found.
376 instances of "medications" found.
387 instances of "medications" found.
364 instances of "medications" found.
438 instances of "medications" found.
341 instances of "medications" found.
394 instances of "medications" found.
403 instances of "medications" found.
458 instances of "medications" found.
369 instances of "medications" found.
405 instances of "medications" found.
381 instances of "medications" found.
312 instances of "medications" found.
383 instances of "medications" found.
354 instances of "medications" found.
368 instances of "medications" found.
388 instances of "medications" found.
258 instances of "prescriptions" found.
219 instances of "prescriptions" found.
230 instances of "prescriptions" found.
328 instances of "prescriptions" found.
270 instances of "prescriptions" found.
227 instances of "prescriptions" found.
205 instances of "prescriptions" found.
255 instances of "prescriptions" found.
228 instances of "prescriptions" found.
225 instances of "prescriptions" found.
253 instances of "prescriptions" found.
283 instances of "prescriptions" found.
254 instances of "prescriptions" found.
229 instances of "prescriptions" found.
269 instances of "prescriptions" found.
228 instances of "prescriptions" found.
282 instances of "prescriptions" found.
281 instances of "prescriptions" found.
268 instances of "prescriptions" found.
235 instances of "prescriptions" found.
226 instances of "clinical-trials" found.
224 instances of "clinical-trials" found.
199 instances of "clinical-trials" found.
225 instances of "clinical-trials" found.
225 instances of "clinical-trials" found.
240 instances of "clinical-trials" found.
234 instances of "clinical-trials" found.
235 instances of "clinical-trials" found.
195 instances of "clinical-trials" found.
274 instances of "clinical-trials" found.
246 instances of "clinical-trials" found.
188 instances of "clinical-trials" found.
214 instances of "clinical-trials" found.
203 instances of "clinical-trials" found.
241 instances of "clinical-trials" found.
220 instances of "clinical-trials" found.
226 instances of "clinical-trials" found.
235 instances of "clinical-trials" found.
219 instances of "clinical-trials" found.
271 instances of "clinical-trials" found.
363 instances of "side-effects" found.
327 instances of "side-effects" found.
362 instances of "side-effects" found.
349 instances of "side-effects" found.
324 instances of "side-effects" found.
334 instances of "side-effects" found.
319 instances of "side-effects" found.
323 instances of "side-effects" found.
299 instances of "side-effects" found.
364 instances of "side-effects" found.
319 instances of "side-effects" found.
326 instances of "side-effects" found.
362 instances of "side-effects" found.
333 instances of "side-effects" found.
356 instances of "side-effects" found.
339 instances of "side-effects" found.
315 instances of "side-effects" found.
318 instances of "side-effects" found.
302 instances of "side-effects" found.
325 instances of "side-effects" found.
317 instances of "pill" found.
299 instances of "pill" found.
297 instances of "pill" found.
339 instances of "pill" found.
304 instances of "pill" found.
379 instances of "pill" found.
364 instances of "pill" found.
277 instances of "pill" found.
222 instances of "pill" found.
334 instances of "pill" found.
276 instances of "pill" found.
299 instances of "pill" found.
320 instances of "pill" found.
286 instances of "pill" found.
289 instances of "pill" found.
272 instances of "pill" found.
294 instances of "pill" found.
287 instances of "pill" found.
297 instances of "pill" found.
312 instances of "pill" found.
257 instances of "biotech" found.
312 instances of "biotech" found.
303 instances of "biotech" found.
271 instances of "biotech" found.
256 instances of "biotech" found.
251 instances of "biotech" found.
284 instances of "biotech" found.
278 instances of "biotech" found.
285 instances of "biotech" found.
294 instances of "biotech" found.
243 instances of "biotech" found.
211 instances of "biotech" found.
245 instances of "biotech" found.
247 instances of "biotech" found.
328 instances of "biotech" found.
292 instances of "biotech" found.
264 instances of "biotech" found.
274 instances of "biotech" found.
266 instances of "biotech" found.
264 instances of "biotech" found.
76 instances of "azt" found.
46 instances of "azt" found.
53 instances of "azt" found.
41 instances of "azt" found.
76 instances of "azt" found.
63 instances of "azt" found.
62 instances of "azt" found.
28 instances of "azt" found.
27 instances of "azt" found.
79 instances of "azt" found.
28 instances of "azt" found.
32 instances of "azt" found.
98 instances of "azt" found.
86 instances of "azt" found.
51 instances of "azt" found.
28 instances of "azt" found.
31 instances of "azt" found.
57 instances of "azt" found.
19 instances of "azt" found.
78 instances of "azt" found.
116 instances of "pharmaceutical-companies" found.
118 instances of "pharmaceutical-companies" found.
134 instances of "pharmaceutical-companies" found.
120 instances of "pharmaceutical-companies" found.
162 instances of "pharmaceutical-companies" found.
145 instances of "pharmaceutical-companies" found.
157 instances of "pharmaceutical-companies" found.
144 instances of "pharmaceutical-companies" found.
142 instances of "pharmaceutical-companies" found.
135 instances of "pharmaceutical-companies" found.
167 instances of "pharmaceutical-companies" found.
169 instances of "pharmaceutical-companies" found.
120 instances of "pharmaceutical-companies" found.
141 instances of "pharmaceutical-companies" found.
170 instances of "pharmaceutical-companies" found.
116 instances of "pharmaceutical-companies" found.
135 instances of "pharmaceutical-companies" found.
143 instances of "pharmaceutical-companies" found.
136 instances of "pharmaceutical-companies" found.
137 instances of "pharmaceutical-companies" found.
215 instances of "prescription-drugs" found.
192 instances of "prescription-drugs" found.
200 instances of "prescription-drugs" found.
206 instances of "prescription-drugs" found.
210 instances of "prescription-drugs" found.
179 instances of "prescription-drugs" found.
163 instances of "prescription-drugs" found.
182 instances of "prescription-drugs" found.
144 instances of "prescription-drugs" found.
195 instances of "prescription-drugs" found.
206 instances of "prescription-drugs" found.
180 instances of "prescription-drugs" found.
174 instances of "prescription-drugs" found.
197 instances of "prescription-drugs" found.
203 instances of "prescription-drugs" found.
179 instances of "prescription-drugs" found.
180 instances of "prescription-drugs" found.
188 instances of "prescription-drugs" found.
185 instances of "prescription-drugs" found.
182 instances of "prescription-drugs" found.
190 instances of "pharmacies" found.
177 instances of "pharmacies" found.
203 instances of "pharmacies" found.
202 instances of "pharmacies" found.
236 instances of "pharmacies" found.
187 instances of "pharmacies" found.
159 instances of "pharmacies" found.
233 instances of "pharmacies" found.
183 instances of "pharmacies" found.
170 instances of "pharmacies" found.
184 instances of "pharmacies" found.
215 instances of "pharmacies" found.
191 instances of "pharmacies" found.
220 instances of "pharmacies" found.
209 instances of "pharmacies" found.
192 instances of "pharmacies" found.
258 instances of "pharmacies" found.
168 instances of "pharmacies" found.
171 instances of "pharmacies" found.
222 instances of "pharmacies" found.
76 instances of "biogen" found.
73 instances of "biogen" found.
126 instances of "biogen" found.
68 instances of "biogen" found.
135 instances of "biogen" found.
82 instances of "biogen" found.
121 instances of "biogen" found.
105 instances of "biogen" found.
48 instances of "biogen" found.
77 instances of "biogen" found.
51 instances of "biogen" found.
139 instances of "biogen" found.
131 instances of "biogen" found.
94 instances of "biogen" found.
143 instances of "biogen" found.
92 instances of "biogen" found.
56 instances of "biogen" found.
81 instances of "biogen" found.
112 instances of "biogen" found.
102 instances of "biogen" found.
200 instances of "genentech" found.
140 instances of "genentech" found.
127 instances of "genentech" found.
98 instances of "genentech" found.
107 instances of "genentech" found.
149 instances of "genentech" found.
127 instances of "genentech" found.
156 instances of "genentech" found.
118 instances of "genentech" found.
148 instances of "genentech" found.
112 instances of "genentech" found.
119 instances of "genentech" found.
145 instances of "genentech" found.
152 instances of "genentech" found.
158 instances of "genentech" found.
220 instances of "genentech" found.
126 instances of "genentech" found.
124 instances of "genentech" found.
129 instances of "genentech" found.
108 instances of "genentech" found.
12 instances of "psychedelics" found.
28 instances of "psychedelics" found.
29 instances of "psychedelics" found.
20 instances of "psychedelics" found.
12 instances of "psychedelics" found.
18 instances of "psychedelics" found.
22 instances of "psychedelics" found.
45 instances of "psychedelics" found.
8 instances of "psychedelics" found.
14 instances of "psychedelics" found.
18 instances of "psychedelics" found.
57 instances of "psychedelics" found.
4 instances of "psychedelics" found.
7 instances of "psychedelics" found.
17 instances of "psychedelics" found.
18 instances of "psychedelics" found.
16 instances of "psychedelics" found.
56 instances of "psychedelics" found.
10 instances of "psychedelics" found.
38 instances of "psychedelics" found.
282 instances of "alzheimer" found.
296 instances of "alzheimer" found.
273 instances of "alzheimer" found.
309 instances of "alzheimer" found.
338 instances of "alzheimer" found.
282 instances of "alzheimer" found.
263 instances of "alzheimer" found.
289 instances of "alzheimer" found.
257 instances of "alzheimer" found.
283 instances of "alzheimer" found.
299 instances of "alzheimer" found.
230 instances of "alzheimer" found.
298 instances of "alzheimer" found.
279 instances of "alzheimer" found.
297 instances of "alzheimer" found.
320 instances of "alzheimer" found.
311 instances of "alzheimer" found.
251 instances of "alzheimer" found.
346 instances of "alzheimer" found.
252 instances of "alzheimer" found.
103 instances of "astrazeneca" found.
135 instances of "astrazeneca" found.
136 instances of "astrazeneca" found.
131 instances of "astrazeneca" found.
129 instances of "astrazeneca" found.
156 instances of "astrazeneca" found.
116 instances of "astrazeneca" found.
136 instances of "astrazeneca" found.
138 instances of "astrazeneca" found.
159 instances of "astrazeneca" found.
117 instances of "astrazeneca" found.
117 instances of "astrazeneca" found.
112 instances of "astrazeneca" found.
102 instances of "astrazeneca" found.
132 instances of "astrazeneca" found.
160 instances of "astrazeneca" found.
93 instances of "astrazeneca" found.
156 instances of "astrazeneca" found.
169 instances of "astrazeneca" found.
99 instances of "astrazeneca" found.
478 instances of "over-the-counter" found.
450 instances of "over-the-counter" found.
425 instances of "over-the-counter" found.
485 instances of "over-the-counter" found.
443 instances of "over-the-counter" found.
404 instances of "over-the-counter" found.
403 instances of "over-the-counter" found.
404 instances of "over-the-counter" found.
431 instances of "over-the-counter" found.
467 instances of "over-the-counter" found.
485 instances of "over-the-counter" found.
451 instances of "over-the-counter" found.
453 instances of "over-the-counter" found.
468 instances of "over-the-counter" found.
403 instances of "over-the-counter" found.
435 instances of "over-the-counter" found.
435 instances of "over-the-counter" found.
452 instances of "over-the-counter" found.
442 instances of "over-the-counter" found.
458 instances of "over-the-counter" found.
141 instances of "eli-lilly" found.
114 instances of "eli-lilly" found.
114 instances of "eli-lilly" found.
148 instances of "eli-lilly" found.
93 instances of "eli-lilly" found.
118 instances of "eli-lilly" found.
137 instances of "eli-lilly" found.
107 instances of "eli-lilly" found.
104 instances of "eli-lilly" found.
105 instances of "eli-lilly" found.
137 instances of "eli-lilly" found.
97 instances of "eli-lilly" found.
105 instances of "eli-lilly" found.
137 instances of "eli-lilly" found.
134 instances of "eli-lilly" found.
107 instances of "eli-lilly" found.
131 instances of "eli-lilly" found.
119 instances of "eli-lilly" found.
127 instances of "eli-lilly" found.
116 instances of "eli-lilly" found.
4 instances of "mdma" found.
24 instances of "mdma" found.
5 instances of "mdma" found.
11 instances of "mdma" found.
11 instances of "mdma" found.
18 instances of "mdma" found.
15 instances of "mdma" found.
4 instances of "mdma" found.
3 instances of "mdma" found.
2 instances of "mdma" found.
48 instances of "mdma" found.
65 instances of "mdma" found.
2 instances of "mdma" found.
30 instances of "mdma" found.
8 instances of "mdma" found.
4 instances of "mdma" found.
6 instances of "mdma" found.
42 instances of "mdma" found.
4 instances of "mdma" found.
47 instances of "mdma" found.
139 instances of "clinical-trial" found.
126 instances of "clinical-trial" found.
100 instances of "clinical-trial" found.
119 instances of "clinical-trial" found.
119 instances of "clinical-trial" found.
110 instances of "clinical-trial" found.
127 instances of "clinical-trial" found.
108 instances of "clinical-trial" found.
119 instances of "clinical-trial" found.
125 instances of "clinical-trial" found.
119 instances of "clinical-trial" found.
127 instances of "clinical-trial" found.
124 instances of "clinical-trial" found.
117 instances of "clinical-trial" found.
123 instances of "clinical-trial" found.
120 instances of "clinical-trial" found.
109 instances of "clinical-trial" found.
124 instances of "clinical-trial" found.
100 instances of "clinical-trial" found.
128 instances of "clinical-trial" found.
Saved topic: 227
