conText v3.0.1 successfully loaded. Note this version of the package comes with significant changes to the conText() function.
                        See Quick Start Guide for help getting started and instructions for accessing older versions of the package:
 https://github.com/prodriguezsosa/conText/blob/master/vignettes/quickstart.md
Package version: 4.3.1
Unicode version: 15.1
ICU version: 74.2
Parallel computing: 2 of 2 threads used.
See https://quanteda.io for tutorials and examples.

Attaching package: 'dplyr'

The following objects are masked from 'package:stats':

    filter, lag

The following objects are masked from 'package:base':

    intersect, setdiff, setequal, union

Task 71 -> topic: 185
Processing topic: 185
3275 instances of "prison" found.
3199 instances of "prison" found.
3343 instances of "prison" found.
3379 instances of "prison" found.
3132 instances of "prison" found.
3276 instances of "prison" found.
3133 instances of "prison" found.
3142 instances of "prison" found.
3445 instances of "prison" found.
3161 instances of "prison" found.
3195 instances of "prison" found.
3189 instances of "prison" found.
3411 instances of "prison" found.
3282 instances of "prison" found.
3196 instances of "prison" found.
3166 instances of "prison" found.
3111 instances of "prison" found.
3076 instances of "prison" found.
3340 instances of "prison" found.
3204 instances of "prison" found.
1540 instances of "jail" found.
1531 instances of "jail" found.
1564 instances of "jail" found.
1637 instances of "jail" found.
1577 instances of "jail" found.
1491 instances of "jail" found.
1567 instances of "jail" found.
1507 instances of "jail" found.
1603 instances of "jail" found.
1483 instances of "jail" found.
1583 instances of "jail" found.
1482 instances of "jail" found.
1578 instances of "jail" found.
1580 instances of "jail" found.
1599 instances of "jail" found.
1472 instances of "jail" found.
1518 instances of "jail" found.
1459 instances of "jail" found.
1377 instances of "jail" found.
1581 instances of "jail" found.
758 instances of "prisoners" found.
849 instances of "prisoners" found.
853 instances of "prisoners" found.
819 instances of "prisoners" found.
796 instances of "prisoners" found.
807 instances of "prisoners" found.
783 instances of "prisoners" found.
798 instances of "prisoners" found.
851 instances of "prisoners" found.
795 instances of "prisoners" found.
809 instances of "prisoners" found.
783 instances of "prisoners" found.
808 instances of "prisoners" found.
765 instances of "prisoners" found.
819 instances of "prisoners" found.
898 instances of "prisoners" found.
742 instances of "prisoners" found.
723 instances of "prisoners" found.
792 instances of "prisoners" found.
781 instances of "prisoners" found.
865 instances of "inmates" found.
688 instances of "inmates" found.
844 instances of "inmates" found.
752 instances of "inmates" found.
678 instances of "inmates" found.
722 instances of "inmates" found.
795 instances of "inmates" found.
664 instances of "inmates" found.
871 instances of "inmates" found.
754 instances of "inmates" found.
724 instances of "inmates" found.
775 instances of "inmates" found.
870 instances of "inmates" found.
687 instances of "inmates" found.
787 instances of "inmates" found.
724 instances of "inmates" found.
754 instances of "inmates" found.
713 instances of "inmates" found.
704 instances of "inmates" found.
795 instances of "inmates" found.
760 instances of "rape" found.
749 instances of "rape" found.
770 instances of "rape" found.
755 instances of "rape" found.
687 instances of "rape" found.
696 instances of "rape" found.
904 instances of "rape" found.
653 instances of "rape" found.
675 instances of "rape" found.
644 instances of "rape" found.
726 instances of "rape" found.
645 instances of "rape" found.
685 instances of "rape" found.
776 instances of "rape" found.
685 instances of "rape" found.
633 instances of "rape" found.
743 instances of "rape" found.
739 instances of "rape" found.
732 instances of "rape" found.
705 instances of "rape" found.
1242 instances of "sentence" found.
1210 instances of "sentence" found.
1161 instances of "sentence" found.
1222 instances of "sentence" found.
1290 instances of "sentence" found.
1148 instances of "sentence" found.
1251 instances of "sentence" found.
1244 instances of "sentence" found.
1276 instances of "sentence" found.
1200 instances of "sentence" found.
1275 instances of "sentence" found.
1138 instances of "sentence" found.
1264 instances of "sentence" found.
1220 instances of "sentence" found.
1323 instances of "sentence" found.
1251 instances of "sentence" found.
1246 instances of "sentence" found.
1207 instances of "sentence" found.
1195 instances of "sentence" found.
1116 instances of "sentence" found.
598 instances of "punishment" found.
636 instances of "punishment" found.
685 instances of "punishment" found.
667 instances of "punishment" found.
677 instances of "punishment" found.
603 instances of "punishment" found.
701 instances of "punishment" found.
587 instances of "punishment" found.
665 instances of "punishment" found.
659 instances of "punishment" found.
605 instances of "punishment" found.
709 instances of "punishment" found.
693 instances of "punishment" found.
663 instances of "punishment" found.
748 instances of "punishment" found.
612 instances of "punishment" found.
674 instances of "punishment" found.
593 instances of "punishment" found.
666 instances of "punishment" found.
654 instances of "punishment" found.
407 instances of "prisons" found.
437 instances of "prisons" found.
380 instances of "prisons" found.
402 instances of "prisons" found.
399 instances of "prisons" found.
408 instances of "prisons" found.
407 instances of "prisons" found.
429 instances of "prisons" found.
427 instances of "prisons" found.
420 instances of "prisons" found.
421 instances of "prisons" found.
506 instances of "prisons" found.
451 instances of "prisons" found.
371 instances of "prisons" found.
425 instances of "prisons" found.
422 instances of "prisons" found.
414 instances of "prisons" found.
355 instances of "prisons" found.
455 instances of "prisons" found.
442 instances of "prisons" found.
468 instances of "death-penalty" found.
481 instances of "death-penalty" found.
499 instances of "death-penalty" found.
522 instances of "death-penalty" found.
498 instances of "death-penalty" found.
515 instances of "death-penalty" found.
532 instances of "death-penalty" found.
482 instances of "death-penalty" found.
509 instances of "death-penalty" found.
551 instances of "death-penalty" found.
411 instances of "death-penalty" found.
593 instances of "death-penalty" found.
521 instances of "death-penalty" found.
525 instances of "death-penalty" found.
524 instances of "death-penalty" found.
449 instances of "death-penalty" found.
521 instances of "death-penalty" found.
413 instances of "death-penalty" found.
594 instances of "death-penalty" found.
521 instances of "death-penalty" found.
603 instances of "detention" found.
574 instances of "detention" found.
593 instances of "detention" found.
568 instances of "detention" found.
561 instances of "detention" found.
609 instances of "detention" found.
515 instances of "detention" found.
542 instances of "detention" found.
688 instances of "detention" found.
678 instances of "detention" found.
554 instances of "detention" found.
602 instances of "detention" found.
587 instances of "detention" found.
561 instances of "detention" found.
564 instances of "detention" found.
569 instances of "detention" found.
600 instances of "detention" found.
567 instances of "detention" found.
608 instances of "detention" found.
554 instances of "detention" found.
516 instances of "execution" found.
532 instances of "execution" found.
532 instances of "execution" found.
473 instances of "execution" found.
475 instances of "execution" found.
526 instances of "execution" found.
610 instances of "execution" found.
472 instances of "execution" found.
552 instances of "execution" found.
583 instances of "execution" found.
496 instances of "execution" found.
505 instances of "execution" found.
505 instances of "execution" found.
577 instances of "execution" found.
484 instances of "execution" found.
497 instances of "execution" found.
510 instances of "execution" found.
543 instances of "execution" found.
516 instances of "execution" found.
559 instances of "execution" found.
546 instances of "sentences" found.
550 instances of "sentences" found.
550 instances of "sentences" found.
576 instances of "sentences" found.
592 instances of "sentences" found.
583 instances of "sentences" found.
679 instances of "sentences" found.
528 instances of "sentences" found.
604 instances of "sentences" found.
578 instances of "sentences" found.
593 instances of "sentences" found.
545 instances of "sentences" found.
624 instances of "sentences" found.
603 instances of "sentences" found.
613 instances of "sentences" found.
525 instances of "sentences" found.
547 instances of "sentences" found.
491 instances of "sentences" found.
597 instances of "sentences" found.
496 instances of "sentences" found.
293 instances of "inmate" found.
288 instances of "inmate" found.
306 instances of "inmate" found.
274 instances of "inmate" found.
251 instances of "inmate" found.
237 instances of "inmate" found.
256 instances of "inmate" found.
241 instances of "inmate" found.
322 instances of "inmate" found.
273 instances of "inmate" found.
262 instances of "inmate" found.
303 instances of "inmate" found.
313 instances of "inmate" found.
294 instances of "inmate" found.
330 instances of "inmate" found.
279 instances of "inmate" found.
295 instances of "inmate" found.
256 instances of "inmate" found.
282 instances of "inmate" found.
288 instances of "inmate" found.
461 instances of "parole" found.
350 instances of "parole" found.
423 instances of "parole" found.
350 instances of "parole" found.
384 instances of "parole" found.
389 instances of "parole" found.
374 instances of "parole" found.
366 instances of "parole" found.
389 instances of "parole" found.
387 instances of "parole" found.
416 instances of "parole" found.
438 instances of "parole" found.
402 instances of "parole" found.
456 instances of "parole" found.
331 instances of "parole" found.
367 instances of "parole" found.
452 instances of "parole" found.
414 instances of "parole" found.
346 instances of "parole" found.
329 instances of "parole" found.
349 instances of "prisoner" found.
349 instances of "prisoner" found.
335 instances of "prisoner" found.
383 instances of "prisoner" found.
331 instances of "prisoner" found.
324 instances of "prisoner" found.
348 instances of "prisoner" found.
325 instances of "prisoner" found.
357 instances of "prisoner" found.
385 instances of "prisoner" found.
344 instances of "prisoner" found.
322 instances of "prisoner" found.
320 instances of "prisoner" found.
359 instances of "prisoner" found.
371 instances of "prisoner" found.
374 instances of "prisoner" found.
372 instances of "prisoner" found.
294 instances of "prisoner" found.
332 instances of "prisoner" found.
355 instances of "prisoner" found.
364 instances of "offenders" found.
392 instances of "offenders" found.
391 instances of "offenders" found.
356 instances of "offenders" found.
343 instances of "offenders" found.
365 instances of "offenders" found.
372 instances of "offenders" found.
348 instances of "offenders" found.
417 instances of "offenders" found.
408 instances of "offenders" found.
333 instances of "offenders" found.
328 instances of "offenders" found.
361 instances of "offenders" found.
391 instances of "offenders" found.
374 instances of "offenders" found.
382 instances of "offenders" found.
313 instances of "offenders" found.
341 instances of "offenders" found.
341 instances of "offenders" found.
356 instances of "offenders" found.
642 instances of "guards" found.
681 instances of "guards" found.
616 instances of "guards" found.
699 instances of "guards" found.
730 instances of "guards" found.
658 instances of "guards" found.
634 instances of "guards" found.
634 instances of "guards" found.
704 instances of "guards" found.
634 instances of "guards" found.
590 instances of "guards" found.
652 instances of "guards" found.
676 instances of "guards" found.
753 instances of "guards" found.
644 instances of "guards" found.
636 instances of "guards" found.
640 instances of "guards" found.
614 instances of "guards" found.
755 instances of "guards" found.
677 instances of "guards" found.
313 instances of "detainees" found.
334 instances of "detainees" found.
276 instances of "detainees" found.
371 instances of "detainees" found.
268 instances of "detainees" found.
341 instances of "detainees" found.
271 instances of "detainees" found.
281 instances of "detainees" found.
329 instances of "detainees" found.
415 instances of "detainees" found.
388 instances of "detainees" found.
269 instances of "detainees" found.
372 instances of "detainees" found.
269 instances of "detainees" found.
240 instances of "detainees" found.
433 instances of "detainees" found.
352 instances of "detainees" found.
295 instances of "detainees" found.
325 instances of "detainees" found.
376 instances of "detainees" found.
335 instances of "torture" found.
385 instances of "torture" found.
410 instances of "torture" found.
371 instances of "torture" found.
370 instances of "torture" found.
395 instances of "torture" found.
367 instances of "torture" found.
330 instances of "torture" found.
411 instances of "torture" found.
360 instances of "torture" found.
404 instances of "torture" found.
382 instances of "torture" found.
327 instances of "torture" found.
368 instances of "torture" found.
345 instances of "torture" found.
369 instances of "torture" found.
381 instances of "torture" found.
377 instances of "torture" found.
370 instances of "torture" found.
352 instances of "torture" found.
428 instances of "criminal-justice" found.
404 instances of "criminal-justice" found.
443 instances of "criminal-justice" found.
420 instances of "criminal-justice" found.
436 instances of "criminal-justice" found.
425 instances of "criminal-justice" found.
437 instances of "criminal-justice" found.
392 instances of "criminal-justice" found.
393 instances of "criminal-justice" found.
380 instances of "criminal-justice" found.
446 instances of "criminal-justice" found.
412 instances of "criminal-justice" found.
429 instances of "criminal-justice" found.
380 instances of "criminal-justice" found.
423 instances of "criminal-justice" found.
410 instances of "criminal-justice" found.
352 instances of "criminal-justice" found.
388 instances of "criminal-justice" found.
371 instances of "criminal-justice" found.
398 instances of "criminal-justice" found.
506 instances of "sexual-assault" found.
469 instances of "sexual-assault" found.
497 instances of "sexual-assault" found.
483 instances of "sexual-assault" found.
427 instances of "sexual-assault" found.
419 instances of "sexual-assault" found.
467 instances of "sexual-assault" found.
447 instances of "sexual-assault" found.
372 instances of "sexual-assault" found.
496 instances of "sexual-assault" found.
418 instances of "sexual-assault" found.
359 instances of "sexual-assault" found.
464 instances of "sexual-assault" found.
456 instances of "sexual-assault" found.
477 instances of "sexual-assault" found.
457 instances of "sexual-assault" found.
387 instances of "sexual-assault" found.
382 instances of "sexual-assault" found.
413 instances of "sexual-assault" found.
435 instances of "sexual-assault" found.
250 instances of "correctional" found.
212 instances of "correctional" found.
210 instances of "correctional" found.
191 instances of "correctional" found.
191 instances of "correctional" found.
204 instances of "correctional" found.
186 instances of "correctional" found.
184 instances of "correctional" found.
222 instances of "correctional" found.
192 instances of "correctional" found.
181 instances of "correctional" found.
220 instances of "correctional" found.
207 instances of "correctional" found.
235 instances of "correctional" found.
176 instances of "correctional" found.
183 instances of "correctional" found.
178 instances of "correctional" found.
204 instances of "correctional" found.
170 instances of "correctional" found.
184 instances of "correctional" found.
487 instances of "criminals" found.
556 instances of "criminals" found.
517 instances of "criminals" found.
518 instances of "criminals" found.
501 instances of "criminals" found.
483 instances of "criminals" found.
455 instances of "criminals" found.
516 instances of "criminals" found.
516 instances of "criminals" found.
470 instances of "criminals" found.
549 instances of "criminals" found.
443 instances of "criminals" found.
513 instances of "criminals" found.
472 instances of "criminals" found.
529 instances of "criminals" found.
520 instances of "criminals" found.
471 instances of "criminals" found.
484 instances of "criminals" found.
474 instances of "criminals" found.
442 instances of "criminals" found.
369 instances of "offenses" found.
374 instances of "offenses" found.
397 instances of "offenses" found.
419 instances of "offenses" found.
384 instances of "offenses" found.
416 instances of "offenses" found.
406 instances of "offenses" found.
355 instances of "offenses" found.
431 instances of "offenses" found.
402 instances of "offenses" found.
434 instances of "offenses" found.
400 instances of "offenses" found.
394 instances of "offenses" found.
387 instances of "offenses" found.
411 instances of "offenses" found.
406 instances of "offenses" found.
418 instances of "offenses" found.
404 instances of "offenses" found.
400 instances of "offenses" found.
391 instances of "offenses" found.
501 instances of "probation" found.
341 instances of "probation" found.
432 instances of "probation" found.
442 instances of "probation" found.
386 instances of "probation" found.
409 instances of "probation" found.
427 instances of "probation" found.
421 instances of "probation" found.
391 instances of "probation" found.
429 instances of "probation" found.
451 instances of "probation" found.
381 instances of "probation" found.
428 instances of "probation" found.
427 instances of "probation" found.
414 instances of "probation" found.
439 instances of "probation" found.
387 instances of "probation" found.
377 instances of "probation" found.
395 instances of "probation" found.
403 instances of "probation" found.
421 instances of "detained" found.
457 instances of "detained" found.
394 instances of "detained" found.
424 instances of "detained" found.
462 instances of "detained" found.
424 instances of "detained" found.
421 instances of "detained" found.
387 instances of "detained" found.
431 instances of "detained" found.
425 instances of "detained" found.
394 instances of "detained" found.
399 instances of "detained" found.
417 instances of "detained" found.
419 instances of "detained" found.
413 instances of "detained" found.
402 instances of "detained" found.
404 instances of "detained" found.
433 instances of "detained" found.
431 instances of "detained" found.
415 instances of "detained" found.
239 instances of "raped" found.
208 instances of "raped" found.
261 instances of "raped" found.
242 instances of "raped" found.
201 instances of "raped" found.
230 instances of "raped" found.
256 instances of "raped" found.
232 instances of "raped" found.
189 instances of "raped" found.
207 instances of "raped" found.
272 instances of "raped" found.
212 instances of "raped" found.
189 instances of "raped" found.
214 instances of "raped" found.
226 instances of "raped" found.
201 instances of "raped" found.
216 instances of "raped" found.
241 instances of "raped" found.
230 instances of "raped" found.
211 instances of "raped" found.
143 instances of "jails" found.
143 instances of "jails" found.
149 instances of "jails" found.
155 instances of "jails" found.
199 instances of "jails" found.
146 instances of "jails" found.
195 instances of "jails" found.
149 instances of "jails" found.
147 instances of "jails" found.
149 instances of "jails" found.
213 instances of "jails" found.
170 instances of "jails" found.
160 instances of "jails" found.
142 instances of "jails" found.
162 instances of "jails" found.
174 instances of "jails" found.
143 instances of "jails" found.
134 instances of "jails" found.
147 instances of "jails" found.
173 instances of "jails" found.
218 instances of "imprisoned" found.
215 instances of "imprisoned" found.
181 instances of "imprisoned" found.
218 instances of "imprisoned" found.
223 instances of "imprisoned" found.
233 instances of "imprisoned" found.
190 instances of "imprisoned" found.
207 instances of "imprisoned" found.
244 instances of "imprisoned" found.
226 instances of "imprisoned" found.
231 instances of "imprisoned" found.
202 instances of "imprisoned" found.
243 instances of "imprisoned" found.
219 instances of "imprisoned" found.
199 instances of "imprisoned" found.
211 instances of "imprisoned" found.
200 instances of "imprisoned" found.
235 instances of "imprisoned" found.
228 instances of "imprisoned" found.
226 instances of "imprisoned" found.
141 instances of "incarcerated" found.
147 instances of "incarcerated" found.
158 instances of "incarcerated" found.
133 instances of "incarcerated" found.
168 instances of "incarcerated" found.
128 instances of "incarcerated" found.
142 instances of "incarcerated" found.
134 instances of "incarcerated" found.
136 instances of "incarcerated" found.
108 instances of "incarcerated" found.
144 instances of "incarcerated" found.
119 instances of "incarcerated" found.
133 instances of "incarcerated" found.
133 instances of "incarcerated" found.
115 instances of "incarcerated" found.
150 instances of "incarcerated" found.
116 instances of "incarcerated" found.
134 instances of "incarcerated" found.
133 instances of "incarcerated" found.
141 instances of "incarcerated" found.
400 instances of "murders" found.
343 instances of "murders" found.
374 instances of "murders" found.
354 instances of "murders" found.
330 instances of "murders" found.
332 instances of "murders" found.
312 instances of "murders" found.
367 instances of "murders" found.
353 instances of "murders" found.
340 instances of "murders" found.
345 instances of "murders" found.
330 instances of "murders" found.
343 instances of "murders" found.
308 instances of "murders" found.
340 instances of "murders" found.
355 instances of "murders" found.
330 instances of "murders" found.
364 instances of "murders" found.
304 instances of "murders" found.
323 instances of "murders" found.
139 instances of "executions" found.
148 instances of "executions" found.
114 instances of "executions" found.
104 instances of "executions" found.
127 instances of "executions" found.
161 instances of "executions" found.
176 instances of "executions" found.
99 instances of "executions" found.
198 instances of "executions" found.
190 instances of "executions" found.
150 instances of "executions" found.
152 instances of "executions" found.
150 instances of "executions" found.
139 instances of "executions" found.
141 instances of "executions" found.
159 instances of "executions" found.
137 instances of "executions" found.
107 instances of "executions" found.
164 instances of "executions" found.
177 instances of "executions" found.
112 instances of "rikers" found.
83 instances of "rikers" found.
94 instances of "rikers" found.
69 instances of "rikers" found.
179 instances of "rikers" found.
74 instances of "rikers" found.
80 instances of "rikers" found.
132 instances of "rikers" found.
89 instances of "rikers" found.
79 instances of "rikers" found.
164 instances of "rikers" found.
132 instances of "rikers" found.
97 instances of "rikers" found.
106 instances of "rikers" found.
79 instances of "rikers" found.
143 instances of "rikers" found.
112 instances of "rikers" found.
112 instances of "rikers" found.
94 instances of "rikers" found.
98 instances of "rikers" found.
238 instances of "pardon" found.
234 instances of "pardon" found.
217 instances of "pardon" found.
284 instances of "pardon" found.
275 instances of "pardon" found.
228 instances of "pardon" found.
256 instances of "pardon" found.
179 instances of "pardon" found.
278 instances of "pardon" found.
174 instances of "pardon" found.
238 instances of "pardon" found.
242 instances of "pardon" found.
275 instances of "pardon" found.
179 instances of "pardon" found.
198 instances of "pardon" found.
244 instances of "pardon" found.
188 instances of "pardon" found.
181 instances of "pardon" found.
227 instances of "pardon" found.
162 instances of "pardon" found.
178 instances of "imprisonment" found.
160 instances of "imprisonment" found.
146 instances of "imprisonment" found.
138 instances of "imprisonment" found.
155 instances of "imprisonment" found.
131 instances of "imprisonment" found.
157 instances of "imprisonment" found.
161 instances of "imprisonment" found.
170 instances of "imprisonment" found.
159 instances of "imprisonment" found.
173 instances of "imprisonment" found.
148 instances of "imprisonment" found.
141 instances of "imprisonment" found.
156 instances of "imprisonment" found.
139 instances of "imprisonment" found.
143 instances of "imprisonment" found.
176 instances of "imprisonment" found.
140 instances of "imprisonment" found.
156 instances of "imprisonment" found.
154 instances of "imprisonment" found.
133 instances of "incarceration" found.
173 instances of "incarceration" found.
154 instances of "incarceration" found.
184 instances of "incarceration" found.
172 instances of "incarceration" found.
157 instances of "incarceration" found.
155 instances of "incarceration" found.
173 instances of "incarceration" found.
160 instances of "incarceration" found.
182 instances of "incarceration" found.
175 instances of "incarceration" found.
165 instances of "incarceration" found.
188 instances of "incarceration" found.
177 instances of "incarceration" found.
144 instances of "incarceration" found.
158 instances of "incarceration" found.
172 instances of "incarceration" found.
139 instances of "incarceration" found.
131 instances of "incarceration" found.
136 instances of "incarceration" found.
118 instances of "offender" found.
121 instances of "offender" found.
154 instances of "offender" found.
157 instances of "offender" found.
136 instances of "offender" found.
124 instances of "offender" found.
138 instances of "offender" found.
124 instances of "offender" found.
129 instances of "offender" found.
168 instances of "offender" found.
166 instances of "offender" found.
146 instances of "offender" found.
124 instances of "offender" found.
160 instances of "offender" found.
135 instances of "offender" found.
191 instances of "offender" found.
113 instances of "offender" found.
146 instances of "offender" found.
133 instances of "offender" found.
168 instances of "offender" found.
299 instances of "prosecuted" found.
244 instances of "prosecuted" found.
295 instances of "prosecuted" found.
257 instances of "prosecuted" found.
246 instances of "prosecuted" found.
284 instances of "prosecuted" found.
233 instances of "prosecuted" found.
242 instances of "prosecuted" found.
272 instances of "prosecuted" found.
234 instances of "prosecuted" found.
288 instances of "prosecuted" found.
294 instances of "prosecuted" found.
268 instances of "prosecuted" found.
271 instances of "prosecuted" found.
274 instances of "prosecuted" found.
270 instances of "prosecuted" found.
295 instances of "prosecuted" found.
242 instances of "prosecuted" found.
267 instances of "prosecuted" found.
259 instances of "prosecuted" found.
124 instances of "clemency" found.
90 instances of "clemency" found.
123 instances of "clemency" found.
139 instances of "clemency" found.
125 instances of "clemency" found.
93 instances of "clemency" found.
86 instances of "clemency" found.
69 instances of "clemency" found.
145 instances of "clemency" found.
51 instances of "clemency" found.
96 instances of "clemency" found.
67 instances of "clemency" found.
97 instances of "clemency" found.
71 instances of "clemency" found.
113 instances of "clemency" found.
41 instances of "clemency" found.
71 instances of "clemency" found.
85 instances of "clemency" found.
64 instances of "clemency" found.
84 instances of "clemency" found.
106 instances of "behind-bars" found.
132 instances of "behind-bars" found.
107 instances of "behind-bars" found.
135 instances of "behind-bars" found.
118 instances of "behind-bars" found.
109 instances of "behind-bars" found.
110 instances of "behind-bars" found.
128 instances of "behind-bars" found.
139 instances of "behind-bars" found.
108 instances of "behind-bars" found.
100 instances of "behind-bars" found.
95 instances of "behind-bars" found.
124 instances of "behind-bars" found.
158 instances of "behind-bars" found.
94 instances of "behind-bars" found.
117 instances of "behind-bars" found.
120 instances of "behind-bars" found.
117 instances of "behind-bars" found.
123 instances of "behind-bars" found.
124 instances of "behind-bars" found.
182 instances of "prosecutions" found.
211 instances of "prosecutions" found.
226 instances of "prosecutions" found.
200 instances of "prosecutions" found.
190 instances of "prosecutions" found.
198 instances of "prosecutions" found.
193 instances of "prosecutions" found.
192 instances of "prosecutions" found.
188 instances of "prosecutions" found.
157 instances of "prosecutions" found.
158 instances of "prosecutions" found.
173 instances of "prosecutions" found.
189 instances of "prosecutions" found.
166 instances of "prosecutions" found.
160 instances of "prosecutions" found.
180 instances of "prosecutions" found.
179 instances of "prosecutions" found.
203 instances of "prosecutions" found.
171 instances of "prosecutions" found.
183 instances of "prosecutions" found.
145 instances of "violent-crime" found.
199 instances of "violent-crime" found.
172 instances of "violent-crime" found.
193 instances of "violent-crime" found.
175 instances of "violent-crime" found.
172 instances of "violent-crime" found.
208 instances of "violent-crime" found.
144 instances of "violent-crime" found.
181 instances of "violent-crime" found.
168 instances of "violent-crime" found.
170 instances of "violent-crime" found.
167 instances of "violent-crime" found.
180 instances of "violent-crime" found.
173 instances of "violent-crime" found.
153 instances of "violent-crime" found.
202 instances of "violent-crime" found.
175 instances of "violent-crime" found.
156 instances of "violent-crime" found.
144 instances of "violent-crime" found.
159 instances of "violent-crime" found.
113 instances of "felons" found.
98 instances of "felons" found.
102 instances of "felons" found.
83 instances of "felons" found.
78 instances of "felons" found.
123 instances of "felons" found.
74 instances of "felons" found.
96 instances of "felons" found.
134 instances of "felons" found.
168 instances of "felons" found.
86 instances of "felons" found.
116 instances of "felons" found.
89 instances of "felons" found.
97 instances of "felons" found.
115 instances of "felons" found.
102 instances of "felons" found.
108 instances of "felons" found.
96 instances of "felons" found.
69 instances of "felons" found.
107 instances of "felons" found.
93 instances of "raping" found.
98 instances of "raping" found.
91 instances of "raping" found.
77 instances of "raping" found.
88 instances of "raping" found.
72 instances of "raping" found.
85 instances of "raping" found.
80 instances of "raping" found.
70 instances of "raping" found.
81 instances of "raping" found.
100 instances of "raping" found.
71 instances of "raping" found.
70 instances of "raping" found.
90 instances of "raping" found.
94 instances of "raping" found.
74 instances of "raping" found.
64 instances of "raping" found.
108 instances of "raping" found.
78 instances of "raping" found.
98 instances of "raping" found.
Saved topic: 185
